lockstep_s7_dbg_storm: verdict: PASS reason: no collected failure mechanism; end marker and config banner present  uvm_err=1
end 04:02:15Z
urg lockstep_s7_dbg_storm exit=0 dashboard.txt groups.txt grpinfo.txt session.xml tests.txt 
lockstep_irq_storm: verdict: PASS reason: no collected failure mechanism; end marker and config banner present  uvm_err=1
end 04:02:24Z
urg lockstep_irq_storm exit=0 dashboard.txt groups.txt grpinfo.txt session.xml tests.txt 
lockstep_muldiv: verdict: PASS reason: no collected failure mechanism; end marker and config banner present  uvm_err=1
end 04:02:35Z
urg lockstep_muldiv exit=0 dashboard.txt groups.txt grpinfo.txt session.xml tests.txt 
lockstep_muldiv_fast: verdict: PASS reason: no collected failure mechanism; end marker and config banner present  uvm_err=1
end 04:02:41Z
urg lockstep_muldiv_fast exit=0 dashboard.txt groups.txt grpinfo.txt session.xml tests.txt 
boot_zc: verdict: PASS reason: no collected failure mechanism; end marker and config banner present  uvm_err=1
end 04:02:47Z
urg boot_zc exit=0 dashboard.txt groups.txt grpinfo.txt session.xml tests.txt 
boot_zc_fe1: verdict: PASS reason: no collected failure mechanism; end marker and config banner present  uvm_err=1
end 04:02:55Z
urg boot_zc_fe1 exit=0 dashboard.txt groups.txt grpinfo.txt session.xml tests.txt 
lockstep_cpuctrl: verdict: PASS reason: no collected failure mechanism; end marker and config banner present  uvm_err=1
end 04:03:01Z
urg lockstep_cpuctrl exit=0 dashboard.txt groups.txt grpinfo.txt session.xml tests.txt 
lockstep_cpuctrl_keyw: verdict: PASS reason: no collected failure mechanism; end marker and config banner present  uvm_err=1
end 04:03:06Z
urg lockstep_cpuctrl_keyw exit=0 dashboard.txt groups.txt grpinfo.txt session.xml tests.txt 
lockstep_csrwarl: verdict: PASS reason: no collected failure mechanism; end marker and config banner present  uvm_err=1
end 04:03:11Z
urg lockstep_csrwarl exit=0 dashboard.txt groups.txt grpinfo.txt session.xml tests.txt 
ut_fetch_en: verdict: PASS reason: no collected failure mechanism; end marker and config banner present  uvm_err=1
end 04:03:16Z
urg ut_fetch_en exit=0 dashboard.txt groups.txt grpinfo.txt session.xml tests.txt 
lockstep_zcmp: verdict: PASS reason: no collected failure mechanism; end marker and config banner present  uvm_err=1
end 04:03:22Z
urg lockstep_zcmp exit=0 dashboard.txt groups.txt grpinfo.txt session.xml tests.txt 
lockstep_zcmp_hz: verdict: PASS reason: no collected failure mechanism; end marker and config banner present  uvm_err=1
end 04:03:27Z
urg lockstep_zcmp_hz exit=0 dashboard.txt groups.txt grpinfo.txt session.xml tests.txt 
lockstep_zcmp_hz_long: verdict: PASS reason: no collected failure mechanism; end marker and config banner present  uvm_err=1
end 04:03:34Z
urg lockstep_zcmp_hz_long exit=0 dashboard.txt groups.txt grpinfo.txt session.xml tests.txt 
lockstep_zcmp_hz_fast: verdict: PASS reason: no collected failure mechanism; end marker and config banner present  uvm_err=1
end 04:03:38Z
urg lockstep_zcmp_hz_fast exit=0 dashboard.txt groups.txt grpinfo.txt session.xml tests.txt 
