Running new bashrc
Unloading: soc_tools version 1.0
Unloading: git version 2.26.2
Unloading: Bender version 0.28.1-tenstorrent8-mr_fixes
Unloading: Python version 3.9
Unloading: Perl version perl-5.36.0
Loading:   soc_tools version 1.0
Loading:   git version 2.26.2
Loading:   Bender version 0.28.1-tenstorrent8-mr_fixes
Loading:   Python version 3.9
Loading:   Perl version perl-5.36.0
start 19:49:26Z sources sha256: 2935ce47b627e0d5
lockstep_zcmp: verdict: PASS reason: no collected failure mechanism; end marker and config banner present  uvm_err=1
lockstep_branch: verdict: PASS reason: no collected failure mechanism; end marker and config banner present  uvm_err=1
lockstep_zcmp_mv: verdict: PASS reason: no collected failure mechanism; end marker and config banner present  uvm_err=1
lockstep_zcmp_mv_res: verdict: FAIL reason: uvm_error at sim.log:33  uvm_err=32
lockstep_csrwarl: verdict: PASS reason: no collected failure mechanism; end marker and config banner present  uvm_err=1
lockstep_csrwarl_off: verdict: PASS reason: no collected failure mechanism; end marker and config banner present  uvm_err=1
lockstep_csrwarl_inv: verdict: PASS reason: no collected failure mechanism; end marker and config banner present  uvm_err=1
boot_zc: verdict: PASS reason: no collected failure mechanism; end marker and config banner present  uvm_err=1
end 19:49:56Z
