FCOV-EXPECTATION: gen_bit_count_cg.cp_op.clz = HIT (count=82)
FCOV-EXPECTATION: gen_bit_count_cg.cp_op.ctz = HIT (count=50)
FCOV-EXPECTATION: gen_bit_count_cg.cp_op.cpop = HIT (count=82)
FCOV-EXPECTATION: gen_bit_count_cg.cp_operand.zero = HIT (count=6)
FCOV-EXPECTATION: gen_bit_count_cg.cp_operand.all_ones = HIT (count=6)
FCOV-EXPECTATION: gen_bit_count_cg.cp_operand.msb_only = HIT (count=11)
FCOV-EXPECTATION: gen_bit_count_cg.cp_operand.lsb_only = HIT (count=11)
FCOV-EXPECTATION: gen_bit_count_cg.cp_operand.single_other = HIT (count=150)
FCOV-EXPECTATION: gen_bit_count_cg.cp_operand.alt_5 = HIT (count=6)
FCOV-EXPECTATION: gen_bit_count_cg.cp_operand.alt_a = HIT (count=6)
FCOV-EXPECTATION: gen_bit_count_cg.cp_operand.int_max = HIT (count=6)
FCOV-EXPECTATION: gen_bit_count_cg.cp_operand.rand = HIT (count=12)
FCOV-EXPECTATION: gen_bit_count_cg.cp_single_pos.p0 = HIT (count=11)
FCOV-EXPECTATION: gen_bit_count_cg.cp_single_pos.p1 = HIT (count=5)
FCOV-EXPECTATION: gen_bit_count_cg.cp_single_pos.p2 = HIT (count=5)
FCOV-EXPECTATION: gen_bit_count_cg.cp_single_pos.p3 = HIT (count=5)
FCOV-EXPECTATION: gen_bit_count_cg.cp_single_pos.p4 = HIT (count=5)
FCOV-EXPECTATION: gen_bit_count_cg.cp_single_pos.p5 = HIT (count=5)
FCOV-EXPECTATION: gen_bit_count_cg.cp_single_pos.p6 = HIT (count=5)
FCOV-EXPECTATION: gen_bit_count_cg.cp_single_pos.p7 = HIT (count=5)
FCOV-EXPECTATION: gen_bit_count_cg.cp_single_pos.p8 = HIT (count=5)
FCOV-EXPECTATION: gen_bit_count_cg.cp_single_pos.p9 = HIT (count=5)
FCOV-EXPECTATION: gen_bit_count_cg.cp_single_pos.p10 = HIT (count=5)
FCOV-EXPECTATION: gen_bit_count_cg.cp_single_pos.p11 = HIT (count=5)
FCOV-EXPECTATION: gen_bit_count_cg.cp_single_pos.p12 = HIT (count=5)
FCOV-EXPECTATION: gen_bit_count_cg.cp_single_pos.p13 = HIT (count=5)
FCOV-EXPECTATION: gen_bit_count_cg.cp_single_pos.p14 = HIT (count=5)
FCOV-EXPECTATION: gen_bit_count_cg.cp_single_pos.p15 = HIT (count=5)
FCOV-EXPECTATION: gen_bit_count_cg.cp_single_pos.p16 = HIT (count=5)
FCOV-EXPECTATION: gen_bit_count_cg.cp_single_pos.p17 = HIT (count=5)
FCOV-EXPECTATION: gen_bit_count_cg.cp_single_pos.p18 = HIT (count=5)
FCOV-EXPECTATION: gen_bit_count_cg.cp_single_pos.p19 = HIT (count=5)
FCOV-EXPECTATION: gen_bit_count_cg.cp_single_pos.p20 = HIT (count=5)
FCOV-EXPECTATION: gen_bit_count_cg.cp_single_pos.p21 = HIT (count=5)
FCOV-EXPECTATION: gen_bit_count_cg.cp_single_pos.p22 = HIT (count=5)
FCOV-EXPECTATION: gen_bit_count_cg.cp_single_pos.p23 = HIT (count=5)
FCOV-EXPECTATION: gen_bit_count_cg.cp_single_pos.p24 = HIT (count=5)
FCOV-EXPECTATION: gen_bit_count_cg.cp_single_pos.p25 = HIT (count=5)
FCOV-EXPECTATION: gen_bit_count_cg.cp_single_pos.p26 = HIT (count=5)
FCOV-EXPECTATION: gen_bit_count_cg.cp_single_pos.p27 = HIT (count=5)
FCOV-EXPECTATION: gen_bit_count_cg.cp_single_pos.p28 = HIT (count=5)
FCOV-EXPECTATION: gen_bit_count_cg.cp_single_pos.p29 = HIT (count=5)
FCOV-EXPECTATION: gen_bit_count_cg.cp_single_pos.p30 = HIT (count=5)
FCOV-EXPECTATION: gen_bit_count_cg.cp_single_pos.p31 = HIT (count=11)
FCOV-EXPECTATION: gen_bit_count_cg.cp_result.r0 = HIT (count=102)
FCOV-EXPECTATION: gen_bit_count_cg.cp_result.r1 = HIT (count=39)
FCOV-EXPECTATION: gen_bit_count_cg.cp_result.r16 = HIT (count=4)
FCOV-EXPECTATION: gen_bit_count_cg.cp_result.r31 = HIT (count=5)
FCOV-EXPECTATION: gen_bit_count_cg.cp_result.r32 = HIT (count=3)
FCOV-EXPECTATION: gen_bit_count_cg.cp_result.other = HIT (count=61)
FCOV-EXPECTATION: gen_bit_count_cg.cp_rd_x0.no = HIT (count=123)
FCOV-EXPECTATION: gen_bit_count_cg.cp_rd_x0.yes = HIT (count=91)
FCOV-EXPECTATION: PASS - all 52 declared bins hit
