Running new bashrc
Unloading: soc_tools version 1.0
Unloading: git version 2.26.2
Unloading: Bender version 0.28.1-tenstorrent8-mr_fixes
Unloading: Python version 3.9
Unloading: Perl version perl-5.36.0
Loading:   soc_tools version 1.0
Loading:   git version 2.26.2
Loading:   Bender version 0.28.1-tenstorrent8-mr_fixes
Loading:   Python version 3.9
Loading:   Perl version perl-5.36.0
lockstep_zcmp: verdict: PASS reason: no collected failure mechanism; end marker and config banner present  uvm_err=1
end 20:33:11Z
urg lockstep_zcmp exit=0 dashboard.txt groups.txt grpinfo.txt session.xml tests.txt 
lockstep_zcmp_min1: verdict: PASS reason: no collected failure mechanism; end marker and config banner present  uvm_err=1
end 20:33:15Z
urg lockstep_zcmp_min1 exit=0 dashboard.txt groups.txt grpinfo.txt session.xml tests.txt 
lockstep_zcmp_long: verdict: PASS reason: no collected failure mechanism; end marker and config banner present  uvm_err=1
end 20:33:19Z
urg lockstep_zcmp_long exit=0 dashboard.txt groups.txt grpinfo.txt session.xml tests.txt 
lockstep_zcmp_random: verdict: PASS reason: no collected failure mechanism; end marker and config banner present  uvm_err=1
end 20:33:23Z
urg lockstep_zcmp_random exit=0 dashboard.txt groups.txt grpinfo.txt session.xml tests.txt 
lockstep_bitcnt: verdict: PASS reason: no collected failure mechanism; end marker and config banner present  uvm_err=1
end 20:33:27Z
urg lockstep_bitcnt exit=0 dashboard.txt groups.txt grpinfo.txt session.xml tests.txt 
lockstep_alu: verdict: PASS reason: no collected failure mechanism; end marker and config banner present  uvm_err=1
end 20:33:33Z
urg lockstep_alu exit=0 dashboard.txt groups.txt grpinfo.txt session.xml tests.txt 
lockstep_muldiv: verdict: PASS reason: no collected failure mechanism; end marker and config banner present  uvm_err=1
end 20:33:39Z
urg lockstep_muldiv exit=0 dashboard.txt groups.txt grpinfo.txt session.xml tests.txt 
