FCOV-EXPECTATION: gen_rvfi_record_cg.cp_trap.no = HIT (count=3588)
FCOV-EXPECTATION: gen_rvfi_record_cg.cp_intr.yes = HIT (count=573)
FCOV-EXPECTATION: gen_rvfi_record_cg.cp_intr.no = HIT (count=3015)
FCOV-EXPECTATION: gen_rvfi_record_cg.cp_mode.m = HIT (count=3588)
FCOV-EXPECTATION: gen_rvfi_record_cg.cp_insn_kind.i32 = HIT (count=2085)
FCOV-EXPECTATION: gen_rvfi_record_cg.cp_insn_kind.c16 = HIT (count=1503)
FCOV-EXPECTATION: gen_rvfi_record_cg.cp_rd.nonzero = HIT (count=1509)
FCOV-EXPECTATION: gen_rvfi_record_cg.cp_rd.x0 = HIT (count=2079)
FCOV-EXPECTATION: gen_rvfi_record_cg.cp_rs1.nonzero = HIT (count=3008)
FCOV-EXPECTATION: gen_rvfi_record_cg.cp_rs1.x0 = HIT (count=580)
FCOV-EXPECTATION: gen_rvfi_record_cg.cp_rs2.nonzero = HIT (count=1502)
FCOV-EXPECTATION: gen_rvfi_record_cg.cp_rs2.x0 = HIT (count=2086)
FCOV-EXPECTATION: gen_rvfi_record_cg.cp_rs3.nonzero = HIT (count=1)
FCOV-EXPECTATION: gen_rvfi_record_cg.cp_rs3.zero = HIT (count=3587)
FCOV-EXPECTATION: gen_rvfi_record_cg.cp_pc_delta.redirect_other = HIT (count=573)
FCOV-EXPECTATION: gen_rvfi_record_cg.cp_pc_delta.jump_back = HIT (count=1500)
FCOV-EXPECTATION: gen_rvfi_record_cg.cp_pc_delta.jump_fwd = HIT (count=1)
FCOV-EXPECTATION: gen_rvfi_record_cg.cp_pc_delta.plus4 = HIT (count=11)
FCOV-EXPECTATION: gen_rvfi_record_cg.cp_pc_delta.plus2 = HIT (count=1503)
FCOV-EXPECTATION: gen_rvfi_record_cg.cp_order_step.first = HIT (count=1)
FCOV-EXPECTATION: gen_rvfi_record_cg.cp_pc_continuity.discontinuous_after_flush_redirect = HIT (count=146)
FCOV-EXPECTATION: gen_rvfi_record_cg.cp_pc_continuity.discontinuous_intr = HIT (count=516)
FCOV-EXPECTATION: gen_rvfi_record_cg.cp_pc_continuity.continuous = HIT (count=2925)
FCOV-EXPECTATION: gen_rvfi_record_cg.cp_valid_gap.g3_plus = HIT (count=3019)
FCOV-EXPECTATION: gen_rvfi_record_cg.cp_valid_gap.g2 = HIT (count=337)
FCOV-EXPECTATION: gen_rvfi_record_cg.cp_valid_gap.g1 = HIT (count=231)
FCOV-EXPECTATION: gen_rvfi_record_cg.cp_intr_kind.none = HIT (count=3015)
FCOV-EXPECTATION: gen_rvfi_record_cg.cp_intr_kind.irq = HIT (count=573)
FCOV-EXPECTATION: gen_rvfi_record_cg.cp_rd_source.none = HIT (count=2079)
FCOV-EXPECTATION: gen_rvfi_record_cg.cp_rd_source.alu_wb = HIT (count=1509)
FCOV-EXPECTATION: PASS - all 30 declared bins hit
