Running new bashrc
Unloading: soc_tools version 1.0
Unloading: git version 2.26.2
Unloading: Bender version 0.28.1-tenstorrent8-mr_fixes
Unloading: Python version 3.9
Unloading: Perl version perl-5.36.0
Loading:   soc_tools version 1.0
Loading:   git version 2.26.2
Loading:   Bender version 0.28.1-tenstorrent8-mr_fixes
Loading:   Python version 3.9
Loading:   Perl version perl-5.36.0
lockstep_muldiv: verdict: PASS reason: no collected failure mechanism; end marker and config banner present  uvm_err=1
end 20:48:19Z
urg lockstep_muldiv exit=0 dashboard.txt groups.txt grpinfo.txt session.xml tests.txt 
lockstep_alu: verdict: PASS reason: no collected failure mechanism; end marker and config banner present  uvm_err=1
end 20:48:25Z
urg lockstep_alu exit=0 dashboard.txt groups.txt grpinfo.txt session.xml tests.txt 
lockstep_bitcnt: verdict: PASS reason: no collected failure mechanism; end marker and config banner present  uvm_err=1
end 20:48:29Z
urg lockstep_bitcnt exit=0 dashboard.txt groups.txt grpinfo.txt session.xml tests.txt 
lockstep_zca: verdict: PASS reason: no collected failure mechanism; end marker and config banner present  uvm_err=1
end 20:48:33Z
urg lockstep_zca exit=0 dashboard.txt groups.txt grpinfo.txt session.xml tests.txt 
lockstep_zcmp: verdict: PASS reason: no collected failure mechanism; end marker and config banner present  uvm_err=1
end 20:48:37Z
urg lockstep_zcmp exit=0 dashboard.txt groups.txt grpinfo.txt session.xml tests.txt 
lockstep_zcmp_min1: verdict: PASS reason: no collected failure mechanism; end marker and config banner present  uvm_err=1
end 20:48:41Z
urg lockstep_zcmp_min1 exit=0 dashboard.txt groups.txt grpinfo.txt session.xml tests.txt 
lockstep_zcmp_long: verdict: PASS reason: no collected failure mechanism; end marker and config banner present  uvm_err=1
end 20:48:45Z
urg lockstep_zcmp_long exit=0 dashboard.txt groups.txt grpinfo.txt session.xml tests.txt 
lockstep_zcmp_random: verdict: PASS reason: no collected failure mechanism; end marker and config banner present  uvm_err=1
end 20:48:49Z
urg lockstep_zcmp_random exit=0 dashboard.txt groups.txt grpinfo.txt session.xml tests.txt 
lockstep_zcmp_mis: verdict: PASS reason: no collected failure mechanism; end marker and config banner present  uvm_err=1
end 20:48:54Z
urg lockstep_zcmp_mis exit=0 dashboard.txt groups.txt grpinfo.txt session.xml tests.txt 
lockstep_branch: verdict: PASS reason: no collected failure mechanism; end marker and config banner present  uvm_err=1
end 20:48:59Z
urg lockstep_branch exit=0 dashboard.txt groups.txt grpinfo.txt session.xml tests.txt 
lockstep_zcmp_mv: verdict: PASS reason: no collected failure mechanism; end marker and config banner present  uvm_err=1
end 20:49:03Z
urg lockstep_zcmp_mv exit=0 dashboard.txt groups.txt grpinfo.txt session.xml tests.txt 
lockstep_csrwarl: verdict: PASS reason: no collected failure mechanism; end marker and config banner present  uvm_err=1
end 20:49:07Z
urg lockstep_csrwarl exit=0 dashboard.txt groups.txt grpinfo.txt session.xml tests.txt 
lockstep_csrwarl_off: verdict: PASS reason: no collected failure mechanism; end marker and config banner present  uvm_err=1
end 20:49:12Z
urg lockstep_csrwarl_off exit=0 dashboard.txt groups.txt grpinfo.txt session.xml tests.txt 
lockstep_csrwarl_inv: verdict: PASS reason: no collected failure mechanism; end marker and config banner present  uvm_err=1
end 20:49:16Z
urg lockstep_csrwarl_inv exit=0 dashboard.txt groups.txt grpinfo.txt session.xml tests.txt 
lockstep_sbit: verdict: PASS reason: no collected failure mechanism; end marker and config banner present  uvm_err=1
end 20:49:20Z
urg lockstep_sbit exit=0 dashboard.txt groups.txt grpinfo.txt session.xml tests.txt 
lockstep_zcb: verdict: PASS reason: no collected failure mechanism; end marker and config banner present  uvm_err=1
end 20:49:24Z
urg lockstep_zcb exit=0 dashboard.txt groups.txt grpinfo.txt session.xml tests.txt 
start 20:49:26Z sources sha256: de523e6e878f325b
ut_witness: verdict: PASS reason: no collected failure mechanism; end marker and config banner present  uvm_err=1
lockstep_zcmp_dummy: verdict: FAIL reason: uvm_error at sim.log:33  uvm_err=27
lockstep_zcmp_mv_res: verdict: FAIL reason: uvm_error at sim.log:33  uvm_err=32
ut_isa_cov_zc: verdict: PASS reason: no collected failure mechanism; end marker and config banner present  uvm_err=1
ut_isa_cov_alu: verdict: PASS reason: no collected failure mechanism; end marker and config banner present  uvm_err=1
ut_isa_cov_zcmp_n: verdict: PASS reason: no collected failure mechanism; end marker and config banner present  uvm_err=1
ut_isa_cov_zcmp_minstret: verdict: PASS reason: no collected failure mechanism; end marker and config banner present  uvm_err=1
ut_isa_cov_bitcnt: verdict: PASS reason: no collected failure mechanism; end marker and config banner present  uvm_err=1
boot_zc: verdict: PASS reason: no collected failure mechanism; end marker and config banner present  uvm_err=1
lockstep_zc: verdict: PASS reason: no collected failure mechanism; end marker and config banner present  uvm_err=1
end 20:49:49Z
