FCOV-EXPECTATION: gen_bit_sbit_cg.cp_op.bexti = HIT (count=20)
FCOV-EXPECTATION: gen_bit_sbit_cg.cp_op.binvi = HIT (count=23)
FCOV-EXPECTATION: gen_bit_sbit_cg.cp_op.bseti = HIT (count=20)
FCOV-EXPECTATION: gen_bit_sbit_cg.cp_op.bclri = HIT (count=20)
FCOV-EXPECTATION: gen_bit_sbit_cg.cp_op.bext = UNHIT (count=0)
FCOV-EXPECTATION: gen_bit_sbit_cg.cp_op.binv = HIT (count=27)
FCOV-EXPECTATION: gen_bit_sbit_cg.cp_op.bset = HIT (count=24)
FCOV-EXPECTATION: gen_bit_sbit_cg.cp_op.bclr = HIT (count=48)
FCOV-EXPECTATION: gen_bit_sbit_cg.cp_index.i31 = HIT (count=44)
FCOV-EXPECTATION: gen_bit_sbit_cg.cp_index.mid = HIT (count=94)
FCOV-EXPECTATION: gen_bit_sbit_cg.cp_index.i0 = HIT (count=44)
FCOV-EXPECTATION: gen_bit_sbit_cg.cp_rs2_upper.other_nonzero = HIT (count=40)
FCOV-EXPECTATION: gen_bit_sbit_cg.cp_rs2_upper.all_ones = HIT (count=8)
FCOV-EXPECTATION: gen_bit_sbit_cg.cp_rs2_upper.zero = HIT (count=51)
FCOV-EXPECTATION: gen_bit_sbit_cg.cp_prior_bit.set = HIT (count=67)
FCOV-EXPECTATION: gen_bit_sbit_cg.cp_prior_bit.clear = HIT (count=115)
FCOV-EXPECTATION: gen_bit_sbit_cg.cp_operand.rand = HIT (count=118)
FCOV-EXPECTATION: gen_bit_sbit_cg.cp_operand.all_ones = HIT (count=32)
FCOV-EXPECTATION: gen_bit_sbit_cg.cp_operand.zero = HIT (count=32)
FCOV-EXPECTATION: gen_bit_sbit_cg.cp_rd_x0.yes = HIT (count=32)
FCOV-EXPECTATION: gen_bit_sbit_cg.cp_rd_x0.no = HIT (count=150)
FCOV-EXPECTATION: gen_bit_sbit_cg.cp_binv_twice.yes = HIT (count=3)
FCOV-EXPECTATION: FAIL - 1 declared bin(s) not hit: gen_bit_sbit_cg.cp_op.bext
