FCOV-EXPECTATION: gen_isa_branch_cg.cp_op.c_beqz = HIT (count=34)
FCOV-EXPECTATION: gen_isa_branch_cg.cp_op.bgeu = HIT (count=30)
FCOV-EXPECTATION: gen_isa_branch_cg.cp_op.bltu = HIT (count=30)
FCOV-EXPECTATION: gen_isa_branch_cg.cp_op.bge = HIT (count=30)
FCOV-EXPECTATION: gen_isa_branch_cg.cp_op.blt = HIT (count=30)
FCOV-EXPECTATION: gen_isa_branch_cg.cp_op.bne = HIT (count=32)
FCOV-EXPECTATION: gen_isa_branch_cg.cp_op.beq = HIT (count=32)
FCOV-EXPECTATION: gen_isa_branch_cg.cp_taken.yes = HIT (count=111)
FCOV-EXPECTATION: gen_isa_branch_cg.cp_taken.no = HIT (count=107)
FCOV-EXPECTATION: gen_isa_branch_cg.cp_cmp_class.rand = HIT (count=46)
FCOV-EXPECTATION: gen_isa_branch_cg.cp_cmp_class.sgt_ult = HIT (count=18)
FCOV-EXPECTATION: gen_isa_branch_cg.cp_cmp_class.slt_ugt = HIT (count=24)
FCOV-EXPECTATION: gen_isa_branch_cg.cp_cmp_class.both_msb_eq = HIT (count=18)
FCOV-EXPECTATION: gen_isa_branch_cg.cp_cmp_class.ones_zero = HIT (count=24)
FCOV-EXPECTATION: gen_isa_branch_cg.cp_cmp_class.zero_ones = HIT (count=18)
FCOV-EXPECTATION: gen_isa_branch_cg.cp_cmp_class.zero_intmin = HIT (count=18)
FCOV-EXPECTATION: gen_isa_branch_cg.cp_cmp_class.intmin_zero = HIT (count=24)
FCOV-EXPECTATION: gen_isa_branch_cg.cp_cmp_class.equal = HIT (count=28)
FCOV-EXPECTATION: gen_isa_branch_cg.cp_offset.neg_rand = HIT (count=70)
FCOV-EXPECTATION: gen_isa_branch_cg.cp_offset.pos_rand = HIT (count=140)
FCOV-EXPECTATION: gen_isa_branch_cg.cp_offset.max_bwd = HIT (count=4)
FCOV-EXPECTATION: gen_isa_branch_cg.cp_offset.max_fwd = HIT (count=4)
FCOV-EXPECTATION: gen_isa_branch_cg.cp_target_align.half = HIT (count=74)
FCOV-EXPECTATION: gen_isa_branch_cg.cp_target_align.word = HIT (count=144)
FCOV-EXPECTATION: gen_isa_branch_cg.cp_wrap.no = HIT (count=111)
FCOV-EXPECTATION: PASS - all 25 declared bins hit
