FCOV-EXPECTATION: gen_cmp_zcmp_mv_cg.cp_insn.cm_mva01s = HIT (count=68)
FCOV-EXPECTATION: gen_cmp_zcmp_mv_cg.cp_insn.cm_mvsa01 = HIT (count=62)
FCOV-EXPECTATION: gen_cmp_zcmp_mv_cg.cp_r1s.s7 = HIT (count=15)
FCOV-EXPECTATION: gen_cmp_zcmp_mv_cg.cp_r1s.s6 = HIT (count=16)
FCOV-EXPECTATION: gen_cmp_zcmp_mv_cg.cp_r1s.s5 = HIT (count=15)
FCOV-EXPECTATION: gen_cmp_zcmp_mv_cg.cp_r1s.s4 = HIT (count=16)
FCOV-EXPECTATION: gen_cmp_zcmp_mv_cg.cp_r1s.s3 = HIT (count=15)
FCOV-EXPECTATION: gen_cmp_zcmp_mv_cg.cp_r1s.s2 = HIT (count=19)
FCOV-EXPECTATION: gen_cmp_zcmp_mv_cg.cp_r1s.s1 = HIT (count=15)
FCOV-EXPECTATION: gen_cmp_zcmp_mv_cg.cp_r1s.s0 = HIT (count=19)
FCOV-EXPECTATION: gen_cmp_zcmp_mv_cg.cp_r2s.s7 = HIT (count=16)
FCOV-EXPECTATION: gen_cmp_zcmp_mv_cg.cp_r2s.s6 = HIT (count=15)
FCOV-EXPECTATION: gen_cmp_zcmp_mv_cg.cp_r2s.s5 = HIT (count=16)
FCOV-EXPECTATION: gen_cmp_zcmp_mv_cg.cp_r2s.s4 = HIT (count=15)
FCOV-EXPECTATION: gen_cmp_zcmp_mv_cg.cp_r2s.s3 = HIT (count=19)
FCOV-EXPECTATION: gen_cmp_zcmp_mv_cg.cp_r2s.s2 = HIT (count=15)
FCOV-EXPECTATION: gen_cmp_zcmp_mv_cg.cp_r2s.s1 = HIT (count=19)
FCOV-EXPECTATION: gen_cmp_zcmp_mv_cg.cp_r2s.s0 = HIT (count=15)
FCOV-EXPECTATION: gen_cmp_zcmp_mv_cg.cp_equal.yes = HIT (count=8)
FCOV-EXPECTATION: gen_cmp_zcmp_mv_cg.cp_equal.no = HIT (count=122)
FCOV-EXPECTATION: gen_cmp_zcmp_mv_cg.cp_src_values.same = HIT (count=12)
FCOV-EXPECTATION: gen_cmp_zcmp_mv_cg.cp_src_values.distinct = HIT (count=118)
FCOV-EXPECTATION: gen_cmp_zcmp_mv_cg.cp_b2b.none = HIT (count=126)
FCOV-EXPECTATION: gen_cmp_zcmp_mv_cg.cp_b2b.mva01s_then_mvsa01 = HIT (count=2)
FCOV-EXPECTATION: gen_cmp_zcmp_mv_cg.cp_b2b.mvsa01_then_mva01s = HIT (count=2)
FCOV-EXPECTATION: gen_cmp_zcmp_mv_cg.cp_hazard_src.none = HIT (count=130)
FCOV-EXPECTATION: gen_cmp_zcmp_mv_cg.cp_hazard_src.alu_prev = UNHIT (count=0)
FCOV-EXPECTATION: gen_cmp_zcmp_mv_cg.cp_hazard_src.load_prev = UNHIT (count=0)
FCOV-EXPECTATION: gen_cmp_zcmp_mv_cg.cp_uop_count_ok.yes = HIT (count=10)
FCOV-EXPECTATION: FAIL - 2 declared bin(s) not hit: gen_cmp_zcmp_mv_cg.cp_hazard_src.alu_prev, gen_cmp_zcmp_mv_cg.cp_hazard_src.load_prev
