FCOV-EXPECTATION: gen_cmp_zca_cg.cp_insn.c_jalr = HIT (count=8)
FCOV-EXPECTATION: gen_cmp_zca_cg.cp_insn.c_add = HIT (count=8)
FCOV-EXPECTATION: gen_cmp_zca_cg.cp_insn.c_jr = HIT (count=8)
FCOV-EXPECTATION: gen_cmp_zca_cg.cp_insn.c_mv = HIT (count=50)
FCOV-EXPECTATION: gen_cmp_zca_cg.cp_insn.c_slli = HIT (count=8)
FCOV-EXPECTATION: gen_cmp_zca_cg.cp_insn.c_bnez = HIT (count=8)
FCOV-EXPECTATION: gen_cmp_zca_cg.cp_insn.c_beqz = HIT (count=8)
FCOV-EXPECTATION: gen_cmp_zca_cg.cp_insn.c_and = HIT (count=16)
FCOV-EXPECTATION: gen_cmp_zca_cg.cp_insn.c_or = HIT (count=16)
FCOV-EXPECTATION: gen_cmp_zca_cg.cp_insn.c_xor = HIT (count=16)
FCOV-EXPECTATION: gen_cmp_zca_cg.cp_insn.c_sub = HIT (count=16)
FCOV-EXPECTATION: gen_cmp_zca_cg.cp_insn.c_andi = HIT (count=16)
FCOV-EXPECTATION: gen_cmp_zca_cg.cp_insn.c_srai = HIT (count=16)
FCOV-EXPECTATION: gen_cmp_zca_cg.cp_insn.c_srli = HIT (count=16)
FCOV-EXPECTATION: gen_cmp_zca_cg.cp_insn.c_addi16sp = HIT (count=4)
FCOV-EXPECTATION: gen_cmp_zca_cg.cp_insn.c_lui = HIT (count=8)
FCOV-EXPECTATION: gen_cmp_zca_cg.cp_insn.c_li = HIT (count=25)
FCOV-EXPECTATION: gen_cmp_zca_cg.cp_insn.c_j = HIT (count=3)
FCOV-EXPECTATION: gen_cmp_zca_cg.cp_insn.c_jal = HIT (count=2)
FCOV-EXPECTATION: gen_cmp_zca_cg.cp_insn.c_nop = HIT (count=14)
FCOV-EXPECTATION: gen_cmp_zca_cg.cp_insn.c_addi = HIT (count=12)
FCOV-EXPECTATION: gen_cmp_zca_cg.cp_insn.c_swsp = HIT (count=10)
FCOV-EXPECTATION: gen_cmp_zca_cg.cp_insn.c_lwsp = HIT (count=8)
FCOV-EXPECTATION: gen_cmp_zca_cg.cp_insn.c_sw = HIT (count=16)
FCOV-EXPECTATION: gen_cmp_zca_cg.cp_insn.c_lw = HIT (count=16)
FCOV-EXPECTATION: gen_cmp_zca_cg.cp_insn.c_addi4spn = HIT (count=16)
FCOV-EXPECTATION: gen_cmp_zca_cg.cp_pc_align.half = HIT (count=172)
FCOV-EXPECTATION: gen_cmp_zca_cg.cp_pc_align.word = HIT (count=172)
FCOV-EXPECTATION: gen_cmp_zca_cg.cp_next_len.n32 = UNHIT (count=0)
FCOV-EXPECTATION: gen_cmp_zca_cg.cp_next_len.n16 = HIT (count=343)
FCOV-EXPECTATION: gen_cmp_zca_cg.cp_pc_inc.two = HIT (count=307)
FCOV-EXPECTATION: gen_cmp_zca_cg.cp_insn32_straddle.yes = HIT (count=47)
FCOV-EXPECTATION: gen_cmp_zca_cg.cp_insn32_straddle.no = HIT (count=48)
FCOV-EXPECTATION: gen_cmp_zca_cg.cp_reg3.r15 = HIT (count=22)
FCOV-EXPECTATION: gen_cmp_zca_cg.cp_reg3.r14 = HIT (count=22)
FCOV-EXPECTATION: gen_cmp_zca_cg.cp_reg3.r13 = HIT (count=22)
FCOV-EXPECTATION: gen_cmp_zca_cg.cp_reg3.r12 = HIT (count=22)
FCOV-EXPECTATION: gen_cmp_zca_cg.cp_reg3.r11 = HIT (count=22)
FCOV-EXPECTATION: gen_cmp_zca_cg.cp_reg3.r10 = HIT (count=22)
FCOV-EXPECTATION: gen_cmp_zca_cg.cp_reg3.r9 = HIT (count=22)
FCOV-EXPECTATION: gen_cmp_zca_cg.cp_reg3.r8 = HIT (count=22)
FCOV-EXPECTATION: gen_cmp_zca_cg.cp_rd_full.x3_7 = HIT (count=20)
FCOV-EXPECTATION: gen_cmp_zca_cg.cp_rd_full.x16_31 = HIT (count=21)
FCOV-EXPECTATION: gen_cmp_zca_cg.cp_rd_full.x8_15 = HIT (count=78)
FCOV-EXPECTATION: gen_cmp_zca_cg.cp_rd_full.x2 = HIT (count=10)
FCOV-EXPECTATION: gen_cmp_zca_cg.cp_rd_full.x1 = HIT (count=20)
FCOV-EXPECTATION: FAIL - 1 declared bin(s) not hit: gen_cmp_zca_cg.cp_next_len.n32
