FCOV-EXPECTATION: gen_isa_alu_reg_cg.cp_op.and = HIT (count=484)
FCOV-EXPECTATION: gen_isa_alu_reg_cg.cp_op.or = HIT (count=484)
FCOV-EXPECTATION: gen_isa_alu_reg_cg.cp_op.xor = HIT (count=484)
FCOV-EXPECTATION: gen_isa_alu_reg_cg.cp_op.sltu = HIT (count=484)
FCOV-EXPECTATION: gen_isa_alu_reg_cg.cp_op.slt = HIT (count=484)
FCOV-EXPECTATION: gen_isa_alu_reg_cg.cp_op.sub = HIT (count=605)
FCOV-EXPECTATION: gen_isa_alu_reg_cg.cp_op.add = HIT (count=605)
FCOV-EXPECTATION: gen_isa_alu_reg_cg.cp_rs1_class.neg_rand = HIT (count=660)
FCOV-EXPECTATION: gen_isa_alu_reg_cg.cp_rs1_class.pos_rand = HIT (count=1320)
FCOV-EXPECTATION: gen_isa_alu_reg_cg.cp_rs1_class.one = HIT (count=330)
FCOV-EXPECTATION: gen_isa_alu_reg_cg.cp_rs1_class.int_max = HIT (count=330)
FCOV-EXPECTATION: gen_isa_alu_reg_cg.cp_rs1_class.int_min = HIT (count=330)
FCOV-EXPECTATION: gen_isa_alu_reg_cg.cp_rs1_class.all_ones = HIT (count=330)
FCOV-EXPECTATION: gen_isa_alu_reg_cg.cp_rs1_class.zero = HIT (count=330)
FCOV-EXPECTATION: gen_isa_alu_reg_cg.cp_rs2_class.neg_rand = HIT (count=660)
FCOV-EXPECTATION: gen_isa_alu_reg_cg.cp_rs2_class.pos_rand = HIT (count=1320)
FCOV-EXPECTATION: gen_isa_alu_reg_cg.cp_rs2_class.one = HIT (count=330)
FCOV-EXPECTATION: gen_isa_alu_reg_cg.cp_rs2_class.int_max = HIT (count=330)
FCOV-EXPECTATION: gen_isa_alu_reg_cg.cp_rs2_class.int_min = HIT (count=330)
FCOV-EXPECTATION: gen_isa_alu_reg_cg.cp_rs2_class.all_ones = HIT (count=330)
FCOV-EXPECTATION: gen_isa_alu_reg_cg.cp_rs2_class.zero = HIT (count=330)
FCOV-EXPECTATION: gen_isa_alu_reg_cg.cp_sign_pair.nn = HIT (count=732)
FCOV-EXPECTATION: gen_isa_alu_reg_cg.cp_sign_pair.np = HIT (count=588)
FCOV-EXPECTATION: gen_isa_alu_reg_cg.cp_sign_pair.pn = HIT (count=588)
FCOV-EXPECTATION: gen_isa_alu_reg_cg.cp_sign_pair.pp = HIT (count=1722)
FCOV-EXPECTATION: gen_isa_alu_reg_cg.cp_eq_operands.yes = HIT (count=1320)
FCOV-EXPECTATION: gen_isa_alu_reg_cg.cp_eq_operands.no = HIT (count=2310)
FCOV-EXPECTATION: gen_isa_alu_reg_cg.cp_same_regs.distinct = HIT (count=1694)
FCOV-EXPECTATION: gen_isa_alu_reg_cg.cp_same_regs.rs2_eq_rd = HIT (count=363)
FCOV-EXPECTATION: gen_isa_alu_reg_cg.cp_same_regs.rs1_eq_rd = HIT (count=484)
FCOV-EXPECTATION: gen_isa_alu_reg_cg.cp_same_regs.all_same = HIT (count=242)
FCOV-EXPECTATION: gen_isa_alu_reg_cg.cp_same_regs.rs1_eq_rs2 = HIT (count=847)
FCOV-EXPECTATION: gen_isa_alu_reg_cg.cp_rd_x0.yes = HIT (count=847)
FCOV-EXPECTATION: gen_isa_alu_reg_cg.cp_rd_x0.no = HIT (count=2783)
FCOV-EXPECTATION: gen_isa_alu_reg_cg.cp_result_class.other = HIT (count=1120)
FCOV-EXPECTATION: gen_isa_alu_reg_cg.cp_result_class.one = HIT (count=288)
FCOV-EXPECTATION: gen_isa_alu_reg_cg.cp_result_class.int_max = HIT (count=78)
FCOV-EXPECTATION: gen_isa_alu_reg_cg.cp_result_class.int_min = HIT (count=66)
FCOV-EXPECTATION: gen_isa_alu_reg_cg.cp_result_class.all_ones = HIT (count=120)
FCOV-EXPECTATION: gen_isa_alu_reg_cg.cp_result_class.zero = HIT (count=1111)
FCOV-EXPECTATION: gen_isa_alu_reg_cg.cp_wrap.none = HIT (count=764)
FCOV-EXPECTATION: gen_isa_alu_reg_cg.cp_wrap.sub_ovf = HIT (count=18)
FCOV-EXPECTATION: gen_isa_alu_reg_cg.cp_wrap.sub_borrow = HIT (count=165)
FCOV-EXPECTATION: gen_isa_alu_reg_cg.cp_wrap.add_neg_ovf = HIT (count=68)
FCOV-EXPECTATION: gen_isa_alu_reg_cg.cp_wrap.add_pos_ovf = HIT (count=55)
FCOV-EXPECTATION: gen_isa_alu_reg_cg.cp_wrap.add_carry = HIT (count=140)
FCOV-EXPECTATION: gen_mul_ops_cg.cp_op.mulhu = HIT (count=484)
FCOV-EXPECTATION: gen_mul_ops_cg.cp_op.mulhsu = HIT (count=484)
FCOV-EXPECTATION: gen_mul_ops_cg.cp_op.mulh = HIT (count=484)
FCOV-EXPECTATION: gen_mul_ops_cg.cp_op.mul = HIT (count=605)
FCOV-EXPECTATION: gen_mul_ops_cg.cp_rs1_class.pos_rand = HIT (count=374)
FCOV-EXPECTATION: gen_mul_ops_cg.cp_rs1_class.neg_rand = HIT (count=374)
FCOV-EXPECTATION: gen_mul_ops_cg.cp_rs1_class.two = HIT (count=187)
FCOV-EXPECTATION: gen_mul_ops_cg.cp_rs1_class.p16 = HIT (count=187)
FCOV-EXPECTATION: gen_mul_ops_cg.cp_rs1_class.int_max = HIT (count=187)
FCOV-EXPECTATION: gen_mul_ops_cg.cp_rs1_class.int_min = HIT (count=187)
FCOV-EXPECTATION: gen_mul_ops_cg.cp_rs1_class.all_ones = HIT (count=187)
FCOV-EXPECTATION: gen_mul_ops_cg.cp_rs1_class.one = HIT (count=187)
FCOV-EXPECTATION: gen_mul_ops_cg.cp_rs1_class.zero = HIT (count=187)
FCOV-EXPECTATION: gen_mul_ops_cg.cp_rs2_class.pos_rand = HIT (count=374)
FCOV-EXPECTATION: gen_mul_ops_cg.cp_rs2_class.neg_rand = HIT (count=374)
FCOV-EXPECTATION: gen_mul_ops_cg.cp_rs2_class.two = HIT (count=187)
FCOV-EXPECTATION: gen_mul_ops_cg.cp_rs2_class.p16 = HIT (count=187)
FCOV-EXPECTATION: gen_mul_ops_cg.cp_rs2_class.int_max = HIT (count=187)
FCOV-EXPECTATION: gen_mul_ops_cg.cp_rs2_class.int_min = HIT (count=187)
FCOV-EXPECTATION: gen_mul_ops_cg.cp_rs2_class.all_ones = HIT (count=187)
FCOV-EXPECTATION: gen_mul_ops_cg.cp_rs2_class.one = HIT (count=187)
FCOV-EXPECTATION: gen_mul_ops_cg.cp_rs2_class.zero = HIT (count=187)
FCOV-EXPECTATION: gen_mul_ops_cg.cp_sign_pair.nn = HIT (count=468)
FCOV-EXPECTATION: gen_mul_ops_cg.cp_sign_pair.np = HIT (count=280)
FCOV-EXPECTATION: gen_mul_ops_cg.cp_sign_pair.pn = HIT (count=280)
FCOV-EXPECTATION: gen_mul_ops_cg.cp_sign_pair.pp = HIT (count=1029)
FCOV-EXPECTATION: gen_mul_ops_cg.cp_same_regs.distinct = HIT (count=968)
FCOV-EXPECTATION: gen_mul_ops_cg.cp_same_regs.rs_eq_rd = HIT (count=242)
FCOV-EXPECTATION: gen_mul_ops_cg.cp_same_regs.all_same = HIT (count=363)
FCOV-EXPECTATION: gen_mul_ops_cg.cp_same_regs.rs1_eq_rs2 = HIT (count=484)
FCOV-EXPECTATION: gen_mul_ops_cg.cp_rd_x0.yes = HIT (count=484)
FCOV-EXPECTATION: gen_mul_ops_cg.cp_rd_x0.no = HIT (count=1573)
FCOV-EXPECTATION: gen_mul_ops_cg.cp_result_class.other = HIT (count=542)
FCOV-EXPECTATION: gen_mul_ops_cg.cp_result_class.r40000000 = HIT (count=36)
FCOV-EXPECTATION: gen_mul_ops_cg.cp_result_class.r3fffffff = HIT (count=62)
FCOV-EXPECTATION: gen_mul_ops_cg.cp_result_class.fffffffe = HIT (count=60)
FCOV-EXPECTATION: gen_mul_ops_cg.cp_result_class.int_max = HIT (count=8)
FCOV-EXPECTATION: gen_mul_ops_cg.cp_result_class.int_min = HIT (count=17)
FCOV-EXPECTATION: gen_mul_ops_cg.cp_result_class.all_ones = HIT (count=111)
FCOV-EXPECTATION: gen_mul_ops_cg.cp_result_class.one = HIT (count=147)
FCOV-EXPECTATION: gen_mul_ops_cg.cp_result_class.zero = HIT (count=590)
FCOV-EXPECTATION: gen_mul_ops_cg.cp_funct3.f3 = HIT (count=484)
FCOV-EXPECTATION: gen_mul_ops_cg.cp_funct3.f2 = HIT (count=484)
FCOV-EXPECTATION: gen_mul_ops_cg.cp_funct3.f1 = HIT (count=484)
FCOV-EXPECTATION: gen_mul_ops_cg.cp_funct3.f0 = HIT (count=605)
FCOV-EXPECTATION: gen_div_ops_cg.cp_op.remu = HIT (count=242)
FCOV-EXPECTATION: gen_div_ops_cg.cp_op.rem = HIT (count=363)
FCOV-EXPECTATION: gen_div_ops_cg.cp_op.divu = HIT (count=242)
FCOV-EXPECTATION: gen_div_ops_cg.cp_op.div = HIT (count=363)
FCOV-EXPECTATION: gen_div_ops_cg.cp_dividend.pos_rand = HIT (count=220)
FCOV-EXPECTATION: gen_div_ops_cg.cp_dividend.neg_rand = HIT (count=220)
FCOV-EXPECTATION: gen_div_ops_cg.cp_dividend.seven = HIT (count=110)
FCOV-EXPECTATION: gen_div_ops_cg.cp_dividend.two = HIT (count=110)
FCOV-EXPECTATION: gen_div_ops_cg.cp_dividend.int_max = HIT (count=110)
FCOV-EXPECTATION: gen_div_ops_cg.cp_dividend.int_min = HIT (count=110)
FCOV-EXPECTATION: gen_div_ops_cg.cp_dividend.all_ones = HIT (count=110)
FCOV-EXPECTATION: gen_div_ops_cg.cp_dividend.one = HIT (count=110)
FCOV-EXPECTATION: gen_div_ops_cg.cp_dividend.zero = HIT (count=110)
FCOV-EXPECTATION: gen_div_ops_cg.cp_divisor.pos_rand = HIT (count=130)
FCOV-EXPECTATION: gen_div_ops_cg.cp_divisor.neg_rand = HIT (count=20)
FCOV-EXPECTATION: gen_div_ops_cg.cp_divisor.abs_gt_dividend = HIT (count=350)
FCOV-EXPECTATION: gen_div_ops_cg.cp_divisor.eq_dividend = HIT (count=50)
FCOV-EXPECTATION: gen_div_ops_cg.cp_divisor.minus_two = HIT (count=110)
FCOV-EXPECTATION: gen_div_ops_cg.cp_divisor.two = HIT (count=110)
FCOV-EXPECTATION: gen_div_ops_cg.cp_divisor.int_min = HIT (count=110)
FCOV-EXPECTATION: gen_div_ops_cg.cp_divisor.all_ones = HIT (count=110)
FCOV-EXPECTATION: gen_div_ops_cg.cp_divisor.one = HIT (count=110)
FCOV-EXPECTATION: gen_div_ops_cg.cp_divisor.zero = HIT (count=110)
FCOV-EXPECTATION: gen_div_ops_cg.cp_sign_pair.nn = HIT (count=160)
FCOV-EXPECTATION: gen_div_ops_cg.cp_sign_pair.np = HIT (count=280)
FCOV-EXPECTATION: gen_div_ops_cg.cp_sign_pair.pn = HIT (count=280)
FCOV-EXPECTATION: gen_div_ops_cg.cp_sign_pair.pp = HIT (count=490)
FCOV-EXPECTATION: gen_div_ops_cg.cp_rd_x0.yes = HIT (count=484)
FCOV-EXPECTATION: gen_div_ops_cg.cp_rd_x0.no = HIT (count=726)
FCOV-EXPECTATION: gen_div_ops_cg.cp_result_class.other = HIT (count=133)
FCOV-EXPECTATION: gen_div_ops_cg.cp_result_class.eq_dividend = HIT (count=117)
FCOV-EXPECTATION: gen_div_ops_cg.cp_result_class.int_max = HIT (count=15)
FCOV-EXPECTATION: gen_div_ops_cg.cp_result_class.int_min = HIT (count=11)
FCOV-EXPECTATION: gen_div_ops_cg.cp_result_class.all_ones = HIT (count=67)
FCOV-EXPECTATION: gen_div_ops_cg.cp_result_class.one = HIT (count=85)
FCOV-EXPECTATION: gen_div_ops_cg.cp_result_class.zero = HIT (count=298)
FCOV-EXPECTATION: PASS - all 127 declared bins hit
