FCOV-EXPECTATION: gen_rvfi_record_cg.cp_trap.yes = HIT (count=1)
FCOV-EXPECTATION: gen_rvfi_record_cg.cp_trap.no = HIT (count=1999)
FCOV-EXPECTATION: gen_rvfi_record_cg.cp_intr.no = HIT (count=2000)
FCOV-EXPECTATION: gen_rvfi_record_cg.cp_mode.m = HIT (count=2000)
FCOV-EXPECTATION: gen_rvfi_record_cg.cp_insn_kind.i32 = HIT (count=1478)
FCOV-EXPECTATION: gen_rvfi_record_cg.cp_insn_kind.c16 = HIT (count=522)
FCOV-EXPECTATION: gen_rvfi_record_cg.cp_rd.nonzero = HIT (count=829)
FCOV-EXPECTATION: gen_rvfi_record_cg.cp_rd.x0 = HIT (count=1171)
FCOV-EXPECTATION: gen_rvfi_record_cg.cp_rs1.nonzero = HIT (count=829)
FCOV-EXPECTATION: gen_rvfi_record_cg.cp_rs1.x0 = HIT (count=1171)
FCOV-EXPECTATION: gen_rvfi_record_cg.cp_rs2.nonzero = HIT (count=627)
FCOV-EXPECTATION: gen_rvfi_record_cg.cp_rs2.x0 = HIT (count=1373)
FCOV-EXPECTATION: gen_rvfi_record_cg.cp_rs3.nonzero = HIT (count=506)
FCOV-EXPECTATION: gen_rvfi_record_cg.cp_rs3.zero = HIT (count=1494)
FCOV-EXPECTATION: gen_rvfi_record_cg.cp_pc_delta.redirect_other = HIT (count=110)
FCOV-EXPECTATION: gen_rvfi_record_cg.cp_pc_delta.jump_back = HIT (count=414)
FCOV-EXPECTATION: gen_rvfi_record_cg.cp_pc_delta.jump_fwd = HIT (count=113)
FCOV-EXPECTATION: gen_rvfi_record_cg.cp_pc_delta.plus4 = UNHIT (count=0)
FCOV-EXPECTATION: gen_rvfi_record_cg.cp_pc_delta.plus2 = HIT (count=1362)
FCOV-EXPECTATION: gen_rvfi_record_cg.cp_order_step.first = HIT (count=1)
FCOV-EXPECTATION: gen_rvfi_record_cg.cp_pc_continuity.discontinuous_debug = HIT (count=38)
FCOV-EXPECTATION: gen_rvfi_record_cg.cp_pc_continuity.discontinuous_after_flush_redirect = HIT (count=104)
FCOV-EXPECTATION: gen_rvfi_record_cg.cp_pc_continuity.discontinuous_after_trap = HIT (count=1)
FCOV-EXPECTATION: gen_rvfi_record_cg.cp_pc_continuity.continuous = HIT (count=1856)
FCOV-EXPECTATION: gen_rvfi_record_cg.cp_valid_gap.g3_plus = HIT (count=1352)
FCOV-EXPECTATION: gen_rvfi_record_cg.cp_valid_gap.g2 = HIT (count=77)
FCOV-EXPECTATION: gen_rvfi_record_cg.cp_valid_gap.g1 = HIT (count=570)
FCOV-EXPECTATION: gen_rvfi_record_cg.cp_intr_kind.none = HIT (count=2000)
FCOV-EXPECTATION: gen_rvfi_record_cg.cp_rd_source.none = HIT (count=1171)
FCOV-EXPECTATION: gen_rvfi_record_cg.cp_rd_source.alu_wb = HIT (count=829)
FCOV-EXPECTATION: FAIL - 1 declared bin(s) not hit: gen_rvfi_record_cg.cp_pc_delta.plus4
