FCOV-EXPECTATION: gen_cmp_zcmp_pushpop_cg.cp_insn.cm_push = HIT (count=145)
FCOV-EXPECTATION: gen_cmp_zcmp_pushpop_cg.cp_insn.cm_pop = HIT (count=48)
FCOV-EXPECTATION: gen_cmp_zcmp_pushpop_cg.cp_insn.cm_popret = HIT (count=49)
FCOV-EXPECTATION: gen_cmp_zcmp_pushpop_cg.cp_insn.cm_popretz = HIT (count=48)
FCOV-EXPECTATION: gen_cmp_zcmp_pushpop_cg.cp_rlist.r4 = HIT (count=24)
FCOV-EXPECTATION: gen_cmp_zcmp_pushpop_cg.cp_rlist.r5 = HIT (count=26)
FCOV-EXPECTATION: gen_cmp_zcmp_pushpop_cg.cp_rlist.r6 = HIT (count=24)
FCOV-EXPECTATION: gen_cmp_zcmp_pushpop_cg.cp_rlist.r7 = HIT (count=24)
FCOV-EXPECTATION: gen_cmp_zcmp_pushpop_cg.cp_rlist.r8 = HIT (count=24)
FCOV-EXPECTATION: gen_cmp_zcmp_pushpop_cg.cp_rlist.r9 = HIT (count=24)
FCOV-EXPECTATION: gen_cmp_zcmp_pushpop_cg.cp_rlist.r10 = HIT (count=24)
FCOV-EXPECTATION: gen_cmp_zcmp_pushpop_cg.cp_rlist.r11 = HIT (count=24)
FCOV-EXPECTATION: gen_cmp_zcmp_pushpop_cg.cp_rlist.r12 = HIT (count=24)
FCOV-EXPECTATION: gen_cmp_zcmp_pushpop_cg.cp_rlist.r13 = HIT (count=24)
FCOV-EXPECTATION: gen_cmp_zcmp_pushpop_cg.cp_rlist.r14 = HIT (count=24)
FCOV-EXPECTATION: gen_cmp_zcmp_pushpop_cg.cp_rlist.r15 = HIT (count=24)
FCOV-EXPECTATION: gen_cmp_zcmp_pushpop_cg.cp_spimm.s0 = HIT (count=74)
FCOV-EXPECTATION: gen_cmp_zcmp_pushpop_cg.cp_spimm.s1 = HIT (count=72)
FCOV-EXPECTATION: gen_cmp_zcmp_pushpop_cg.cp_spimm.s2 = HIT (count=72)
FCOV-EXPECTATION: gen_cmp_zcmp_pushpop_cg.cp_spimm.s3 = HIT (count=72)
FCOV-EXPECTATION: gen_cmp_zcmp_pushpop_cg.cp_stack_adj.a16 = HIT (count=26)
FCOV-EXPECTATION: gen_cmp_zcmp_pushpop_cg.cp_stack_adj.a32 = HIT (count=48)
FCOV-EXPECTATION: gen_cmp_zcmp_pushpop_cg.cp_stack_adj.a48 = HIT (count=66)
FCOV-EXPECTATION: gen_cmp_zcmp_pushpop_cg.cp_stack_adj.a64 = HIT (count=72)
FCOV-EXPECTATION: gen_cmp_zcmp_pushpop_cg.cp_stack_adj.a80 = HIT (count=48)
FCOV-EXPECTATION: gen_cmp_zcmp_pushpop_cg.cp_stack_adj.a96 = HIT (count=24)
FCOV-EXPECTATION: gen_cmp_zcmp_pushpop_cg.cp_stack_adj.a112 = HIT (count=6)
FCOV-EXPECTATION: gen_cmp_zcmp_pushpop_cg.cp_sp_align.aligned = HIT (count=290)
FCOV-EXPECTATION: gen_cmp_zcmp_pushpop_cg.cp_sp_wrap.none = HIT (count=290)
FCOV-EXPECTATION: gen_cmp_zcmp_pushpop_cg.cp_uop_count_ok.yes = HIT (count=290)
FCOV-EXPECTATION: gen_cmp_zcmp_pushpop_cg.cp_order_ok.yes = HIT (count=290)
FCOV-EXPECTATION: gen_cmp_zcmp_pushpop_cg.cp_rvfi_tags_ok.yes = HIT (count=290)
FCOV-EXPECTATION: gen_cmp_zcmp_pushpop_cg.cp_minstret_once.yes = HIT (count=193)
FCOV-EXPECTATION: gen_cmp_zcmp_pushpop_cg.cp_ret_align.word = HIT (count=48)
FCOV-EXPECTATION: gen_cmp_zcmp_pushpop_cg.cp_ret_align.half = HIT (count=48)
FCOV-EXPECTATION: gen_cmp_zcmp_pushpop_cg.cp_ret_align.odd = HIT (count=1)
FCOV-EXPECTATION: gen_cmp_zcmp_pushpop_cg.cp_dmem_delay.short = HIT (count=290)
FCOV-EXPECTATION: gen_cmp_zcmp_pushpop_cg.cp_dummy_en.off = HIT (count=290)
FCOV-EXPECTATION: PASS - all 38 declared bins hit
