GEN_FU_L67_CENSUS  the ibus grant repair, four flow runs and three local controls
written 2026-09-08T04:21:31Z  every figure below is read from the run directory named in its row

BUILDS
  committed driver  ee744537bae060fbed5671fb5941a2bf60a7afe4f66bbe7bc448ab9833217533
                    dv/auto_dv/out_l65w3/build/gen_tb, every run in it recording git=5a64b1e
  repaired driver   3dd4530832d978cdebe71258f2398a61db4e681f9c88f8ec81e187de23e1b8b7
                    dv/auto_dv/out_gnt2/build/gen_tb, every run in it recording git=de4f7d9

  The before column is the driver HEAD CARRIES, not merely the driver of an older commit: 5a64b1e is an
  ancestor of HEAD 8869874, and both repair files hash the same at both, gen_bus_if.sv to
  efc37cb28fd2 and gen_agents_pkg.sv to c271ef7cce08 (sha256 first-12). Nothing landed on either file
  between the before build and this measurement.
  local controls    c670b56ff4556f3e, gen_tb_local.sh on the same repaired sources
  The two flow builds report the same RTL digest, sha256 3c34c8f93234ba1994ca387589bae8f6691cd35dcde10e3d9335ebb9c5d6f492.

TEST  gen_test_irq_basic through gen_run.py, one fresh run directory per seed, program generated by the run.
      Both seeds carry the same program on both drivers: seed 165313640 crc32 03c84170, 217 words.

1. THE GRANT PROPERTY

| run | sva_ibus_gnt_only_with_req | first at |
|---|---|---|
| before 165313640  | 1 | 183385000 ps (18338500 ticks, cycle 18334) |
| before 1207954461 | 1 | 92505000 ps (9250500 ticks) |
| after 165313640   | 0 | - |
| after 1207954461  | 0 | - |

Both before times are the times rtl-arch's pair record recorded for these seeds
(dv/auto_dv/evidence/gen_ibus_props_irq_signature_reading.md Section 3: 18338500 and 9250500), so the
firing reproduces on this base at the tick, not merely in kind.

2. WHAT ELSE THE RUNS COLLECTED, by UVM_ERROR id

  before 165313640   333 errors
    15 crash_dump; 101 isa_insn; 4 isa_mem; 101 isa_pc; 102 isa_pc_next; 4 isa_rd;
    1 sva_ibus_gnt_only_with_req; 1 sva_ibus_rvalid_outstanding; 1 sva_rvalid_legal;
    2 sva_rvfi_irq_valid_exclusive; 1 MEM_UNMAPPED write to 0x00000080 at 18357500
  before 1207954461  102803 errors
    23369 crash_dump; 258 irq_entry; 23387 isa_insn; 2279 isa_mem; 23384 isa_pc; 18553 isa_pc_next;
    1 isa_prv; 9126 isa_rd; 2439 isa_trap; 1 sva_ibus_gnt_only_with_req;
    1 sva_ibus_rvalid_outstanding; 1 sva_rvalid_legal; 3 sva_rvfi_irq_valid_exclusive;
    1 MEM_UNMAPPED write to 0x40000000 at 9284500
  after 165313640    2 errors: 2 sva_rvfi_irq_valid_exclusive
  after 1207954461   5 errors: 5 sva_rvfi_irq_valid_exclusive

  Neither before run prints a UVM Report Summary, because the cocotb side owns end of simulation and
  calls $finish on its own failure, so these totals are the counting command's own count of UVM_ERROR
  lines. Both after runs do print one, and it agrees: UVM_ERROR : 2 on seed 165313640.

3. WHAT THE RUNS DID, which is the part the error counts hide

| run | cocotb | end of test | cycles | retired |
|---|---|---|---|---|
| before 165313640  | FAIL | reached 20 of 20 scheduled entries by EOT | 19164 | 1775 |
| after 165313640   | PASS | reached 20 of 20 scheduled entries by EOT | 19367 | 1804 |
| before 1207954461 | FAIL | NEVER REACHED: "end-of-test store 84 of 93 not seen within 16 x 100000 cycles (cycle 1627537, retired 23849) although the core keeps retiring (runaway program)" | 1627542 | 23849 |
| after 1207954461  | PASS | reached 21 of 21 scheduled entries by EOT | 47131 | 1658 |

  This is what 102803 errors on the second seed actually means. The phantom grant derails the program:
  it runs 35 times longer than the repaired run, retires 23849 instructions instead of 1658, never
  reaches its end-of-test store, and is stopped by the cocotb module's runaway detector. The error count
  is one consequence of a runaway, not 102803 findings.

  The first seed's collapse is contained by comparison: the program still finishes its schedule, 29
  retirements apart from the repaired run, and the 333 errors are the lockstep comparator reporting the
  fetches the phantom grant corrupted between cycle 18374 and cycle 18951.

4. THE FLOW VERDICT DOES NOT MOVE, AND SAYING SO IS THE POINT

  All four runs end verdict: FAIL, and on all four the reason field names the same item,
  sva_rvfi_irq_valid_exclusive. That item is the LOG-085 frozen property replacement, not this repair's
  business. THE REPAIR DOES NOT MAKE THIS TEST GREEN. What it does is remove the grant firing, the
  unbooked response, the lockstep collapse and the runaway, and turn the cocotb-side test from FAIL to
  PASS on both seeds. A reader who takes the verdict line alone will see no change at all.

5. GRANT ACCOUNTING AND THE POSITIVE CONTROL

  Driver report lines, after runs, gen_agents_pkg.sv(407):
    after 165313640   dbus grants=121 responses=121 injected_err=0 injected_intg=0 withdrawn=0
                      ibus grants=7378 responses=7374 injected_err=0 injected_intg=0 withdrawn=1
    after 1207954461  dbus grants=216 responses=216 injected_err=0 injected_intg=0 withdrawn=0
                      ibus grants=3779 responses=3779 injected_err=0 injected_intg=0 withdrawn=3

  withdrawn is the new counter: a falling-edge decision the gate refused at the accepting edge. On seed
  165313640 it reads exactly one, and the committed driver on that seed produced exactly one firing. The
  gate acted where the defect was, so the zero in Section 1 is a measurement and not an absence of
  stimulus.

  WHAT withdrawn IS NOT: the number of firings the committed driver would have produced. Past the first
  phantom grant the two runs are different experiments, and the second seed shows how different - a
  runaway against a clean 47k-cycle run. Only the first withdrawal is comparable, and there it is one
  against one.

  The before runs print no driver report at all, for the $finish reason in Section 2. Their bus activity
  is available only through the interface cover, gen_bus_if.sv:55 cov_rvalid_legal:
    before 165313640   ibus 7158 matches of 19165 attempts, dbus 120 of 19165
    before 1207954461  ibus 72462 matches of 1627543 attempts, dbus 2371 of 1627543
  Against the after runs' 7374 ibus responses on the first seed that is the same order of traffic; on the
  second it is the runaway again, 19 times the responses over 35 times the cycles.

6. THE DATA SIDE, three local runs on the repaired driver, build c670b56ff4556f3e

  gen_ut_intg_span    no UVM_ERROR ids   withdrawn=0 dbus, 0 ibus   cocotb TESTS=1 PASS=1 FAIL=0 SKIP=0
  gen_ut_intg_store   no UVM_ERROR ids   withdrawn=0 dbus, 0 ibus   cocotb TESTS=1 PASS=1 FAIL=0 SKIP=0
  gen_ut_counters     no UVM_ERROR ids   withdrawn=0 dbus, 0 ibus   cocotb TESTS=1 PASS=1 FAIL=0 SKIP=0
                      (the B17 program, so the counter model's fire-check re-passes with the ranges in
                      the testlist)

  One driver class serves both buses, so the change tightens the data side too, where no phantom grant
  was ever reported. Zero withdrawals there is the expected reading and it is what these runs show:
  nothing on the data side was relying on a grant standing over a withdrawn request.

7. A DIFFERENCE FROM THE PAIR RECORD I AM NOT RESOLVING HERE

  rtl-arch's pair record also lists, for seed 165313640, sva_ibus_rvalid_outstanding 8 firings and
  sva_ibus_outstanding_max 280. My before run on this base reads 1 and none. The pair record's runs come
  from the wave regression under /proj_soc/user_dev/fzhang/ibex_dv_out/regress_wave_4017573, a base
  older than the saturating-counter landings, and those two ids are precisely the every-cycle floods
  that a wrapping outstanding counter produced and that those landings removed. That is the explanation
  the numbers fit; I have not rebuilt their base to confirm it, so it stands as a reading and not a
  measurement. It does not touch this repair either way: the grant firing itself reproduces at the tick.
