Running new bashrc
Unloading: soc_tools version 1.0
Unloading: git version 2.26.2
Unloading: Bender version 0.28.1-tenstorrent8-mr_fixes
Unloading: Python version 3.9
Unloading: Perl version perl-5.36.0
Loading:   soc_tools version 1.0
Loading:   git version 2.26.2
Loading:   Bender version 0.28.1-tenstorrent8-mr_fixes
Loading:   Python version 3.9
Loading:   Perl version perl-5.36.0
lockstep_muldiv: verdict: PASS reason: no collected failure mechanism; end marker and config banner present  uvm_err=1
end 20:38:20Z
urg lockstep_muldiv exit=0 dashboard.txt groups.txt grpinfo.txt session.xml tests.txt 
lockstep_alu: verdict: PASS reason: no collected failure mechanism; end marker and config banner present  uvm_err=1
end 20:38:26Z
urg lockstep_alu exit=0 dashboard.txt groups.txt grpinfo.txt session.xml tests.txt 
lockstep_bitcnt: verdict: PASS reason: no collected failure mechanism; end marker and config banner present  uvm_err=1
end 20:38:31Z
urg lockstep_bitcnt exit=0 dashboard.txt groups.txt grpinfo.txt session.xml tests.txt 
lockstep_zca: verdict: PASS reason: no collected failure mechanism; end marker and config banner present  uvm_err=1
end 20:38:35Z
urg lockstep_zca exit=0 dashboard.txt groups.txt grpinfo.txt session.xml tests.txt 
lockstep_zcmp: verdict: PASS reason: no collected failure mechanism; end marker and config banner present  uvm_err=1
end 20:38:40Z
urg lockstep_zcmp exit=0 dashboard.txt groups.txt grpinfo.txt session.xml tests.txt 
lockstep_zcmp_min1: verdict: PASS reason: no collected failure mechanism; end marker and config banner present  uvm_err=1
end 20:38:44Z
urg lockstep_zcmp_min1 exit=0 dashboard.txt groups.txt grpinfo.txt session.xml tests.txt 
lockstep_zcmp_long: verdict: PASS reason: no collected failure mechanism; end marker and config banner present  uvm_err=1
end 20:38:48Z
urg lockstep_zcmp_long exit=0 dashboard.txt groups.txt grpinfo.txt session.xml tests.txt 
lockstep_zcmp_random: verdict: PASS reason: no collected failure mechanism; end marker and config banner present  uvm_err=1
end 20:38:53Z
urg lockstep_zcmp_random exit=0 dashboard.txt groups.txt grpinfo.txt session.xml tests.txt 
lockstep_zcmp_mis: verdict: PASS reason: no collected failure mechanism; end marker and config banner present  uvm_err=1
end 20:38:57Z
urg lockstep_zcmp_mis exit=0 dashboard.txt groups.txt grpinfo.txt session.xml tests.txt 
lockstep_branch: verdict: PASS reason: no collected failure mechanism; end marker and config banner present  uvm_err=1
end 20:39:02Z
urg lockstep_branch exit=0 dashboard.txt groups.txt grpinfo.txt session.xml tests.txt 
lockstep_zcmp_mv: verdict: PASS reason: no collected failure mechanism; end marker and config banner present  uvm_err=1
end 20:39:06Z
urg lockstep_zcmp_mv exit=0 dashboard.txt groups.txt grpinfo.txt session.xml tests.txt 
lockstep_csrwarl: verdict: PASS reason: no collected failure mechanism; end marker and config banner present  uvm_err=1
end 20:39:12Z
urg lockstep_csrwarl exit=0 dashboard.txt groups.txt grpinfo.txt session.xml tests.txt 
lockstep_csrwarl_off: verdict: PASS reason: no collected failure mechanism; end marker and config banner present  uvm_err=1
end 20:39:16Z
urg lockstep_csrwarl_off exit=0 dashboard.txt groups.txt grpinfo.txt session.xml tests.txt 
lockstep_csrwarl_inv: verdict: PASS reason: no collected failure mechanism; end marker and config banner present  uvm_err=1
end 20:39:20Z
urg lockstep_csrwarl_inv exit=0 dashboard.txt groups.txt grpinfo.txt session.xml tests.txt 
lockstep_sbit: verdict: PASS reason: no collected failure mechanism; end marker and config banner present  uvm_err=1
end 20:39:25Z
urg lockstep_sbit exit=0 dashboard.txt groups.txt grpinfo.txt session.xml tests.txt 
lockstep_zcb: verdict: PASS reason: no collected failure mechanism; end marker and config banner present  uvm_err=1
end 20:39:29Z
urg lockstep_zcb exit=0 dashboard.txt groups.txt grpinfo.txt session.xml tests.txt 
start 20:39:31Z sources sha256: e0ed7268dea314ef
ut_witness: verdict: PASS reason: no collected failure mechanism; end marker and config banner present  uvm_err=1
lockstep_zcmp_dummy: verdict: FAIL reason: uvm_error at sim.log:33  uvm_err=27
lockstep_zcmp_mv_res: verdict: FAIL reason: uvm_error at sim.log:33  uvm_err=32
ut_isa_cov_zc: verdict: PASS reason: no collected failure mechanism; end marker and config banner present  uvm_err=1
ut_isa_cov_alu: verdict: PASS reason: no collected failure mechanism; end marker and config banner present  uvm_err=1
ut_isa_cov_zcmp_n: verdict: PASS reason: no collected failure mechanism; end marker and config banner present  uvm_err=1
ut_isa_cov_zcmp_minstret: verdict: PASS reason: no collected failure mechanism; end marker and config banner present  uvm_err=1
ut_isa_cov_bitcnt: verdict: PASS reason: no collected failure mechanism; end marker and config banner present  uvm_err=1
boot_zc: verdict: PASS reason: no collected failure mechanism; end marker and config banner present  uvm_err=1
lockstep_zc: verdict: PASS reason: no collected failure mechanism; end marker and config banner present  uvm_err=1
end 20:39:53Z
