FCOV-EXPECTATION: gen_csr_trap_setup_warl_cg.cp_csr.menvcfgh = HIT (count=14)
FCOV-EXPECTATION: gen_csr_trap_setup_warl_cg.cp_csr.menvcfg = HIT (count=14)
FCOV-EXPECTATION: gen_csr_trap_setup_warl_cg.cp_csr.mstatush = HIT (count=14)
FCOV-EXPECTATION: gen_csr_trap_setup_warl_cg.cp_csr.mcounteren = HIT (count=34)
FCOV-EXPECTATION: gen_csr_trap_setup_warl_cg.cp_csr.mtvec = HIT (count=37)
FCOV-EXPECTATION: gen_csr_trap_setup_warl_cg.cp_csr.mie = HIT (count=36)
FCOV-EXPECTATION: gen_csr_trap_setup_warl_cg.cp_csr.misa = HIT (count=14)
FCOV-EXPECTATION: gen_csr_trap_setup_warl_cg.cp_csr.mstatus = HIT (count=52)
FCOV-EXPECTATION: gen_csr_trap_setup_warl_cg.cp_op.csrrci = HIT (count=13)
FCOV-EXPECTATION: gen_csr_trap_setup_warl_cg.cp_op.csrrsi = HIT (count=12)
FCOV-EXPECTATION: gen_csr_trap_setup_warl_cg.cp_op.csrrwi = HIT (count=30)
FCOV-EXPECTATION: gen_csr_trap_setup_warl_cg.cp_op.csrrc = HIT (count=25)
FCOV-EXPECTATION: gen_csr_trap_setup_warl_cg.cp_op.csrrs = HIT (count=25)
FCOV-EXPECTATION: gen_csr_trap_setup_warl_cg.cp_op.csrrw = HIT (count=110)
FCOV-EXPECTATION: gen_csr_trap_setup_warl_cg.cp_wpat.msb_only = HIT (count=13)
FCOV-EXPECTATION: gen_csr_trap_setup_warl_cg.cp_wpat.illegal_only = HIT (count=22)
FCOV-EXPECTATION: gen_csr_trap_setup_warl_cg.cp_wpat.legal_only = HIT (count=73)
FCOV-EXPECTATION: gen_csr_trap_setup_warl_cg.cp_wpat.all0 = HIT (count=28)
FCOV-EXPECTATION: gen_csr_trap_setup_warl_cg.cp_wpat.all1 = HIT (count=22)
FCOV-EXPECTATION: gen_csr_trap_setup_warl_cg.cp_wpat.rand = HIT (count=57)
FCOV-EXPECTATION: gen_csr_trap_setup_warl_cg.cp_rd.nonx0 = HIT (count=195)
FCOV-EXPECTATION: gen_csr_trap_setup_warl_cg.cp_rd.x0 = HIT (count=20)
FCOV-EXPECTATION: gen_csr_trap_setup_warl_cg.cp_mpp_w.m = HIT (count=7)
FCOV-EXPECTATION: gen_csr_trap_setup_warl_cg.cp_mpp_w.h = HIT (count=4)
FCOV-EXPECTATION: gen_csr_trap_setup_warl_cg.cp_mpp_w.s = HIT (count=2)
FCOV-EXPECTATION: gen_csr_trap_setup_warl_cg.cp_mpp_w.u = HIT (count=39)
FCOV-EXPECTATION: gen_csr_trap_setup_warl_cg.cp_mst_mie_w.b1 = HIT (count=20)
FCOV-EXPECTATION: gen_csr_trap_setup_warl_cg.cp_mst_mie_w.b0 = HIT (count=32)
FCOV-EXPECTATION: gen_csr_trap_setup_warl_cg.cp_mst_mpie_w.b1 = HIT (count=11)
FCOV-EXPECTATION: gen_csr_trap_setup_warl_cg.cp_mst_mpie_w.b0 = HIT (count=41)
FCOV-EXPECTATION: gen_csr_trap_setup_warl_cg.cp_mst_mprv_w.b1 = HIT (count=11)
FCOV-EXPECTATION: gen_csr_trap_setup_warl_cg.cp_mst_mprv_w.b0 = HIT (count=41)
FCOV-EXPECTATION: gen_csr_trap_setup_warl_cg.cp_mst_tw_w.b1 = HIT (count=11)
FCOV-EXPECTATION: gen_csr_trap_setup_warl_cg.cp_mst_tw_w.b0 = HIT (count=41)
FCOV-EXPECTATION: gen_csr_trap_setup_warl_cg.cp_mtvec_mode_w.r11 = HIT (count=8)
FCOV-EXPECTATION: gen_csr_trap_setup_warl_cg.cp_mtvec_mode_w.r10 = HIT (count=4)
FCOV-EXPECTATION: gen_csr_trap_setup_warl_cg.cp_mtvec_mode_w.v01 = HIT (count=9)
FCOV-EXPECTATION: gen_csr_trap_setup_warl_cg.cp_mtvec_mode_w.d00 = HIT (count=16)
FCOV-EXPECTATION: gen_csr_trap_setup_warl_cg.cp_mtvec_lo_w.nonzero = HIT (count=11)
FCOV-EXPECTATION: gen_csr_trap_setup_warl_cg.cp_mtvec_lo_w.zero = HIT (count=26)
FCOV-EXPECTATION: gen_csr_trap_setup_warl_cg.cp_mtvec_base_w.rand = HIT (count=11)
FCOV-EXPECTATION: gen_csr_trap_setup_warl_cg.cp_mtvec_base_w.high = HIT (count=7)
FCOV-EXPECTATION: gen_csr_trap_setup_warl_cg.cp_mtvec_base_w.boot_page = HIT (count=6)
FCOV-EXPECTATION: gen_csr_trap_setup_warl_cg.cp_mtvec_base_w.low = HIT (count=13)
FCOV-EXPECTATION: gen_csr_trap_setup_warl_cg.cp_mie_w.all_fast = HIT (count=4)
FCOV-EXPECTATION: gen_csr_trap_setup_warl_cg.cp_mie_w.ro_only = HIT (count=3)
FCOV-EXPECTATION: gen_csr_trap_setup_warl_cg.cp_mie_w.std_fast = HIT (count=4)
FCOV-EXPECTATION: gen_csr_trap_setup_warl_cg.cp_mie_w.fast_only = HIT (count=6)
FCOV-EXPECTATION: gen_csr_trap_setup_warl_cg.cp_mie_w.std_only = HIT (count=13)
FCOV-EXPECTATION: gen_csr_trap_setup_warl_cg.cp_mcen_gate.invalid = HIT (count=34)
FCOV-EXPECTATION: gen_csr_trap_setup_warl_cg.cp_mcen_w.all1 = HIT (count=2)
FCOV-EXPECTATION: gen_csr_trap_setup_warl_cg.cp_mcen_w.hi_ro = HIT (count=3)
FCOV-EXPECTATION: gen_csr_trap_setup_warl_cg.cp_mcen_w.tm_ro = HIT (count=1)
FCOV-EXPECTATION: gen_csr_trap_setup_warl_cg.cp_mcen_w.hpm12 = HIT (count=1)
FCOV-EXPECTATION: gen_csr_trap_setup_warl_cg.cp_mcen_w.hpm11 = HIT (count=1)
FCOV-EXPECTATION: gen_csr_trap_setup_warl_cg.cp_mcen_w.hpm10 = HIT (count=1)
FCOV-EXPECTATION: gen_csr_trap_setup_warl_cg.cp_mcen_w.hpm9 = HIT (count=1)
FCOV-EXPECTATION: gen_csr_trap_setup_warl_cg.cp_mcen_w.hpm8 = HIT (count=1)
FCOV-EXPECTATION: gen_csr_trap_setup_warl_cg.cp_mcen_w.hpm7 = HIT (count=1)
FCOV-EXPECTATION: gen_csr_trap_setup_warl_cg.cp_mcen_w.hpm6 = HIT (count=1)
FCOV-EXPECTATION: gen_csr_trap_setup_warl_cg.cp_mcen_w.hpm5 = HIT (count=1)
FCOV-EXPECTATION: gen_csr_trap_setup_warl_cg.cp_mcen_w.hpm4 = HIT (count=1)
FCOV-EXPECTATION: gen_csr_trap_setup_warl_cg.cp_mcen_w.hpm3 = HIT (count=1)
FCOV-EXPECTATION: gen_csr_trap_setup_warl_cg.cp_mcen_w.ir = HIT (count=4)
FCOV-EXPECTATION: gen_csr_trap_setup_warl_cg.cp_mcen_w.cy = HIT (count=4)
FCOV-EXPECTATION: PASS - all 65 declared bins hit
