FCOV-EXPECTATION: gen_cmp_zcb_cg.cp_insn.c_mul = HIT (count=6)
FCOV-EXPECTATION: gen_cmp_zcb_cg.cp_insn.c_not = HIT (count=5)
FCOV-EXPECTATION: gen_cmp_zcb_cg.cp_insn.c_sext_h = HIT (count=5)
FCOV-EXPECTATION: gen_cmp_zcb_cg.cp_insn.c_zext_h = HIT (count=5)
FCOV-EXPECTATION: gen_cmp_zcb_cg.cp_insn.c_sext_b = HIT (count=5)
FCOV-EXPECTATION: gen_cmp_zcb_cg.cp_insn.c_zext_b = HIT (count=5)
FCOV-EXPECTATION: gen_cmp_zcb_cg.cp_insn.c_sh = HIT (count=8)
FCOV-EXPECTATION: gen_cmp_zcb_cg.cp_insn.c_sb = HIT (count=8)
FCOV-EXPECTATION: gen_cmp_zcb_cg.cp_insn.c_lh = HIT (count=8)
FCOV-EXPECTATION: gen_cmp_zcb_cg.cp_insn.c_lhu = HIT (count=8)
FCOV-EXPECTATION: gen_cmp_zcb_cg.cp_insn.c_lbu = HIT (count=8)
FCOV-EXPECTATION: gen_cmp_zcb_cg.cp_uimm_b.u3 = HIT (count=4)
FCOV-EXPECTATION: gen_cmp_zcb_cg.cp_uimm_b.u2 = HIT (count=4)
FCOV-EXPECTATION: gen_cmp_zcb_cg.cp_uimm_b.u1 = HIT (count=4)
FCOV-EXPECTATION: gen_cmp_zcb_cg.cp_uimm_b.u0 = HIT (count=4)
FCOV-EXPECTATION: gen_cmp_zcb_cg.cp_uimm_h.u2 = HIT (count=12)
FCOV-EXPECTATION: gen_cmp_zcb_cg.cp_uimm_h.u0 = HIT (count=12)
FCOV-EXPECTATION: gen_cmp_zcb_cg.cp_data_sign.neg = HIT (count=12)
FCOV-EXPECTATION: gen_cmp_zcb_cg.cp_data_sign.pos = HIT (count=12)
FCOV-EXPECTATION: gen_cmp_zcb_cg.cp_alu_operand.all_ones = HIT (count=6)
FCOV-EXPECTATION: gen_cmp_zcb_cg.cp_alu_operand.zero = HIT (count=6)
FCOV-EXPECTATION: gen_cmp_zcb_cg.cp_alu_operand.bit15_set = HIT (count=6)
FCOV-EXPECTATION: gen_cmp_zcb_cg.cp_alu_operand.bit7_clear = HIT (count=7)
FCOV-EXPECTATION: gen_cmp_zcb_cg.cp_alu_operand.bit7_set = HIT (count=6)
FCOV-EXPECTATION: gen_cmp_zcb_cg.cp_addr_align.mis3 = HIT (count=6)
FCOV-EXPECTATION: gen_cmp_zcb_cg.cp_addr_align.mis1 = HIT (count=6)
FCOV-EXPECTATION: gen_cmp_zcb_cg.cp_addr_align.aligned = HIT (count=12)
FCOV-EXPECTATION: gen_cmp_zcb_cg.cp_regs.distinct = HIT (count=5)
FCOV-EXPECTATION: gen_cmp_zcb_cg.cp_regs.same = HIT (count=1)
FCOV-EXPECTATION: PASS - all 29 declared bins hit
