start 04:03:44Z sources sha256: 98518617fecfcf64
ut_witness: verdict: PASS reason: no collected failure mechanism; end marker and config banner present  uvm_err=1
lockstep_alu: verdict: PASS reason: no collected failure mechanism; end marker and config banner present  uvm_err=1
lockstep_bitcnt: verdict: PASS reason: no collected failure mechanism; end marker and config banner present  uvm_err=1
lockstep_zca: verdict: PASS reason: no collected failure mechanism; end marker and config banner present  uvm_err=1
lockstep_zcmp_mis: verdict: PASS reason: no collected failure mechanism; end marker and config banner present  uvm_err=1
lockstep_zcmp_min1: verdict: PASS reason: no collected failure mechanism; end marker and config banner present  uvm_err=1
lockstep_zcmp_long: verdict: PASS reason: no collected failure mechanism; end marker and config banner present  uvm_err=1
lockstep_zcmp_random: verdict: PASS reason: no collected failure mechanism; end marker and config banner present  uvm_err=1
lockstep_zcmp_dummy: verdict: FAIL reason: uvm_error at sim.log:33  uvm_err=27
lockstep_branch: verdict: PASS reason: no collected failure mechanism; end marker and config banner present  uvm_err=1
lockstep_zcmp_mv: verdict: PASS reason: no collected failure mechanism; end marker and config banner present  uvm_err=1
lockstep_pmc_s1_on: verdict: PASS reason: no collected failure mechanism; end marker and config banner present  uvm_err=1
lockstep_pmc_s1_off: verdict: PASS reason: no collected failure mechanism; end marker and config banner present  uvm_err=1
ut_isa_cov_alu: verdict: PASS reason: no collected failure mechanism; end marker and config banner present  uvm_err=1
ut_isa_cov_zcmp_n: verdict: PASS reason: no collected failure mechanism; end marker and config banner present  uvm_err=1
ut_isa_cov_zcmp_minstret: verdict: PASS reason: no collected failure mechanism; end marker and config banner present  uvm_err=1
ut_isa_cov_bitcnt: verdict: PASS reason: no collected failure mechanism; end marker and config banner present  uvm_err=1
lockstep_zc: verdict: PASS reason: no collected failure mechanism; end marker and config banner present  uvm_err=1
lockstep_s7: verdict: PASS reason: no collected failure mechanism; end marker and config banner present  uvm_err=1
lockstep_irq_storm_nmi: verdict: PASS reason: no collected failure mechanism; end marker and config banner present  uvm_err=1
intg_s7_allchk: verdict: PASS reason: no collected failure mechanism; end marker and config banner present  uvm_err=1
end 04:04:51Z
