FCOV-EXPECTATION: gen_cmp_zcmp_hazard_cg.cp_hazard.popretz_ft_cm = HIT (count=3)
FCOV-EXPECTATION: gen_cmp_zcmp_hazard_cg.cp_hazard.popret_ft_cm = HIT (count=3)
FCOV-EXPECTATION: gen_cmp_zcmp_hazard_cg.cp_hazard.mvsa01_then_mva01s = HIT (count=1)
FCOV-EXPECTATION: gen_cmp_zcmp_hazard_cg.cp_hazard.popretz_then_target = HIT (count=3)
FCOV-EXPECTATION: gen_cmp_zcmp_hazard_cg.cp_hazard.popret_then_target = HIT (count=4)
FCOV-EXPECTATION: gen_cmp_zcmp_hazard_cg.cp_hazard.pop_then_push_b2b = HIT (count=2)
FCOV-EXPECTATION: gen_cmp_zcmp_hazard_cg.cp_hazard.push_then_pop_b2b = HIT (count=3)
FCOV-EXPECTATION: gen_cmp_zcmp_hazard_cg.cp_hazard.popret_ra_deferred = HIT (count=7)
FCOV-EXPECTATION: gen_cmp_zcmp_hazard_cg.cp_hazard.load_then_mva01s = HIT (count=1)
FCOV-EXPECTATION: gen_cmp_zcmp_hazard_cg.cp_hazard.load_pushed_reg_then_push = HIT (count=3)
FCOV-EXPECTATION: gen_cmp_zcmp_hazard_cg.cp_hazard.write_pushed_reg_then_push = HIT (count=8)
FCOV-EXPECTATION: gen_cmp_zcmp_hazard_cg.cp_hazard.store_same_slot_then_pop = HIT (count=3)
FCOV-EXPECTATION: gen_cmp_zcmp_hazard_cg.cp_ft_kind.cm_mva01s = HIT (count=1)
FCOV-EXPECTATION: gen_cmp_zcmp_hazard_cg.cp_ft_kind.cm_mvsa01 = HIT (count=1)
FCOV-EXPECTATION: gen_cmp_zcmp_hazard_cg.cp_ft_kind.cm_popretz = HIT (count=1)
FCOV-EXPECTATION: gen_cmp_zcmp_hazard_cg.cp_ft_kind.cm_popret = HIT (count=1)
FCOV-EXPECTATION: gen_cmp_zcmp_hazard_cg.cp_ft_kind.cm_pop = HIT (count=1)
FCOV-EXPECTATION: gen_cmp_zcmp_hazard_cg.cp_ft_kind.cm_push = HIT (count=1)
FCOV-EXPECTATION: gen_cmp_zcmp_hazard_cg.cp_ret_once.yes = HIT (count=7)
FCOV-EXPECTATION: gen_cmp_zcmp_hazard_cg.cp_redirect_once.yes = HIT (count=7)
FCOV-EXPECTATION: gen_cmp_zcmp_hazard_cg.cp_rlist_class.r15 = HIT (count=4)
FCOV-EXPECTATION: gen_cmp_zcmp_hazard_cg.cp_rlist_class.r5_14 = HIT (count=12)
FCOV-EXPECTATION: gen_cmp_zcmp_hazard_cg.cp_rlist_class.r4 = HIT (count=23)
FCOV-EXPECTATION: gen_cmp_zcmp_hazard_cg.cp_dmem_delay.short = HIT (count=40)
FCOV-EXPECTATION: gen_cmp_zcmp_hazard_cg.cp_delta_uop.some_stall = HIT (count=16)
FCOV-EXPECTATION: gen_cmp_zcmp_hazard_cg.cp_delta_uop.all_one = HIT (count=25)
FCOV-EXPECTATION: PASS - all 26 declared bins hit
