FCOV-EXPECTATION: gen_bit_zba_zbb_ops_cg.cp_op.packh = HIT (count=392)
FCOV-EXPECTATION: gen_bit_zba_zbb_ops_cg.cp_op.packu = HIT (count=196)
FCOV-EXPECTATION: gen_bit_zba_zbb_ops_cg.cp_op.pack = HIT (count=392)
FCOV-EXPECTATION: gen_bit_zba_zbb_ops_cg.cp_op.zext_h = HIT (count=196)
FCOV-EXPECTATION: gen_bit_zba_zbb_ops_cg.cp_op.sext_h = HIT (count=196)
FCOV-EXPECTATION: gen_bit_zba_zbb_ops_cg.cp_op.sext_b = HIT (count=392)
FCOV-EXPECTATION: gen_bit_zba_zbb_ops_cg.cp_op.maxu = HIT (count=196)
FCOV-EXPECTATION: gen_bit_zba_zbb_ops_cg.cp_op.minu = HIT (count=392)
FCOV-EXPECTATION: gen_bit_zba_zbb_ops_cg.cp_op.max = HIT (count=392)
FCOV-EXPECTATION: gen_bit_zba_zbb_ops_cg.cp_op.min = HIT (count=392)
FCOV-EXPECTATION: gen_bit_zba_zbb_ops_cg.cp_op.xnor = HIT (count=392)
FCOV-EXPECTATION: gen_bit_zba_zbb_ops_cg.cp_op.orn = HIT (count=196)
FCOV-EXPECTATION: gen_bit_zba_zbb_ops_cg.cp_op.andn = HIT (count=392)
FCOV-EXPECTATION: gen_bit_zba_zbb_ops_cg.cp_op.sh3add = HIT (count=196)
FCOV-EXPECTATION: gen_bit_zba_zbb_ops_cg.cp_op.sh2add = HIT (count=196)
FCOV-EXPECTATION: gen_bit_zba_zbb_ops_cg.cp_op.sh1add = HIT (count=588)
FCOV-EXPECTATION: gen_bit_zba_zbb_ops_cg.cp_rs1_class.neg_rand = HIT (count=728)
FCOV-EXPECTATION: gen_bit_zba_zbb_ops_cg.cp_rs1_class.pos_rand = HIT (count=1456)
FCOV-EXPECTATION: gen_bit_zba_zbb_ops_cg.cp_rs1_class.half_msb = HIT (count=364)
FCOV-EXPECTATION: gen_bit_zba_zbb_ops_cg.cp_rs1_class.byte_msb = HIT (count=364)
FCOV-EXPECTATION: gen_bit_zba_zbb_ops_cg.cp_rs1_class.e0000000 = HIT (count=364)
FCOV-EXPECTATION: gen_bit_zba_zbb_ops_cg.cp_rs1_class.one = HIT (count=364)
FCOV-EXPECTATION: gen_bit_zba_zbb_ops_cg.cp_rs1_class.int_max = HIT (count=364)
FCOV-EXPECTATION: gen_bit_zba_zbb_ops_cg.cp_rs1_class.int_min = HIT (count=364)
FCOV-EXPECTATION: gen_bit_zba_zbb_ops_cg.cp_rs1_class.all_ones = HIT (count=364)
FCOV-EXPECTATION: gen_bit_zba_zbb_ops_cg.cp_rs1_class.zero = HIT (count=364)
FCOV-EXPECTATION: gen_bit_zba_zbb_ops_cg.cp_rs2_class.neg_rand = HIT (count=924)
FCOV-EXPECTATION: gen_bit_zba_zbb_ops_cg.cp_rs2_class.pos_rand = HIT (count=1848)
FCOV-EXPECTATION: gen_bit_zba_zbb_ops_cg.cp_rs2_class.one = HIT (count=308)
FCOV-EXPECTATION: gen_bit_zba_zbb_ops_cg.cp_rs2_class.int_max = HIT (count=308)
FCOV-EXPECTATION: gen_bit_zba_zbb_ops_cg.cp_rs2_class.int_min = HIT (count=308)
FCOV-EXPECTATION: gen_bit_zba_zbb_ops_cg.cp_rs2_class.all_ones = HIT (count=308)
FCOV-EXPECTATION: gen_bit_zba_zbb_ops_cg.cp_rs2_class.zero = HIT (count=1092)
FCOV-EXPECTATION: gen_bit_zba_zbb_ops_cg.cp_eq_operands.yes = HIT (count=1274)
FCOV-EXPECTATION: gen_bit_zba_zbb_ops_cg.cp_eq_operands.no = HIT (count=3822)
FCOV-EXPECTATION: gen_bit_zba_zbb_ops_cg.cp_same_regs.distinct = HIT (count=4116)
FCOV-EXPECTATION: gen_bit_zba_zbb_ops_cg.cp_same_regs.all_same = HIT (count=196)
FCOV-EXPECTATION: gen_bit_zba_zbb_ops_cg.cp_same_regs.rs1_eq_rs2 = HIT (count=784)
FCOV-EXPECTATION: gen_bit_zba_zbb_ops_cg.cp_rd_x0.yes = HIT (count=980)
FCOV-EXPECTATION: gen_bit_zba_zbb_ops_cg.cp_rd_x0.no = HIT (count=4116)
FCOV-EXPECTATION: gen_bit_zba_zbb_ops_cg.cp_sign_pair.nn = HIT (count=775)
FCOV-EXPECTATION: gen_bit_zba_zbb_ops_cg.cp_sign_pair.np = HIT (count=1045)
FCOV-EXPECTATION: gen_bit_zba_zbb_ops_cg.cp_sign_pair.pn = HIT (count=765)
FCOV-EXPECTATION: gen_bit_zba_zbb_ops_cg.cp_sign_pair.pp = HIT (count=2511)
FCOV-EXPECTATION: gen_bit_zba_zbb_ops_cg.cp_result_class.other = HIT (count=2995)
FCOV-EXPECTATION: gen_bit_zba_zbb_ops_cg.cp_result_class.int_max = HIT (count=114)
FCOV-EXPECTATION: gen_bit_zba_zbb_ops_cg.cp_result_class.int_min = HIT (count=136)
FCOV-EXPECTATION: gen_bit_zba_zbb_ops_cg.cp_result_class.all_ones = HIT (count=428)
FCOV-EXPECTATION: gen_bit_zba_zbb_ops_cg.cp_result_class.zero = HIT (count=443)
FCOV-EXPECTATION: gen_bit_zba_zbb_ops_cg.cp_wrap.yes = HIT (count=271)
FCOV-EXPECTATION: gen_bit_zba_zbb_ops_cg.cp_wrap.no = HIT (count=709)
FCOV-EXPECTATION: gen_isa_shift_cg.cp_op.sra = HIT (count=392)
FCOV-EXPECTATION: gen_isa_shift_cg.cp_op.srl = HIT (count=392)
FCOV-EXPECTATION: gen_isa_shift_cg.cp_op.sll = HIT (count=392)
FCOV-EXPECTATION: gen_isa_shift_cg.cp_op.srai = HIT (count=980)
FCOV-EXPECTATION: gen_isa_shift_cg.cp_op.srli = HIT (count=784)
FCOV-EXPECTATION: gen_isa_shift_cg.cp_op.slli = HIT (count=1372)
FCOV-EXPECTATION: gen_isa_shift_cg.cp_shamt.s31 = HIT (count=1148)
FCOV-EXPECTATION: gen_isa_shift_cg.cp_shamt.mid = HIT (count=1232)
FCOV-EXPECTATION: gen_isa_shift_cg.cp_shamt.s1 = HIT (count=756)
FCOV-EXPECTATION: gen_isa_shift_cg.cp_shamt.s0 = HIT (count=1176)
FCOV-EXPECTATION: gen_isa_shift_cg.cp_rs2_upper.other_nonzero = HIT (count=504)
FCOV-EXPECTATION: gen_isa_shift_cg.cp_rs2_upper.ffffffe0 = HIT (count=84)
FCOV-EXPECTATION: gen_isa_shift_cg.cp_rs2_upper.msb_only = HIT (count=84)
FCOV-EXPECTATION: gen_isa_shift_cg.cp_rs2_upper.all_ones = HIT (count=84)
FCOV-EXPECTATION: gen_isa_shift_cg.cp_rs2_upper.is33 = HIT (count=84)
FCOV-EXPECTATION: gen_isa_shift_cg.cp_rs2_upper.is32 = HIT (count=84)
FCOV-EXPECTATION: gen_isa_shift_cg.cp_rs2_upper.zero = HIT (count=252)
FCOV-EXPECTATION: gen_isa_shift_cg.cp_operand.pos_rand = HIT (count=2296)
FCOV-EXPECTATION: gen_isa_shift_cg.cp_operand.neg_rand = HIT (count=840)
FCOV-EXPECTATION: gen_isa_shift_cg.cp_operand.lsb_only = HIT (count=308)
FCOV-EXPECTATION: gen_isa_shift_cg.cp_operand.msb_only = HIT (count=280)
FCOV-EXPECTATION: gen_isa_shift_cg.cp_operand.all_ones = HIT (count=280)
FCOV-EXPECTATION: gen_isa_shift_cg.cp_operand.zero = HIT (count=308)
FCOV-EXPECTATION: gen_isa_shift_cg.cp_rd_x0.yes = HIT (count=980)
FCOV-EXPECTATION: gen_isa_shift_cg.cp_rd_x0.no = HIT (count=3332)
FCOV-EXPECTATION: gen_isa_shift_cg.cp_result_class.other = HIT (count=1915)
FCOV-EXPECTATION: gen_isa_shift_cg.cp_result_class.c0000000 = HIT (count=32)
FCOV-EXPECTATION: gen_isa_shift_cg.cp_result_class.one = HIT (count=203)
FCOV-EXPECTATION: gen_isa_shift_cg.cp_result_class.msb_only = HIT (count=130)
FCOV-EXPECTATION: gen_isa_shift_cg.cp_result_class.all_ones = HIT (count=192)
FCOV-EXPECTATION: gen_isa_shift_cg.cp_result_class.zero = HIT (count=860)
FCOV-EXPECTATION: gen_isa_alu_imm_cg.cp_op.andi = HIT (count=1764)
FCOV-EXPECTATION: gen_isa_alu_imm_cg.cp_op.ori = HIT (count=1764)
FCOV-EXPECTATION: gen_isa_alu_imm_cg.cp_op.xori = HIT (count=1764)
FCOV-EXPECTATION: gen_isa_alu_imm_cg.cp_op.sltiu = HIT (count=1764)
FCOV-EXPECTATION: gen_isa_alu_imm_cg.cp_op.slti = HIT (count=1764)
FCOV-EXPECTATION: gen_isa_alu_imm_cg.cp_op.addi = HIT (count=1766)
FCOV-EXPECTATION: gen_isa_alu_imm_cg.cp_rs1_class.neg_rand = HIT (count=2270)
FCOV-EXPECTATION: gen_isa_alu_imm_cg.cp_rs1_class.pos_rand = HIT (count=4536)
FCOV-EXPECTATION: gen_isa_alu_imm_cg.cp_rs1_class.one = HIT (count=756)
FCOV-EXPECTATION: gen_isa_alu_imm_cg.cp_rs1_class.int_max = HIT (count=756)
FCOV-EXPECTATION: gen_isa_alu_imm_cg.cp_rs1_class.int_min = HIT (count=756)
FCOV-EXPECTATION: gen_isa_alu_imm_cg.cp_rs1_class.all_ones = HIT (count=756)
FCOV-EXPECTATION: gen_isa_alu_imm_cg.cp_rs1_class.zero = HIT (count=756)
FCOV-EXPECTATION: gen_isa_alu_imm_cg.cp_imm_class.neg_rand = HIT (count=1176)
FCOV-EXPECTATION: gen_isa_alu_imm_cg.cp_imm_class.pos_rand = HIT (count=1178)
FCOV-EXPECTATION: gen_isa_alu_imm_cg.cp_imm_class.min_neg = HIT (count=1372)
FCOV-EXPECTATION: gen_isa_alu_imm_cg.cp_imm_class.max_pos = HIT (count=1372)
FCOV-EXPECTATION: gen_isa_alu_imm_cg.cp_imm_class.minus1 = HIT (count=1568)
FCOV-EXPECTATION: gen_isa_alu_imm_cg.cp_imm_class.plus1 = HIT (count=2744)
FCOV-EXPECTATION: gen_isa_alu_imm_cg.cp_imm_class.zero = HIT (count=1176)
FCOV-EXPECTATION: gen_isa_alu_imm_cg.cp_rd_x0.yes = HIT (count=1176)
FCOV-EXPECTATION: gen_isa_alu_imm_cg.cp_rd_x0.no = HIT (count=9410)
FCOV-EXPECTATION: gen_isa_alu_imm_cg.cp_rs1_eq_rd.yes = HIT (count=1178)
FCOV-EXPECTATION: gen_isa_alu_imm_cg.cp_rs1_eq_rd.no = HIT (count=9408)
FCOV-EXPECTATION: gen_isa_alu_imm_cg.cp_result_class.other = HIT (count=4454)
FCOV-EXPECTATION: gen_isa_alu_imm_cg.cp_result_class.one = HIT (count=1554)
FCOV-EXPECTATION: gen_isa_alu_imm_cg.cp_result_class.int_max = HIT (count=154)
FCOV-EXPECTATION: gen_isa_alu_imm_cg.cp_result_class.int_min = HIT (count=154)
FCOV-EXPECTATION: gen_isa_alu_imm_cg.cp_result_class.all_ones = HIT (count=434)
FCOV-EXPECTATION: gen_isa_alu_imm_cg.cp_result_class.zero = HIT (count=2660)
FCOV-EXPECTATION: gen_isa_alu_imm_cg.cp_addi_wrap.none = HIT (count=1654)
FCOV-EXPECTATION: gen_isa_alu_imm_cg.cp_addi_wrap.neg_wrap = HIT (count=42)
FCOV-EXPECTATION: gen_isa_alu_imm_cg.cp_addi_wrap.pos_wrap = HIT (count=70)
FCOV-EXPECTATION: gen_isa_alu_imm_cg.cp_slt_case.other = HIT (count=2590)
FCOV-EXPECTATION: gen_isa_alu_imm_cg.cp_slt_case.sltiu_ones_m1 = HIT (count=14)
FCOV-EXPECTATION: gen_isa_alu_imm_cg.cp_slt_case.sltiu_seqz = HIT (count=588)
FCOV-EXPECTATION: gen_isa_alu_imm_cg.cp_slt_case.sltiu_imm_m1 = HIT (count=182)
FCOV-EXPECTATION: gen_isa_alu_imm_cg.cp_slt_case.slti_0_neg = HIT (count=56)
FCOV-EXPECTATION: gen_isa_alu_imm_cg.cp_slt_case.slti_intmin_0 = HIT (count=14)
FCOV-EXPECTATION: gen_isa_alu_imm_cg.cp_slt_case.eq = HIT (count=84)
FCOV-EXPECTATION: PASS - all 122 declared bins hit
