FCOV-EXPECTATION: gen_cmp_imm_edges_cg.cp_addi4spn_imm.rand = MISSING-FROM-REPORT (count=n/a)
FCOV-EXPECTATION: gen_cmp_imm_edges_cg.cp_addi4spn_imm.max = MISSING-FROM-REPORT (count=n/a)
FCOV-EXPECTATION: gen_cmp_imm_edges_cg.cp_addi4spn_imm.min = MISSING-FROM-REPORT (count=n/a)
FCOV-EXPECTATION: gen_cmp_imm_edges_cg.cp_lw_sw_uimm.rand = MISSING-FROM-REPORT (count=n/a)
FCOV-EXPECTATION: gen_cmp_imm_edges_cg.cp_lw_sw_uimm.max = MISSING-FROM-REPORT (count=n/a)
FCOV-EXPECTATION: gen_cmp_imm_edges_cg.cp_lw_sw_uimm.zero = MISSING-FROM-REPORT (count=n/a)
FCOV-EXPECTATION: gen_cmp_imm_edges_cg.cp_sp_uimm.rand = MISSING-FROM-REPORT (count=n/a)
FCOV-EXPECTATION: gen_cmp_imm_edges_cg.cp_sp_uimm.max = MISSING-FROM-REPORT (count=n/a)
FCOV-EXPECTATION: gen_cmp_imm_edges_cg.cp_sp_uimm.zero = MISSING-FROM-REPORT (count=n/a)
FCOV-EXPECTATION: gen_cmp_imm_edges_cg.cp_ci_op.c_andi = MISSING-FROM-REPORT (count=n/a)
FCOV-EXPECTATION: gen_cmp_imm_edges_cg.cp_ci_op.c_li = MISSING-FROM-REPORT (count=n/a)
FCOV-EXPECTATION: gen_cmp_imm_edges_cg.cp_ci_op.c_addi = MISSING-FROM-REPORT (count=n/a)
FCOV-EXPECTATION: gen_cmp_imm_edges_cg.cp_ci_imm6.rand = MISSING-FROM-REPORT (count=n/a)
FCOV-EXPECTATION: gen_cmp_imm_edges_cg.cp_ci_imm6.max = MISSING-FROM-REPORT (count=n/a)
FCOV-EXPECTATION: gen_cmp_imm_edges_cg.cp_ci_imm6.one = MISSING-FROM-REPORT (count=n/a)
FCOV-EXPECTATION: gen_cmp_imm_edges_cg.cp_ci_imm6.zero = MISSING-FROM-REPORT (count=n/a)
FCOV-EXPECTATION: gen_cmp_imm_edges_cg.cp_ci_imm6.minus1 = MISSING-FROM-REPORT (count=n/a)
FCOV-EXPECTATION: gen_cmp_imm_edges_cg.cp_ci_imm6.min = MISSING-FROM-REPORT (count=n/a)
FCOV-EXPECTATION: gen_cmp_imm_edges_cg.cp_lui_imm.rand = MISSING-FROM-REPORT (count=n/a)
FCOV-EXPECTATION: gen_cmp_imm_edges_cg.cp_lui_imm.neg_max = MISSING-FROM-REPORT (count=n/a)
FCOV-EXPECTATION: gen_cmp_imm_edges_cg.cp_lui_imm.neg_min = MISSING-FROM-REPORT (count=n/a)
FCOV-EXPECTATION: gen_cmp_imm_edges_cg.cp_lui_imm.pos_max = MISSING-FROM-REPORT (count=n/a)
FCOV-EXPECTATION: gen_cmp_imm_edges_cg.cp_lui_imm.pos_min = MISSING-FROM-REPORT (count=n/a)
FCOV-EXPECTATION: gen_cmp_imm_edges_cg.cp_addi16sp_imm.rand = MISSING-FROM-REPORT (count=n/a)
FCOV-EXPECTATION: gen_cmp_imm_edges_cg.cp_addi16sp_imm.minus16 = MISSING-FROM-REPORT (count=n/a)
FCOV-EXPECTATION: gen_cmp_imm_edges_cg.cp_addi16sp_imm.plus16 = MISSING-FROM-REPORT (count=n/a)
FCOV-EXPECTATION: gen_cmp_imm_edges_cg.cp_addi16sp_imm.max = MISSING-FROM-REPORT (count=n/a)
FCOV-EXPECTATION: gen_cmp_imm_edges_cg.cp_addi16sp_imm.min = MISSING-FROM-REPORT (count=n/a)
FCOV-EXPECTATION: gen_cmp_imm_edges_cg.cp_shift_op.c_slli = MISSING-FROM-REPORT (count=n/a)
FCOV-EXPECTATION: gen_cmp_imm_edges_cg.cp_shift_op.c_srai = MISSING-FROM-REPORT (count=n/a)
FCOV-EXPECTATION: gen_cmp_imm_edges_cg.cp_shift_op.c_srli = MISSING-FROM-REPORT (count=n/a)
FCOV-EXPECTATION: gen_cmp_imm_edges_cg.cp_shamt.rand = MISSING-FROM-REPORT (count=n/a)
FCOV-EXPECTATION: gen_cmp_imm_edges_cg.cp_shamt.max = MISSING-FROM-REPORT (count=n/a)
FCOV-EXPECTATION: gen_cmp_imm_edges_cg.cp_shamt.one = MISSING-FROM-REPORT (count=n/a)
FCOV-EXPECTATION: gen_cmp_imm_edges_cg.cp_cj_off.neg_rand = MISSING-FROM-REPORT (count=n/a)
FCOV-EXPECTATION: gen_cmp_imm_edges_cg.cp_cj_off.pos_rand = MISSING-FROM-REPORT (count=n/a)
FCOV-EXPECTATION: gen_cmp_imm_edges_cg.cp_cj_off.max_bwd = MISSING-FROM-REPORT (count=n/a)
FCOV-EXPECTATION: gen_cmp_imm_edges_cg.cp_cj_off.self = MISSING-FROM-REPORT (count=n/a)
FCOV-EXPECTATION: gen_cmp_imm_edges_cg.cp_cb_off.neg_rand = MISSING-FROM-REPORT (count=n/a)
FCOV-EXPECTATION: gen_cmp_imm_edges_cg.cp_cb_off.pos_rand = MISSING-FROM-REPORT (count=n/a)
FCOV-EXPECTATION: gen_cmp_imm_edges_cg.cp_cb_off.max_bwd = MISSING-FROM-REPORT (count=n/a)
FCOV-EXPECTATION: gen_cmp_imm_edges_cg.cp_cb_off.max_fwd = MISSING-FROM-REPORT (count=n/a)
FCOV-EXPECTATION: gen_cmp_imm_edges_cg.cp_cb_off.self = MISSING-FROM-REPORT (count=n/a)
FCOV-EXPECTATION: gen_cmp_imm_edges_cg.cp_sp_wrap.yes = MISSING-FROM-REPORT (count=n/a)
FCOV-EXPECTATION: gen_cmp_imm_edges_cg.cp_sp_wrap.no = MISSING-FROM-REPORT (count=n/a)
FCOV-EXPECTATION: gen_cmp_imm_edges_cg.cp_link.pc2 = MISSING-FROM-REPORT (count=n/a)
FCOV-EXPECTATION: FAIL - 46 declared bin(s) not hit: gen_cmp_imm_edges_cg.cp_addi4spn_imm.rand, gen_cmp_imm_edges_cg.cp_addi4spn_imm.max, gen_cmp_imm_edges_cg.cp_addi4spn_imm.min, gen_cmp_imm_edges_cg.cp_lw_sw_uimm.rand, gen_cmp_imm_edges_cg.cp_lw_sw_uimm.max, gen_cmp_imm_edges_cg.cp_lw_sw_uimm.zero, gen_cmp_imm_edges_cg.cp_sp_uimm.rand, gen_cmp_imm_edges_cg.cp_sp_uimm.max, gen_cmp_imm_edges_cg.cp_sp_uimm.zero, gen_cmp_imm_edges_cg.cp_ci_op.c_andi, gen_cmp_imm_edges_cg.cp_ci_op.c_li, gen_cmp_imm_edges_cg.cp_ci_op.c_addi, gen_cmp_imm_edges_cg.cp_ci_imm6.rand, gen_cmp_imm_edges_cg.cp_ci_imm6.max, gen_cmp_imm_edges_cg.cp_ci_imm6.one, gen_cmp_imm_edges_cg.cp_ci_imm6.zero, gen_cmp_imm_edges_cg.cp_ci_imm6.minus1, gen_cmp_imm_edges_cg.cp_ci_imm6.min, gen_cmp_imm_edges_cg.cp_lui_imm.rand, gen_cmp_imm_edges_cg.cp_lui_imm.neg_max, gen_cmp_imm_edges_cg.cp_lui_imm.neg_min, gen_cmp_imm_edges_cg.cp_lui_imm.pos_max, gen_cmp_imm_edges_cg.cp_lui_imm.pos_min, gen_cmp_imm_edges_cg.cp_addi16sp_imm.rand, gen_cmp_imm_edges_cg.cp_addi16sp_imm.minus16, gen_cmp_imm_edges_cg.cp_addi16sp_imm.plus16, gen_cmp_imm_edges_cg.cp_addi16sp_imm.max, gen_cmp_imm_edges_cg.cp_addi16sp_imm.min, gen_cmp_imm_edges_cg.cp_shift_op.c_slli, gen_cmp_imm_edges_cg.cp_shift_op.c_srai, gen_cmp_imm_edges_cg.cp_shift_op.c_srli, gen_cmp_imm_edges_cg.cp_shamt.rand, gen_cmp_imm_edges_cg.cp_shamt.max, gen_cmp_imm_edges_cg.cp_shamt.one, gen_cmp_imm_edges_cg.cp_cj_off.neg_rand, gen_cmp_imm_edges_cg.cp_cj_off.pos_rand, gen_cmp_imm_edges_cg.cp_cj_off.max_bwd, gen_cmp_imm_edges_cg.cp_cj_off.self, gen_cmp_imm_edges_cg.cp_cb_off.neg_rand, gen_cmp_imm_edges_cg.cp_cb_off.pos_rand, gen_cmp_imm_edges_cg.cp_cb_off.max_bwd, gen_cmp_imm_edges_cg.cp_cb_off.max_fwd, gen_cmp_imm_edges_cg.cp_cb_off.self, gen_cmp_imm_edges_cg.cp_sp_wrap.yes, gen_cmp_imm_edges_cg.cp_sp_wrap.no, gen_cmp_imm_edges_cg.cp_link.pc2
