Command: /localdev/fzhang/ws/ibex-challenge/dv/auto_dv/out_gnt2/build/gen_tb/vcs_simv +vcs+lic+wait +ntb_random_seed=1207954461 +UVM_TESTNAME=gen_base_test +UVM_VERBOSITY=UVM_LOW +UVM_NO_RELNOTES +gen_build_config=opentitan +gen_fetch_en_at_reset=0 +gen_knob_irq_line_mix=single +gen_mem_image=/localdev/fzhang/ws/ibex-challenge/dv/auto_dv/out_gnt2/runs/after_1207954461/program/prog.vmem +gen_mem_image_crc32=03c84170 +gen_mem_image_words=217 +gen_boot_addr=80000000 +gen_tohost_addr=800003c0 +gen_export_file=gen_export.txt -l /localdev/fzhang/ws/ibex-challenge/dv/auto_dv/out_gnt2/runs/after_1207954461/sim.log
Chronologic VCS simulator copyright 1991-2025
Contains Synopsys proprietary information.
Compiler version X-2025.06-SP2_Full64; Runtime version X-2025.06-SP2_Full64;  Sep  8 00:07 2026
GEN_CONFIG_BANNER build_config=opentitan
GEN_CONFIG_BANNER BaseIsa=BaseIsaRV32IorCHERIoT RV32M=RV32MSingleCycle RV32B=RV32BOTEarlGrey RV32ZC=RV32ZcaZcbZcmp RegFile=RegFileFF
GEN_CONFIG_BANNER RV32E=0 BranchTargetALU=1 WritebackStage=1 ICache=1 ICacheECC=1 ICacheScramble=1
GEN_CONFIG_BANNER BranchPredictor=0 DbgTriggerEn=1 DbgHwBreakNum=1 SecureIbex=1
GEN_CONFIG_BANNER PMPEnable=1 PMPGranularity=0 PMPNumRegions=16 MHPMCounterNum=10 MHPMCounterWidth=32
GEN_CONFIG_BANNER RegFileECC=0 ResetAll=1 DummyInstructions=1 MemECC=1 ICacheTweakInfection=1
GEN_CONFIG_BANNER MemDataWidth=39 RegFileDataWidth=32 RegFileCapEccWidth=35 BusSizeECC=39 TagSizeECC=28 LineSizeECC=78
GEN_CONFIG_BANNER DmBaseAddr=0x1a110000 DmAddrMask=0x00000fff DmHaltAddr=0x1a110800 DmExceptionAddr=0x1a110808
GEN_CONFIG_BANNER CsrMvendorId=0x00000000 CsrMimpId=0x00000000 cheriot_enable=Off rf_test_en=0
GEN_CONFIG_BANNER RndCnstLfsrSeed=0xac533bf4 RndCnstLfsrPerm=0x1e35ecba467fd1b12e958152c04fa43878a8daed
GEN_CONFIG_BANNER PMPRstCfg/PMPRstAddr/PMPRstMsecCfg=ibex_pkg::PmpCfgRst/PmpAddrRst/PmpMseccfgRst (ibex_core defaults, all regions OFF)
GEN_CONFIG_BANNER RVFI=1
GEN_CONFIG_BANNER GEN_DUT_SPLIT_INTG=0
UVM_INFO @ 0: reporter [RNTST] Running test gen_base_test...
GEN_CONFIG_BANNER tb=gen_tb_top uvm_test=gen_base_test seed=1207954461 build_config=opentitan pinned_knobs=1 regime_sched=derived
GEN_CONFIG_BANNER define SIMULATION=0 (F-DIT-025)
GEN_CONFIG_BANNER define COCOTB_SIM=1 (cocotb-master run)
GEN_CONFIG_BANNER boot_addr=0x80000000 hart_id=0x00000000 alive_timeout=100000 finish_timeout=20000 mem_image=/localdev/fzhang/ws/ibex-challenge/dv/auto_dv/out_gnt2/runs/after_1207954461/program/prog.vmem tohost=0x800003c0
GEN_CONFIG_BANNER knobs imem gnt=short rvalid=short err=none intg=none cap=cap8 dmem gnt=short rvalid=short err=none intg=none key=immediate icram_init=random
GEN_CONFIG_BANNER knobs irq regime=quiet line_mix=single hold=until_taken debug_req=none fetch_enable=always_on icache_ecc=none data_ecc=none ecc_bits=one
UVM_INFO /localdev/fzhang/ws/ibex-challenge/dv/auto_dv/env/gen_env_pkg.sv(191) @ 0: uvm_test_top.env [MEM_LOAD] image /localdev/fzhang/ws/ibex-challenge/dv/auto_dv/out_gnt2/runs/after_1207954461/program/prog.vmem: 217 words, crc32 0x03c84170 verified
UVM_INFO /localdev/fzhang/ws/ibex-challenge/dv/auto_dv/env/gen_env_pkg.sv(224) @ 0: uvm_test_top.env [GEN_ENV] ibus: ibus gnt=1..3(short) rvalid=2..4(short) cap=8(cap8) err=0/1000(none) intg=0/1000(none)x1
UVM_INFO /localdev/fzhang/ws/ibex-challenge/dv/auto_dv/env/gen_env_pkg.sv(225) @ 0: uvm_test_top.env [GEN_ENV] dbus: dbus gnt=1..3(short) rvalid=2..4(short) cap=2(cap2) err=0/1000(none) intg=0/1000(none)x1
UVM_INFO /localdev/fzhang/ws/ibex-challenge/dv/auto_dv/env/gen_agents_pkg.sv(399) @ 0: uvm_test_top.env.dbus_agent [gen_bus_agent] uvm_test_top.env.dbus_agent: sva_rvalid_legal armed
UVM_INFO /localdev/fzhang/ws/ibex-challenge/dv/auto_dv/env/gen_agents_pkg.sv(399) @ 0: uvm_test_top.env.ibus_agent [gen_bus_agent] uvm_test_top.env.ibus_agent: sva_rvalid_legal armed
UVM_INFO /localdev/fzhang/ws/ibex-challenge/dv/auto_dv/env/gen_rvfi_pkg.sv(253) @ 0: uvm_test_top.env.sb [GEN_SB] ISA model ready: pc=80000080 mtvec=80000001
UVM_INFO /localdev/fzhang/ws/ibex-challenge/dv/auto_dv/env/gen_export_pkg.sv(131) @ 0: uvm_test_top.env.sink [GEN_EXPORT] export file gen_export.txt open; sources: ibus,dbus,pin,alert,misc,scrkey,regime
UVM_INFO /localdev/fzhang/ws/ibex-challenge/dv/auto_dv/env/gen_env_pkg.sv(117) @ 64500: uvm_test_top.env.dispatch [GEN_PHASE] phase 1 knob=knob_imem_gnt_delay value=same_cycle cycle=59
UVM_INFO /localdev/fzhang/ws/ibex-challenge/dv/auto_dv/env/gen_env_pkg.sv(117) @ 65500: uvm_test_top.env.dispatch [GEN_PHASE] phase 2 knob=knob_imem_rvalid_delay value=random cycle=60
UVM_INFO /localdev/fzhang/ws/ibex-challenge/dv/auto_dv/env/gen_env_pkg.sv(117) @ 66500: uvm_test_top.env.dispatch [GEN_PHASE] phase 3 knob=knob_imem_outstanding_cap value=cap4 cycle=61
UVM_INFO /localdev/fzhang/ws/ibex-challenge/dv/auto_dv/env/gen_env_pkg.sv(117) @ 67500: uvm_test_top.env.dispatch [GEN_PHASE] phase 4 knob=knob_dmem_gnt_delay value=random cycle=62
UVM_INFO /localdev/fzhang/ws/ibex-challenge/dv/auto_dv/env/gen_env_pkg.sv(117) @ 68500: uvm_test_top.env.dispatch [GEN_PHASE] phase 5 knob=knob_dmem_rvalid_delay value=random cycle=63
UVM_INFO /localdev/fzhang/ws/ibex-challenge/dv/auto_dv/env/gen_agents_pkg.sv(455) @ 69500: uvm_test_top.env.scrkey [GEN_SCRKEY] key regime <= delayed
UVM_INFO /localdev/fzhang/ws/ibex-challenge/dv/auto_dv/env/gen_env_pkg.sv(117) @ 69500: uvm_test_top.env.dispatch [GEN_PHASE] phase 6 knob=knob_scr_key_delay value=delayed cycle=64
UVM_INFO /localdev/fzhang/ws/ibex-challenge/dv/auto_dv/env/gen_agents_pkg.sv(599) @ 70500: uvm_test_top.env.irq [GEN_IRQ] knob_irq_regime <= storm
UVM_INFO /localdev/fzhang/ws/ibex-challenge/dv/auto_dv/env/gen_env_pkg.sv(117) @ 70500: uvm_test_top.env.dispatch [GEN_PHASE] phase 7 knob=knob_irq_regime value=storm cycle=65
UVM_INFO /localdev/fzhang/ws/ibex-challenge/dv/auto_dv/env/gen_agents_pkg.sv(599) @ 71500: uvm_test_top.env.irq [GEN_IRQ] knob_irq_hold <= pulse
UVM_INFO /localdev/fzhang/ws/ibex-challenge/dv/auto_dv/env/gen_env_pkg.sv(117) @ 71500: uvm_test_top.env.dispatch [GEN_PHASE] phase 8 knob=knob_irq_hold value=pulse cycle=66
UVM_INFO /localdev/fzhang/ws/ibex-challenge/dv/auto_dv/env/gen_agents_pkg.sv(809) @ 73000: uvm_test_top.env.ctrl [GEN_CTRL] fetch_enable_i <= On (FETCH_EN arg 1)
UVM_INFO @ 229500: reporter [GEN_EOT] end-of-test store 0xa5c30001 at 0x8ffff104 (store 1)
"/localdev/fzhang/ws/ibex-challenge/dv/auto_dv/tb/gen_protocol_props.sv", 308: gen_tb_top.u_dut.gen_protocol_props_i.sva_rvfi_irq_valid_exclusive: started at 65915000ps failed at 65915000ps
	Offending '(!rvfi_valid)'
UVM_ERROR @ 6591500: reporter [sva_rvfi_irq_valid_exclusive] GEN_PROTO sva_rvfi_irq_valid_exclusive: protocol property violated at cycle 6587
"/localdev/fzhang/ws/ibex-challenge/dv/auto_dv/tb/gen_protocol_props.sv", 308: gen_tb_top.u_dut.gen_protocol_props_i.sva_rvfi_irq_valid_exclusive: started at 66465000ps failed at 66465000ps
	Offending '(!rvfi_valid)'
UVM_ERROR @ 6646500: reporter [sva_rvfi_irq_valid_exclusive] GEN_PROTO sva_rvfi_irq_valid_exclusive: protocol property violated at cycle 6642
"/localdev/fzhang/ws/ibex-challenge/dv/auto_dv/tb/gen_protocol_props.sv", 308: gen_tb_top.u_dut.gen_protocol_props_i.sva_rvfi_irq_valid_exclusive: started at 92535000ps failed at 92535000ps
	Offending '(!rvfi_valid)'
UVM_ERROR @ 9253500: reporter [sva_rvfi_irq_valid_exclusive] GEN_PROTO sva_rvfi_irq_valid_exclusive: protocol property violated at cycle 9249
"/localdev/fzhang/ws/ibex-challenge/dv/auto_dv/tb/gen_protocol_props.sv", 308: gen_tb_top.u_dut.gen_protocol_props_i.sva_rvfi_irq_valid_exclusive: started at 94655000ps failed at 94655000ps
	Offending '(!rvfi_valid)'
UVM_ERROR @ 9465500: reporter [sva_rvfi_irq_valid_exclusive] GEN_PROTO sva_rvfi_irq_valid_exclusive: protocol property violated at cycle 9461
"/localdev/fzhang/ws/ibex-challenge/dv/auto_dv/tb/gen_protocol_props.sv", 308: gen_tb_top.u_dut.gen_protocol_props_i.sva_rvfi_irq_valid_exclusive: started at 141485000ps failed at 141485000ps
	Offending '(!rvfi_valid)'
UVM_ERROR @ 14148500: reporter [sva_rvfi_irq_valid_exclusive] GEN_PROTO sva_rvfi_irq_valid_exclusive: protocol property violated at cycle 14144
UVM_INFO /localdev/fzhang/ws/ibex-challenge/dv/auto_dv/env/gen_env_pkg.sv(117) @ 15138500: uvm_test_top.env.dispatch [GEN_PHASE] phase 9 knob=knob_imem_rvalid_delay value=long cycle=15134
UVM_INFO /localdev/fzhang/ws/ibex-challenge/dv/auto_dv/env/gen_agents_pkg.sv(599) @ 15139500: uvm_test_top.env.irq [GEN_IRQ] knob_irq_hold <= until_taken
UVM_INFO /localdev/fzhang/ws/ibex-challenge/dv/auto_dv/env/gen_env_pkg.sv(117) @ 15139500: uvm_test_top.env.dispatch [GEN_PHASE] phase 10 knob=knob_irq_hold value=until_taken cycle=15134
UVM_INFO /localdev/fzhang/ws/ibex-challenge/dv/auto_dv/env/gen_env_pkg.sv(117) @ 15140500: uvm_test_top.env.dispatch [GEN_PHASE] phase 11 knob=knob_dmem_rvalid_delay value=short cycle=15135
UVM_INFO /localdev/fzhang/ws/ibex-challenge/dv/auto_dv/env/gen_env_pkg.sv(117) @ 15141500: uvm_test_top.env.dispatch [GEN_PHASE] phase 12 knob=knob_imem_outstanding_cap value=cap1 cycle=15136
UVM_INFO /localdev/fzhang/ws/ibex-challenge/dv/auto_dv/env/gen_env_pkg.sv(117) @ 26431500: uvm_test_top.env.dispatch [GEN_PHASE] phase 13 knob=knob_imem_gnt_delay value=random cycle=26427
UVM_INFO /localdev/fzhang/ws/ibex-challenge/dv/auto_dv/env/gen_env_pkg.sv(117) @ 26432500: uvm_test_top.env.dispatch [GEN_PHASE] phase 14 knob=knob_dmem_gnt_delay value=short cycle=26427
UVM_INFO /localdev/fzhang/ws/ibex-challenge/dv/auto_dv/env/gen_env_pkg.sv(117) @ 26433500: uvm_test_top.env.dispatch [GEN_PHASE] phase 15 knob=knob_imem_rvalid_delay value=random cycle=26428
UVM_INFO /localdev/fzhang/ws/ibex-challenge/dv/auto_dv/env/gen_agents_pkg.sv(455) @ 26434500: uvm_test_top.env.scrkey [GEN_SCRKEY] key regime <= withheld_then_valid
UVM_INFO /localdev/fzhang/ws/ibex-challenge/dv/auto_dv/env/gen_env_pkg.sv(117) @ 26434500: uvm_test_top.env.dispatch [GEN_PHASE] phase 16 knob=knob_scr_key_delay value=withheld_then_valid cycle=26429
UVM_INFO /localdev/fzhang/ws/ibex-challenge/dv/auto_dv/env/gen_env_pkg.sv(117) @ 43221500: uvm_test_top.env.dispatch [GEN_PHASE] phase 17 knob=knob_dmem_rvalid_delay value=random cycle=43217
UVM_INFO /localdev/fzhang/ws/ibex-challenge/dv/auto_dv/env/gen_agents_pkg.sv(599) @ 43222500: uvm_test_top.env.irq [GEN_IRQ] knob_irq_regime <= quiet
UVM_INFO /localdev/fzhang/ws/ibex-challenge/dv/auto_dv/env/gen_env_pkg.sv(117) @ 43222500: uvm_test_top.env.dispatch [GEN_PHASE] phase 18 knob=knob_irq_regime value=quiet cycle=43217
UVM_INFO /localdev/fzhang/ws/ibex-challenge/dv/auto_dv/env/gen_agents_pkg.sv(599) @ 43223500: uvm_test_top.env.irq [GEN_IRQ] knob_irq_hold <= pulse
UVM_INFO /localdev/fzhang/ws/ibex-challenge/dv/auto_dv/env/gen_env_pkg.sv(117) @ 43223500: uvm_test_top.env.dispatch [GEN_PHASE] phase 19 knob=knob_irq_hold value=pulse cycle=43218
UVM_INFO /localdev/fzhang/ws/ibex-challenge/dv/auto_dv/env/gen_env_pkg.sv(117) @ 43224500: uvm_test_top.env.dispatch [GEN_PHASE] phase 20 knob=knob_imem_gnt_delay value=long cycle=43219
UVM_INFO /localdev/fzhang/ws/ibex-challenge/dv/auto_dv/env/gen_agents_pkg.sv(455) @ 43225500: uvm_test_top.env.scrkey [GEN_SCRKEY] key regime <= immediate
UVM_INFO /localdev/fzhang/ws/ibex-challenge/dv/auto_dv/env/gen_env_pkg.sv(117) @ 43225500: uvm_test_top.env.dispatch [GEN_PHASE] phase 21 knob=knob_scr_key_delay value=immediate cycle=43220
UVM_INFO /localdev/fzhang/ws/ibex-challenge/dv/auto_dv/env/gen_env_pkg.sv(372) @ 46372500: uvm_test_top [GEN_BASE_TEST] finish_req seen at cycle 46367, commands consumed 104, retired 1658
UVM_INFO /localdev/fzhang/ws/ibex-challenge/dv/auto_dv/env/gen_env_pkg.sv(385) @ 47131500: uvm_test_top [GEN_BASE_TEST] drain: 18 records in 759 cycles (bound 17 records plus one, cap 1228 cycles from the effective bus maxima i 32/32 d 3/32)
UVM_INFO /tools_vendor/synopsys/vcs/X-2025.06-SP2/etc/uvm-1.2/base/uvm_objection.svh(1276) @ 47131500: reporter [TEST_DONE] 'run' phase is ready to proceed to the 'extract' phase
UVM_INFO /localdev/fzhang/ws/ibex-challenge/dv/auto_dv/env/gen_counter_model.sv(375) @ 47131500: uvm_test_top.env.ctr [GEN_CTR] counter model: windows exact=0 bound=0 (of which 0 judged before a data access in them completed, so on a looser ceiling) unjudged(write)=0 unjudged(inhibit)=0 unjudged(entry)=0 misses exact=0 bound=0
UVM_INFO /localdev/fzhang/ws/ibex-challenge/dv/auto_dv/env/gen_counter_model.sv(377) @ 47131500: uvm_test_top.env.ctr [GEN_CTR] counter model accommodations (windows where the RTL differed from the documentation and the knob accepted it): B20 fence.i=0 B11 dit=0 B17 counter8=0 B17 counter11/12=0 B7 dummy=0; records fence.i=0 branch-under-dit=0 multiply=0 divide=0
UVM_INFO /localdev/fzhang/ws/ibex-challenge/dv/auto_dv/env/gen_counter_model.sv(379) @ 47131500: uvm_test_top.env.ctr [GEN_CTR] counter model knobs (1 follows the RTL, 0 the documentation): jumps_fencei=1 taken_dit=1 branches_wait=1 wait_cycles=1
UVM_INFO /localdev/fzhang/ws/ibex-challenge/dv/auto_dv/env/gen_agents_pkg.sv(761) @ 47131500: uvm_test_top.env.dbg [GEN_DBG] requests=0 releases=0
UVM_INFO /localdev/fzhang/ws/ibex-challenge/dv/auto_dv/env/gen_checkers_pkg.sv(364) @ 47131500: uvm_test_top.env.dbg_chk [GEN_DBG_CHK] debug entries=0 bound failures=0 masked failures=0 dret checked=0 failures=0
UVM_INFO /localdev/fzhang/ws/ibex-challenge/dv/auto_dv/env/gen_agents_pkg.sv(407) @ 47131500: uvm_test_top.env.dbus_agent [gen_bus_agent] dbus gnt=1..3(short) rvalid=1..32(random) cap=2(cap2) err=0/1000(none) intg=0/1000(none)x1: grants=216 responses=216 injected_err=0 injected_intg=0 withdrawn=0
UVM_INFO /localdev/fzhang/ws/ibex-challenge/dv/auto_dv/env/gen_agents_pkg.sv(407) @ 47131500: uvm_test_top.env.ibus_agent [gen_bus_agent] ibus gnt=4..32(long) rvalid=1..32(random) cap=1(cap1) err=0/1000(none) intg=0/1000(none)x1: grants=3779 responses=3779 injected_err=0 injected_intg=0 withdrawn=3
UVM_INFO /localdev/fzhang/ws/ibex-challenge/dv/auto_dv/env/gen_agents_pkg.sv(692) @ 47131500: uvm_test_top.env.irq [GEN_IRQ] events=695 releases=269 regime_events=408 final_levels=00000
UVM_INFO /localdev/fzhang/ws/ibex-challenge/dv/auto_dv/env/gen_checkers_pkg.sv(298) @ 47131500: uvm_test_top.env.irq_chk [GEN_IRQ_CHK] irq_pending cycles checked=47124 mismatches=0; entries=123 nmi=0 (internal 0, accepted on announced corruptions) cause checked=123 mismatches=0 priority undecidable=36 bound failures=0 expectations released=153 open expectations=0 nmi_internal bound failures=0 open after the drain=0; records with the model dcsr step bit set=0; expectation-records held by a clear per-line enable alone=0
UVM_INFO /localdev/fzhang/ws/ibex-challenge/dv/auto_dv/env/gen_fcov_pkg.sv(2901) @ 47131500: uvm_test_top.env.isa_cov [GEN_FCOV] move pairs: 0 sampled, 0 with mismatching micro-ops (0 of them the self-test's)
UVM_INFO /localdev/fzhang/ws/ibex-challenge/dv/auto_dv/env/gen_fcov_pkg.sv(2902) @ 47131500: uvm_test_top.env.isa_cov [GEN_FCOV] slice A samples: records=1676 mul_timing=0 rst_boot=1 (boot_to_req 70) sec_ctrl_inputs=1 zcmp_hazard=0
UVM_INFO /localdev/fzhang/ws/ibex-challenge/dv/auto_dv/env/gen_fcov_pkg.sv(2903) @ 47131500: uvm_test_top.env.isa_cov [GEN_FCOV] irq samples: entry=123 entry_rel=123 edge=696 access=0 mie_global=120 debug_window=0 (post-exit undecided 0, dropped unclosed 0) reset=1 fetch_off=1 (windows published 1, dropped as shorter than the minimum 0) view misses 0 (mret masking a pending enabled line, the clear edge with no bin: 0; mrets that are a handler's first instruction: 0, of which wrongly booked stays-set: 0)
UVM_INFO /localdev/fzhang/ws/ibex-challenge/dv/auto_dv/env/gen_fcov_pkg.sv(2904) @ 47131500: uvm_test_top.env.isa_cov [GEN_FCOV] pmp samples: cfg_write=0 addr_write=0 csr_access=0 table_state=0 (dropped without a retire 0, readback disagreed with the pre-state rule 0)
UVM_INFO /localdev/fzhang/ws/ibex-challenge/dv/auto_dv/env/gen_fcov_pkg.sv(2939) @ 47131500: uvm_test_top.env.isa_cov [GEN_FCOV] isa samples: mul=0 div=0 alu_reg=141 zba_zbb=0 alu_imm=277 shift=123 bit_count=0 zca=0 zca32=1676 zcmp=0 (abandoned 0; uop_count no 0, order no 0, tags no 0, minstret_once no 0) zcmp_mv=0 branch=450 csr_pairs=1 (writes 3, replaced 0) sbit=0 zcb=0                  
UVM_INFO /localdev/fzhang/ws/ibex-challenge/dv/auto_dv/env/gen_checkers_pkg.sv(823) @ 47131500: uvm_test_top.env.misc_mon [GEN_MISC] alert_bus hits=0 mismatches=0; alert_minor hits=0 mismatches=0 (ecc injections judged=0 qualified=0 missing=0 unobservable=0, pulse latencies '{'h0, 'h0, 'h0} ; data injections judged=0 hit_way=0 other_or_invalid_way=0 (other valid way 0) unjudged=0 (ambiguous 0, pending at the end 0) missing=0 other_way_pulses=0 held_pulses=0 duplicate_copies visible=0 masked=0; forms a/b both=0 agree=0 disagree=0, b latency 0..0); alert_internal hits=0; data_tag hits=0; sync traps=0 double faults expected=0 pulses=0 mismatches=0; crash_dump checked=1676 late=0 early=0 mismatches=0; fetch_en records after off=0 late=0; uninitialised data reads reported=0 sampled=0 skipped(injection 0, alert 0) dropped=0
UVM_INFO /localdev/fzhang/ws/ibex-challenge/dv/auto_dv/env/gen_rvfi_pkg.sv(167) @ 47131500: uvm_test_top.env.rvfi_mon [GEN_RVFI_MON] records=1676 irq_markers=198
UVM_INFO /localdev/fzhang/ws/ibex-challenge/dv/auto_dv/env/gen_rvfi_pkg.sv(601) @ 47131500: uvm_test_top.env.sb [GEN_SB] ISA compare: records=1676 mismatches=0 folded=0 draft_b=0 traps=0 breakpoints=0 irq_entries=123 dbg_entries=0 zcmp_splits=0 faults_armed=0 faults_unannounced=0 bus_err_announced=0 b13_odd_jalr=0 rf_wr_suppressed=0 nmi_preempted=0 rvfi_rmask_on_nonload=1460
UVM_INFO /localdev/fzhang/ws/ibex-challenge/dv/auto_dv/env/gen_export_pkg.sv(173) @ 47131500: uvm_test_top.env.sink [GEN_EXPORT] export: records=1676 markers=198 events=16881 flushes=0
UVM_INFO /localdev/fzhang/ws/ibex-challenge/dv/auto_dv/env/gen_fcov_pkg.sv(77) @ 47131500: uvm_test_top.env.wit [GEN_WIT] witnesses=0 distinct=0 covergroup=0 foreign=0 out_of_range=0
UVM_INFO /localdev/fzhang/ws/ibex-challenge/dv/auto_dv/env/gen_env_pkg.sv(272) @ 47131500: uvm_test_top.env [GEN_ENV] mem: 217 words, 215 mmio writes, 0 unmapped accesses; eot stores 93 (last code 0x00000001); sig writes 0; key requests 0; commands routed 104 ignored 0
UVM_INFO /tools_vendor/synopsys/vcs/X-2025.06-SP2/etc/uvm-1.2/base/uvm_report_server.svh(904) @ 47131500: reporter [UVM/REPORT/SERVER] 
--- UVM Report Summary ---

** Report counts by severity
UVM_INFO :   62
UVM_WARNING :    0
UVM_ERROR :    5
UVM_FATAL :    0
** Report counts by id
[GEN_BASE_TEST]     2
[GEN_CTR]     3
[GEN_CTRL]     1
[GEN_DBG]     1
[GEN_DBG_CHK]     1
[GEN_ENV]     3
[GEN_EOT]     1
[GEN_EXPORT]     2
[GEN_FCOV]     5
[GEN_IRQ]     6
[GEN_IRQ_CHK]     1
[GEN_MISC]     1
[GEN_PHASE]    21
[GEN_RVFI_MON]     1
[GEN_SB]     2
[GEN_SCRKEY]     3
[GEN_WIT]     1
[MEM_LOAD]     1
[RNTST]     1
[TEST_DONE]     1
[gen_bus_agent]     4
[sva_rvfi_irq_valid_exclusive]     5

$finish at simulation time             47131501
"/localdev/fzhang/ws/ibex-challenge/dv/auto_dv/tb/gen_protocol_props.sv", 198: gen_tb_top.u_dut.gen_protocol_props_i.sva_ibus_depth_max_seen, 47132 attempts, 0 match
"/localdev/fzhang/ws/ibex-challenge/dv/auto_dv/tb/gen_protocol_props.sv", 199: gen_tb_top.u_dut.gen_protocol_props_i.sva_ibus_gnt_same_cycle, 47132 attempts, 125 match
"/localdev/fzhang/ws/ibex-challenge/dv/auto_dv/tb/gen_protocol_props.sv", 200: gen_tb_top.u_dut.gen_protocol_props_i.sva_ibus_gnt_delayed, 47132 attempts, 2446 match
"/localdev/fzhang/ws/ibex-challenge/dv/auto_dv/tb/gen_protocol_props.sv", 201: gen_tb_top.u_dut.gen_protocol_props_i.sva_ibus_err_beat, 47132 attempts, 0 match
"/localdev/fzhang/ws/ibex-challenge/dv/auto_dv/tb/gen_protocol_props.sv", 224: gen_tb_top.u_dut.gen_protocol_props_i.sva_dbus_split_second_addr, 47132 attempts, 0 match
"/localdev/fzhang/ws/ibex-challenge/dv/auto_dv/tb/gen_protocol_props.sv", 225: gen_tb_top.u_dut.gen_protocol_props_i.sva_dbus_split_second_be, 47132 attempts, 0 match
"/localdev/fzhang/ws/ibex-challenge/dv/auto_dv/tb/gen_protocol_props.sv", 234: gen_tb_top.u_dut.gen_protocol_props_i.sva_dbus_split_seen, 47132 attempts, 0 match
"/localdev/fzhang/ws/ibex-challenge/dv/auto_dv/tb/gen_protocol_props.sv", 235: gen_tb_top.u_dut.gen_protocol_props_i.sva_dbus_depth_two_seen, 47132 attempts, 0 match
"/localdev/fzhang/ws/ibex-challenge/dv/auto_dv/tb/gen_protocol_props.sv", 236: gen_tb_top.u_dut.gen_protocol_props_i.sva_dbus_gnt_delayed, 47132 attempts, 212 match
"/localdev/fzhang/ws/ibex-challenge/dv/auto_dv/tb/gen_protocol_props.sv", 237: gen_tb_top.u_dut.gen_protocol_props_i.sva_dbus_store_err_resp, 47132 attempts, 0 match
"/localdev/fzhang/ws/ibex-challenge/dv/auto_dv/tb/gen_protocol_props.sv", 256: gen_tb_top.u_dut.gen_protocol_props_i.sva_icram_alloc_write, 47132 attempts, 0 match
"/localdev/fzhang/ws/ibex-challenge/dv/auto_dv/tb/gen_protocol_props.sv", 257: gen_tb_top.u_dut.gen_protocol_props_i.sva_icram_inval_write, 47132 attempts, 256 match
"/localdev/fzhang/ws/ibex-challenge/dv/auto_dv/tb/gen_protocol_props.sv", 266: gen_tb_top.u_dut.gen_protocol_props_i.sva_scrkey_req_seen, 47132 attempts, 0 match
"/localdev/fzhang/ws/ibex-challenge/dv/auto_dv/tb/gen_protocol_props.sv", 267: gen_tb_top.u_dut.gen_protocol_props_i.sva_scrkey_req_while_valid, 47132 attempts, 0 match
"/localdev/fzhang/ws/ibex-challenge/dv/auto_dv/tb/gen_protocol_props.sv", 273: gen_tb_top.u_dut.gen_protocol_props_i.sva_irq_pending_seen, 47132 attempts, 36091 match
"/localdev/fzhang/ws/ibex-challenge/dv/auto_dv/tb/gen_protocol_props.sv", 274: gen_tb_top.u_dut.gen_protocol_props_i.sva_irq_nmi_seen, 47132 attempts, 0 match
"/localdev/fzhang/ws/ibex-challenge/dv/auto_dv/tb/gen_protocol_props.sv", 289: gen_tb_top.u_dut.gen_protocol_props_i.sva_alert_bus_seen, 47132 attempts, 0 match
"/localdev/fzhang/ws/ibex-challenge/dv/auto_dv/tb/gen_protocol_props.sv", 290: gen_tb_top.u_dut.gen_protocol_props_i.sva_alert_minor_seen, 47132 attempts, 0 match
"/localdev/fzhang/ws/ibex-challenge/dv/auto_dv/tb/gen_protocol_props.sv", 312: gen_tb_top.u_dut.gen_protocol_props_i.sva_rvfi_trap_seen, 47132 attempts, 0 match
"/localdev/fzhang/ws/ibex-challenge/dv/auto_dv/tb/gen_protocol_props.sv", 313: gen_tb_top.u_dut.gen_protocol_props_i.sva_rvfi_irq_valid_seen, 47132 attempts, 7303 match
"/localdev/fzhang/ws/ibex-challenge/dv/auto_dv/tb/gen_bus_if.sv", 65: gen_tb_top.u_dbus_if.cov_rvalid_legal, 47132 attempts, 216 match
"/localdev/fzhang/ws/ibex-challenge/dv/auto_dv/tb/gen_bus_if.sv", 65: gen_tb_top.u_ibus_if.cov_rvalid_legal, 47132 attempts, 3779 match
           V C S   S i m u l a t i o n   R e p o r t 
Time: 471315010 ps
CPU Time:      2.000 seconds;       Data structure size:   9.0Mb
Tue Sep  8 00:07:43 2026
