# excerpt of dv/auto_dv/work/tb-infra/out_t090/e/ut_irq_dir/stdout.log (build e, final step-2b tree: banner, component reports, UVM counts, cocotb result)
GEN_CONFIG_BANNER build_config=opentitan
 15005.00ns INFO     cocotb.gen_tb_top                  GEN_UT_IRQ line fast3 mask 0x00040 taken=True at cycle 1495
 18195.00ns INFO     cocotb.gen_tb_top                  GEN_UT_IRQ line external mask 0x00004 taken=True at cycle 1814
 21245.00ns INFO     cocotb.gen_tb_top                  GEN_UT_IRQ line software mask 0x00001 taken=True at cycle 2119
 24335.00ns INFO     cocotb.gen_tb_top                  GEN_UT_IRQ line timer mask 0x00002 taken=True at cycle 2428
 27435.00ns INFO     cocotb.gen_tb_top                  GEN_UT_IRQ line fast14+fast0 mask 0x20008 taken=True at cycle 2738
UVM_INFO dv/auto_dv/env/gen_agents_pkg.sv(597) @ 3043500: dbg [GEN_DBG] requests=0 releases=0
UVM_INFO dv/auto_dv/env/gen_checkers_pkg.sv(185) @ 3043500: dbg_chk [GEN_DBG_CHK] debug entries=0 bound failures=0 masked failures=0
UVM_INFO dv/auto_dv/env/gen_agents_pkg.sv(538) @ 3043500: irq [GEN_IRQ] events=10 releases=5 regime_events=0 final_levels=00000
UVM_INFO dv/auto_dv/env/gen_checkers_pkg.sv(140) @ 3043500: irq_chk [GEN_IRQ_CHK] irq_pending cycles checked=3036 mismatches=0; entries=5 nmi=0 bound failures=0 open expectations=0
UVM_INFO dv/auto_dv/env/gen_checkers_pkg.sv(284) @ 3043500: misc_mon [GEN_MISC] alert_bus hits=0 mismatches=0; alert_minor hits=0 mismatches=0; alert_internal hits=0; data_tag hits=0; sync traps=0 double faults expected=0 pulses=0
UVM_INFO dv/auto_dv/env/gen_rvfi_pkg.sv(456) @ 3043500: sb [GEN_SB] ISA compare: records=602 mismatches=0 folded=0 draft_b=0 traps=0 irq_entries=5 dbg_entries=0 rvfi_rmask_on_nonload=602
 30435.00ns INFO     cocotb.gen_tb_top                  GEN_UT_IRQ_PASS
UVM_ERROR :    0
UVM_FATAL :    0
[GEN_DBG_CHK]     1
[GEN_IRQ_CHK]     1
[GEN_MISC]     1
                                                        ** TESTS=1 PASS=1 FAIL=0 SKIP=0                                   30435.01           0.11     265327.18  **
