Info: [VCS_SAVE_RESTORE_INFO] ASLR (Address Space Layout Randomization) is detected on the machine. To enable $save functionality, ASLR will be switched off and simv re-executed.
Please use '-no_save' simv switch to avoid re-execution or '-suppress=ASLR_DETECTED_INFO' to suppress this message.
Chronologic VCS simulator copyright 1991-2025
Contains Synopsys proprietary information.
Compiler version X-2025.06-SP2_Full64; Runtime version X-2025.06-SP2_Full64;  Sep  3 06:11 2026
     -.--ns INFO     gpi                                ..mbed/gpi_embed.cpp:108  in set_program_name_in_venv        Using Python virtual environment interpreter at /localdev/fzhang/ws/ibex-challenge/.venv/bin/python
     -.--ns INFO     gpi                                ../gpi/GpiCommon.cpp:101  in gpi_print_registered_impl       VPI registered
     0.00ns INFO     cocotb                             Running on Chronologic Simulation VCS Release version X-2025.06-SP2_Full64
     0.00ns INFO     cocotb                             Running tests with cocotb v1.9.2 from /localdev/fzhang/ws/ibex-challenge/.venv/lib/python3.12/site-packages/cocotb
     0.00ns INFO     cocotb                             Seeding Python random module with supplied seed 1
     0.00ns INFO     cocotb.regression                  pytest not found, install it to enable better AssertionError messages
     0.00ns CRITICAL cocotb.regression                  Failed to import module dv.auto_dv.gen_tb.gen_tests.gen_ut_export: cannot import name 'gen_export' from 'dv.auto_dv.gen_tb' (unknown location)
     0.00ns INFO     cocotb.regression                  MODULE variable was "dv.auto_dv.gen_tb.gen_tests.gen_ut_export"
     0.00ns INFO     cocotb.regression                  Traceback (most recent call last):
                                                          File "/localdev/fzhang/ws/ibex-challenge/.venv/lib/python3.12/site-packages/cocotb/regression.py", line 203, in _discover_tests
                                                            module = _my_import(module_name)
                                                                     ^^^^^^^^^^^^^^^^^^^^^^^
                                                          File "/localdev/fzhang/ws/ibex-challenge/.venv/lib/python3.12/site-packages/cocotb/regression.py", line 72, in _my_import
                                                            mod = __import__(name)
                                                                  ^^^^^^^^^^^^^^^^
                                                          File "/localdev/fzhang/ws/ibex-challenge/dv/auto_dv/gen_tb/gen_tests/gen_ut_export.py", line 14, in <module>
                                                            from dv.auto_dv.gen_tb import gen_export
                                                        ImportError: cannot import name 'gen_export' from 'dv.auto_dv.gen_tb' (unknown location)
                                                        
     0.00ns ERROR    cocotb                             cannot import name 'gen_export' from 'dv.auto_dv.gen_tb' (unknown location)
$finish at simulation time                    0
"dv/auto_dv/tb/gen_bus_if.sv", 49: gen_tb_top.u_dbus_if.cov_rvalid_legal, 0 attempts, 0 match
"dv/auto_dv/tb/gen_bus_if.sv", 49: gen_tb_top.u_ibus_if.cov_rvalid_legal, 0 attempts, 0 match
           V C S   S i m u l a t i o n   R e p o r t 
Time: 00 ps
CPU Time:      0.360 seconds;       Data structure size:   0.7Mb
Thu Sep  3 06:11:09 2026
