Command: vcs -full64 -sverilog -ntb_opts uvm-1.2 +define+UVM +define+UVM_REGEX_NO_DPI \
-timescale=1ns/10ps -licqueue -CFLAGS --std=c99 -fno-extended-identifiers -xlrm uniq_prior_final \
-lca -kdb -debug_access+pp +define+COCOTB_SIM -f dv/auto_dv/tb/gen_rtl.f -f dv/auto_dv/tb/gen_tb.f \
-top gen_tb_top +define+RVFI +define+BaseIsa=ibex_pkg::BaseIsaRV32IorCHERIoT -pvalue+RV32E=0 \
+define+RV32M=ibex_pkg::RV32MSingleCycle +define+RV32B=ibex_pkg::RV32BOTEarlGrey \
+define+RV32ZC=ibex_pkg::RV32ZcaZcbZcmp +define+RegFile=ibex_pkg::RegFileFF -pvalue+BranchTargetALU=1 \
-pvalue+WritebackStage=1 -pvalue+ICache=1 -pvalue+ICacheECC=1 -pvalue+ICacheScramble=1 \
-pvalue+BranchPredictor=0 -pvalue+DbgTriggerEn=1 -pvalue+SecureIbex=1 -pvalue+PMPEnable=1 \
-pvalue+PMPGranularity=0 -pvalue+PMPNumRegions=16 -pvalue+MHPMCounterNum=10 -pvalue+MHPMCounterWidth=32 \
-LDFLAGS -Wl,--no-as-needed -L/localdev/fzhang/ws/ibex-challenge/dv/auto_dv/work/tb-infra/out_t080/lib \
-lgen_isa_shim -Wl,-rpath,/localdev/fzhang/ws/ibex-challenge/dv/auto_dv/work/tb-infra/out_t080/lib \
-Wl,-rpath-link,/localdev/fzhang/ws/ibex-challenge/tools/spike/lib -Mdir=/localdev/fzhang/ws/ibex-challenge/dv/auto_dv/work/tb-infra/out_t080/vcs_simv.csrc \
-o /localdev/fzhang/ws/ibex-challenge/dv/auto_dv/work/tb-infra/out_t080/vcs_simv \
+vpi -P dv/auto_dv/flow/gen_pli.tab -load /localdev/fzhang/ws/ibex-challenge/.venv/lib/python3.12/site-packages/cocotb/libs/libcocotbvpi_vcs.so \
-l /localdev/fzhang/ws/ibex-challenge/dv/auto_dv/work/tb-infra/out_t080/compile.log \

                         Chronologic VCS (TM)
       Version X-2025.06-SP2_Full64 -- Thu Sep  3 06:15:45 2026

                    Copyright (c) 1991 - 2025 Synopsys, Inc.
   This software and the associated documentation are proprietary to Synopsys,
 Inc. This software may only be used in accordance with the terms and conditions
 of a written license agreement with Synopsys, Inc. All other use, reproduction,
   or distribution of this software is strictly prohibited.  Licensed Products
     communicate with Synopsys servers for the purpose of providing software
    updates, detecting software piracy and verifying that customers are using
    Licensed Products in conformity with the applicable License Key for such
  Licensed Products. Synopsys will use information gathered in connection with
    this process to deliver software updates and pursue software pirates and
                                   infringers.

 Inclusivity & Diversity - Visit SolvNetPlus to read the "Synopsys Statement on
            Inclusivity and Diversity" (Refer to article 000036315 at
                        https://solvnetplus.synopsys.com)


Warning-[LCA_FEATURES_ENABLED] Usage warning
  LCA features enabled by '-lca' argument on the command line.  For more 
  information regarding list of LCA features please refer to Chapter "LCA 
  features" in the VCS Release Notes


Warning-[VPI-CT-NS] VPI function is not supported
  The VPI function 'vpi_register_cb' is not supported in the compiler.
  Please fix the code being referred to by the '-load' compile option.


Warning-[VPI-CT-NS] VPI function is not supported
  The VPI function 'vpi_chk_error' is not supported in the compiler.
  Please fix the code being referred to by the '-load' compile option.


Warning-[VPI-CT-NS] VPI function is not supported
  The VPI function 'vpi_register_cb' is not supported in the compiler.
  Please fix the code being referred to by the '-load' compile option.


Warning-[VPI-CT-NS] VPI function is not supported
  The VPI function 'vpi_chk_error' is not supported in the compiler.
  Please fix the code being referred to by the '-load' compile option.

Parsing design file '/tools_vendor/synopsys/vcs/X-2025.06-SP2/etc/uvm-1.2/uvm_pkg.sv'
Parsing included file '/tools_vendor/synopsys/vcs/X-2025.06-SP2/etc/uvm-1.2/uvm_macros.svh'.
Parsing included file '/tools_vendor/synopsys/vcs/X-2025.06-SP2/etc/uvm-1.2/macros/uvm_version_defines.svh'.
Back to file '/tools_vendor/synopsys/vcs/X-2025.06-SP2/etc/uvm-1.2/uvm_macros.svh'.
Parsing included file '/tools_vendor/synopsys/vcs/X-2025.06-SP2/etc/uvm-1.2/macros/uvm_global_defines.svh'.
Back to file '/tools_vendor/synopsys/vcs/X-2025.06-SP2/etc/uvm-1.2/uvm_macros.svh'.
Parsing included file '/tools_vendor/synopsys/vcs/X-2025.06-SP2/etc/uvm-1.2/macros/snps_macros.svp'.
Back to file '/tools_vendor/synopsys/vcs/X-2025.06-SP2/etc/uvm-1.2/uvm_macros.svh'.
Parsing included file '/tools_vendor/synopsys/vcs/X-2025.06-SP2/etc/uvm-1.2/macros/uvm_message_defines.svh'.
Back to file '/tools_vendor/synopsys/vcs/X-2025.06-SP2/etc/uvm-1.2/uvm_macros.svh'.
Parsing included file '/tools_vendor/synopsys/vcs/X-2025.06-SP2/etc/uvm-1.2/macros/uvm_phase_defines.svh'.
Back to file '/tools_vendor/synopsys/vcs/X-2025.06-SP2/etc/uvm-1.2/uvm_macros.svh'.
Parsing included file '/tools_vendor/synopsys/vcs/X-2025.06-SP2/etc/uvm-1.2/macros/uvm_object_defines.svh'.
Back to file '/tools_vendor/synopsys/vcs/X-2025.06-SP2/etc/uvm-1.2/uvm_macros.svh'.
Parsing included file '/tools_vendor/synopsys/vcs/X-2025.06-SP2/etc/uvm-1.2/macros/uvm_printer_defines.svh'.
Back to file '/tools_vendor/synopsys/vcs/X-2025.06-SP2/etc/uvm-1.2/uvm_macros.svh'.
Parsing included file '/tools_vendor/synopsys/vcs/X-2025.06-SP2/etc/uvm-1.2/macros/uvm_tlm_defines.svh'.
Parsing included file '/tools_vendor/synopsys/vcs/X-2025.06-SP2/etc/uvm-1.2/tlm1/uvm_tlm_imps.svh'.
Back to file '/tools_vendor/synopsys/vcs/X-2025.06-SP2/etc/uvm-1.2/macros/uvm_tlm_defines.svh'.
Back to file '/tools_vendor/synopsys/vcs/X-2025.06-SP2/etc/uvm-1.2/uvm_macros.svh'.
Parsing included file '/tools_vendor/synopsys/vcs/X-2025.06-SP2/etc/uvm-1.2/macros/uvm_sequence_defines.svh'.
Back to file '/tools_vendor/synopsys/vcs/X-2025.06-SP2/etc/uvm-1.2/uvm_macros.svh'.
Parsing included file '/tools_vendor/synopsys/vcs/X-2025.06-SP2/etc/uvm-1.2/macros/uvm_callback_defines.svh'.
Back to file '/tools_vendor/synopsys/vcs/X-2025.06-SP2/etc/uvm-1.2/uvm_macros.svh'.
Parsing included file '/tools_vendor/synopsys/vcs/X-2025.06-SP2/etc/uvm-1.2/macros/uvm_reg_defines.svh'.
Back to file '/tools_vendor/synopsys/vcs/X-2025.06-SP2/etc/uvm-1.2/uvm_macros.svh'.
Parsing included file '/tools_vendor/synopsys/vcs/X-2025.06-SP2/etc/uvm-1.2/macros/uvm_deprecated_defines.svh'.
Back to file '/tools_vendor/synopsys/vcs/X-2025.06-SP2/etc/uvm-1.2/uvm_macros.svh'.
Back to file '/tools_vendor/synopsys/vcs/X-2025.06-SP2/etc/uvm-1.2/uvm_pkg.sv'.
Parsing included file '/tools_vendor/synopsys/vcs/X-2025.06-SP2/etc/uvm-1.2/dpi/uvm_dpi.svh'.
Parsing included file '/tools_vendor/synopsys/vcs/X-2025.06-SP2/etc/uvm-1.2/dpi/uvm_hdl.svh'.
Back to file '/tools_vendor/synopsys/vcs/X-2025.06-SP2/etc/uvm-1.2/dpi/uvm_dpi.svh'.
Parsing included file '/tools_vendor/synopsys/vcs/X-2025.06-SP2/etc/uvm-1.2/dpi/uvm_svcmd_dpi.svh'.
Back to file '/tools_vendor/synopsys/vcs/X-2025.06-SP2/etc/uvm-1.2/dpi/uvm_dpi.svh'.
Parsing included file '/tools_vendor/synopsys/vcs/X-2025.06-SP2/etc/uvm-1.2/dpi/uvm_regex.svh'.
Back to file '/tools_vendor/synopsys/vcs/X-2025.06-SP2/etc/uvm-1.2/dpi/uvm_dpi.svh'.
Back to file '/tools_vendor/synopsys/vcs/X-2025.06-SP2/etc/uvm-1.2/uvm_pkg.sv'.
Parsing included file '/tools_vendor/synopsys/vcs/X-2025.06-SP2/etc/uvm-1.2/base/uvm_base.svh'.
Parsing included file '/tools_vendor/synopsys/vcs/X-2025.06-SP2/etc/uvm-1.2/base/uvm_coreservice.svh'.
Back to file '/tools_vendor/synopsys/vcs/X-2025.06-SP2/etc/uvm-1.2/base/uvm_base.svh'.
Parsing included file '/tools_vendor/synopsys/vcs/X-2025.06-SP2/etc/uvm-1.2/base/uvm_version.svh'.
Back to file '/tools_vendor/synopsys/vcs/X-2025.06-SP2/etc/uvm-1.2/base/uvm_base.svh'.
Parsing included file '/tools_vendor/synopsys/vcs/X-2025.06-SP2/etc/uvm-1.2/base/uvm_object_globals.svh'.
Back to file '/tools_vendor/synopsys/vcs/X-2025.06-SP2/etc/uvm-1.2/base/uvm_base.svh'.
Parsing included file '/tools_vendor/synopsys/vcs/X-2025.06-SP2/etc/uvm-1.2/base/uvm_misc.svh'.
Back to file '/tools_vendor/synopsys/vcs/X-2025.06-SP2/etc/uvm-1.2/base/uvm_base.svh'.
Parsing included file '/tools_vendor/synopsys/vcs/X-2025.06-SP2/etc/uvm-1.2/base/uvm_object.svh'.
Back to file '/tools_vendor/synopsys/vcs/X-2025.06-SP2/etc/uvm-1.2/base/uvm_base.svh'.
Parsing included file '/tools_vendor/synopsys/vcs/X-2025.06-SP2/etc/uvm-1.2/base/uvm_pool.svh'.
Back to file '/tools_vendor/synopsys/vcs/X-2025.06-SP2/etc/uvm-1.2/base/uvm_base.svh'.
Parsing included file '/tools_vendor/synopsys/vcs/X-2025.06-SP2/etc/uvm-1.2/base/uvm_queue.svh'.
Back to file '/tools_vendor/synopsys/vcs/X-2025.06-SP2/etc/uvm-1.2/base/uvm_base.svh'.
Parsing included file '/tools_vendor/synopsys/vcs/X-2025.06-SP2/etc/uvm-1.2/base/uvm_factory.svh'.
Back to file '/tools_vendor/synopsys/vcs/X-2025.06-SP2/etc/uvm-1.2/base/uvm_base.svh'.
Parsing included file '/tools_vendor/synopsys/vcs/X-2025.06-SP2/etc/uvm-1.2/base/uvm_registry.svh'.
Back to file '/tools_vendor/synopsys/vcs/X-2025.06-SP2/etc/uvm-1.2/base/uvm_base.svh'.
Parsing included file '/tools_vendor/synopsys/vcs/X-2025.06-SP2/etc/uvm-1.2/base/uvm_spell_chkr.svh'.
Back to file '/tools_vendor/synopsys/vcs/X-2025.06-SP2/etc/uvm-1.2/base/uvm_base.svh'.
Parsing included file '/tools_vendor/synopsys/vcs/X-2025.06-SP2/etc/uvm-1.2/base/uvm_resource.svh'.
Back to file '/tools_vendor/synopsys/vcs/X-2025.06-SP2/etc/uvm-1.2/base/uvm_base.svh'.
Parsing included file '/tools_vendor/synopsys/vcs/X-2025.06-SP2/etc/uvm-1.2/base/uvm_resource_specializations.svh'.
Back to file '/tools_vendor/synopsys/vcs/X-2025.06-SP2/etc/uvm-1.2/base/uvm_base.svh'.
Parsing included file '/tools_vendor/synopsys/vcs/X-2025.06-SP2/etc/uvm-1.2/base/uvm_resource_db.svh'.
Back to file '/tools_vendor/synopsys/vcs/X-2025.06-SP2/etc/uvm-1.2/base/uvm_base.svh'.
Parsing included file '/tools_vendor/synopsys/vcs/X-2025.06-SP2/etc/uvm-1.2/base/uvm_config_db.svh'.
Back to file '/tools_vendor/synopsys/vcs/X-2025.06-SP2/etc/uvm-1.2/base/uvm_base.svh'.
Parsing included file '/tools_vendor/synopsys/vcs/X-2025.06-SP2/etc/uvm-1.2/base/uvm_printer.svh'.
Back to file '/tools_vendor/synopsys/vcs/X-2025.06-SP2/etc/uvm-1.2/base/uvm_base.svh'.
Parsing included file '/tools_vendor/synopsys/vcs/X-2025.06-SP2/etc/uvm-1.2/base/uvm_comparer.svh'.
Back to file '/tools_vendor/synopsys/vcs/X-2025.06-SP2/etc/uvm-1.2/base/uvm_base.svh'.
Parsing included file '/tools_vendor/synopsys/vcs/X-2025.06-SP2/etc/uvm-1.2/base/uvm_packer.svh'.
Back to file '/tools_vendor/synopsys/vcs/X-2025.06-SP2/etc/uvm-1.2/base/uvm_base.svh'.
Parsing included file '/tools_vendor/synopsys/vcs/X-2025.06-SP2/etc/uvm-1.2/base/uvm_links.svh'.
Back to file '/tools_vendor/synopsys/vcs/X-2025.06-SP2/etc/uvm-1.2/base/uvm_base.svh'.
Parsing included file '/tools_vendor/synopsys/vcs/X-2025.06-SP2/etc/uvm-1.2/base/uvm_tr_database.svh'.
Back to file '/tools_vendor/synopsys/vcs/X-2025.06-SP2/etc/uvm-1.2/base/uvm_base.svh'.
Parsing included file '/tools_vendor/synopsys/vcs/X-2025.06-SP2/etc/uvm-1.2/base/uvm_tr_stream.svh'.
Back to file '/tools_vendor/synopsys/vcs/X-2025.06-SP2/etc/uvm-1.2/base/uvm_base.svh'.
Parsing included file '/tools_vendor/synopsys/vcs/X-2025.06-SP2/etc/uvm-1.2/base/uvm_recorder.svh'.
Back to file '/tools_vendor/synopsys/vcs/X-2025.06-SP2/etc/uvm-1.2/base/uvm_base.svh'.
Parsing included file '/tools_vendor/synopsys/vcs/X-2025.06-SP2/etc/uvm-1.2/base/uvm_event_callback.svh'.
Back to file '/tools_vendor/synopsys/vcs/X-2025.06-SP2/etc/uvm-1.2/base/uvm_base.svh'.
Parsing included file '/tools_vendor/synopsys/vcs/X-2025.06-SP2/etc/uvm-1.2/base/uvm_event.svh'.
Back to file '/tools_vendor/synopsys/vcs/X-2025.06-SP2/etc/uvm-1.2/base/uvm_base.svh'.
Parsing included file '/tools_vendor/synopsys/vcs/X-2025.06-SP2/etc/uvm-1.2/base/uvm_barrier.svh'.
Back to file '/tools_vendor/synopsys/vcs/X-2025.06-SP2/etc/uvm-1.2/base/uvm_base.svh'.
Parsing included file '/tools_vendor/synopsys/vcs/X-2025.06-SP2/etc/uvm-1.2/base/uvm_callback.svh'.
Parsing included file '/tools_vendor/synopsys/vcs/X-2025.06-SP2/etc/uvm-1.2/uvm_macros.svh'.
Back to file '/tools_vendor/synopsys/vcs/X-2025.06-SP2/etc/uvm-1.2/base/uvm_callback.svh'.
Back to file '/tools_vendor/synopsys/vcs/X-2025.06-SP2/etc/uvm-1.2/base/uvm_base.svh'.
Parsing included file '/tools_vendor/synopsys/vcs/X-2025.06-SP2/etc/uvm-1.2/base/uvm_report_message.svh'.
Back to file '/tools_vendor/synopsys/vcs/X-2025.06-SP2/etc/uvm-1.2/base/uvm_base.svh'.
Parsing included file '/tools_vendor/synopsys/vcs/X-2025.06-SP2/etc/uvm-1.2/base/uvm_report_catcher.svh'.
Back to file '/tools_vendor/synopsys/vcs/X-2025.06-SP2/etc/uvm-1.2/base/uvm_base.svh'.
Parsing included file '/tools_vendor/synopsys/vcs/X-2025.06-SP2/etc/uvm-1.2/base/uvm_report_server.svh'.
Back to file '/tools_vendor/synopsys/vcs/X-2025.06-SP2/etc/uvm-1.2/base/uvm_base.svh'.
Parsing included file '/tools_vendor/synopsys/vcs/X-2025.06-SP2/etc/uvm-1.2/base/uvm_report_handler.svh'.
Back to file '/tools_vendor/synopsys/vcs/X-2025.06-SP2/etc/uvm-1.2/base/uvm_base.svh'.
Parsing included file '/tools_vendor/synopsys/vcs/X-2025.06-SP2/etc/uvm-1.2/base/uvm_report_object.svh'.
Back to file '/tools_vendor/synopsys/vcs/X-2025.06-SP2/etc/uvm-1.2/base/uvm_base.svh'.
Parsing included file '/tools_vendor/synopsys/vcs/X-2025.06-SP2/etc/uvm-1.2/base/uvm_transaction.svh'.
Back to file '/tools_vendor/synopsys/vcs/X-2025.06-SP2/etc/uvm-1.2/base/uvm_base.svh'.
Parsing included file '/tools_vendor/synopsys/vcs/X-2025.06-SP2/etc/uvm-1.2/base/uvm_phase.svh'.
Back to file '/tools_vendor/synopsys/vcs/X-2025.06-SP2/etc/uvm-1.2/base/uvm_base.svh'.
Parsing included file '/tools_vendor/synopsys/vcs/X-2025.06-SP2/etc/uvm-1.2/base/uvm_domain.svh'.
Back to file '/tools_vendor/synopsys/vcs/X-2025.06-SP2/etc/uvm-1.2/base/uvm_base.svh'.
Parsing included file '/tools_vendor/synopsys/vcs/X-2025.06-SP2/etc/uvm-1.2/base/uvm_bottomup_phase.svh'.
Back to file '/tools_vendor/synopsys/vcs/X-2025.06-SP2/etc/uvm-1.2/base/uvm_base.svh'.
Parsing included file '/tools_vendor/synopsys/vcs/X-2025.06-SP2/etc/uvm-1.2/base/uvm_topdown_phase.svh'.
Back to file '/tools_vendor/synopsys/vcs/X-2025.06-SP2/etc/uvm-1.2/base/uvm_base.svh'.
Parsing included file '/tools_vendor/synopsys/vcs/X-2025.06-SP2/etc/uvm-1.2/base/uvm_task_phase.svh'.
Back to file '/tools_vendor/synopsys/vcs/X-2025.06-SP2/etc/uvm-1.2/base/uvm_base.svh'.
Parsing included file '/tools_vendor/synopsys/vcs/X-2025.06-SP2/etc/uvm-1.2/base/uvm_common_phases.svh'.
Back to file '/tools_vendor/synopsys/vcs/X-2025.06-SP2/etc/uvm-1.2/base/uvm_base.svh'.
Parsing included file '/tools_vendor/synopsys/vcs/X-2025.06-SP2/etc/uvm-1.2/base/uvm_runtime_phases.svh'.
Back to file '/tools_vendor/synopsys/vcs/X-2025.06-SP2/etc/uvm-1.2/base/uvm_base.svh'.
Parsing included file '/tools_vendor/synopsys/vcs/X-2025.06-SP2/etc/uvm-1.2/base/uvm_component.svh'.
Parsing included file '/tools_vendor/synopsys/vcs/X-2025.06-SP2/etc/uvm-1.2/base/uvm_root.svh'.
Back to file '/tools_vendor/synopsys/vcs/X-2025.06-SP2/etc/uvm-1.2/base/uvm_component.svh'.
Back to file '/tools_vendor/synopsys/vcs/X-2025.06-SP2/etc/uvm-1.2/base/uvm_base.svh'.
Parsing included file '/tools_vendor/synopsys/vcs/X-2025.06-SP2/etc/uvm-1.2/base/uvm_objection.svh'.
Back to file '/tools_vendor/synopsys/vcs/X-2025.06-SP2/etc/uvm-1.2/base/uvm_base.svh'.
Parsing included file '/tools_vendor/synopsys/vcs/X-2025.06-SP2/etc/uvm-1.2/base/uvm_heartbeat.svh'.
Back to file '/tools_vendor/synopsys/vcs/X-2025.06-SP2/etc/uvm-1.2/base/uvm_base.svh'.
Parsing included file '/tools_vendor/synopsys/vcs/X-2025.06-SP2/etc/uvm-1.2/base/uvm_globals.svh'.
Back to file '/tools_vendor/synopsys/vcs/X-2025.06-SP2/etc/uvm-1.2/base/uvm_base.svh'.
Parsing included file '/tools_vendor/synopsys/vcs/X-2025.06-SP2/etc/uvm-1.2/base/uvm_cmdline_processor.svh'.
Back to file '/tools_vendor/synopsys/vcs/X-2025.06-SP2/etc/uvm-1.2/base/uvm_base.svh'.
Parsing included file '/tools_vendor/synopsys/vcs/X-2025.06-SP2/etc/uvm-1.2/base/uvm_traversal.svh'.
Back to file '/tools_vendor/synopsys/vcs/X-2025.06-SP2/etc/uvm-1.2/base/uvm_base.svh'.
Back to file '/tools_vendor/synopsys/vcs/X-2025.06-SP2/etc/uvm-1.2/uvm_pkg.sv'.
Parsing included file '/tools_vendor/synopsys/vcs/X-2025.06-SP2/etc/uvm-1.2/dap/uvm_dap.svh'.
Parsing included file '/tools_vendor/synopsys/vcs/X-2025.06-SP2/etc/uvm-1.2/dap/uvm_set_get_dap_base.svh'.
Back to file '/tools_vendor/synopsys/vcs/X-2025.06-SP2/etc/uvm-1.2/dap/uvm_dap.svh'.
Parsing included file '/tools_vendor/synopsys/vcs/X-2025.06-SP2/etc/uvm-1.2/dap/uvm_simple_lock_dap.svh'.
Back to file '/tools_vendor/synopsys/vcs/X-2025.06-SP2/etc/uvm-1.2/dap/uvm_dap.svh'.
Parsing included file '/tools_vendor/synopsys/vcs/X-2025.06-SP2/etc/uvm-1.2/dap/uvm_get_to_lock_dap.svh'.
Back to file '/tools_vendor/synopsys/vcs/X-2025.06-SP2/etc/uvm-1.2/dap/uvm_dap.svh'.
Parsing included file '/tools_vendor/synopsys/vcs/X-2025.06-SP2/etc/uvm-1.2/dap/uvm_set_before_get_dap.svh'.
Back to file '/tools_vendor/synopsys/vcs/X-2025.06-SP2/etc/uvm-1.2/dap/uvm_dap.svh'.
Back to file '/tools_vendor/synopsys/vcs/X-2025.06-SP2/etc/uvm-1.2/uvm_pkg.sv'.
Parsing included file '/tools_vendor/synopsys/vcs/X-2025.06-SP2/etc/uvm-1.2/tlm1/uvm_tlm.svh'.
Parsing included file '/tools_vendor/synopsys/vcs/X-2025.06-SP2/etc/uvm-1.2/tlm1/uvm_tlm_ifs.svh'.
Back to file '/tools_vendor/synopsys/vcs/X-2025.06-SP2/etc/uvm-1.2/tlm1/uvm_tlm.svh'.
Parsing included file '/tools_vendor/synopsys/vcs/X-2025.06-SP2/etc/uvm-1.2/tlm1/uvm_sqr_ifs.svh'.
Back to file '/tools_vendor/synopsys/vcs/X-2025.06-SP2/etc/uvm-1.2/tlm1/uvm_tlm.svh'.
Parsing included file '/tools_vendor/synopsys/vcs/X-2025.06-SP2/etc/uvm-1.2/base/uvm_port_base.svh'.
Back to file '/tools_vendor/synopsys/vcs/X-2025.06-SP2/etc/uvm-1.2/tlm1/uvm_tlm.svh'.
Parsing included file '/tools_vendor/synopsys/vcs/X-2025.06-SP2/etc/uvm-1.2/tlm1/uvm_tlm_imps.svh'.
Back to file '/tools_vendor/synopsys/vcs/X-2025.06-SP2/etc/uvm-1.2/tlm1/uvm_tlm.svh'.
Parsing included file '/tools_vendor/synopsys/vcs/X-2025.06-SP2/etc/uvm-1.2/tlm1/uvm_imps.svh'.
Back to file '/tools_vendor/synopsys/vcs/X-2025.06-SP2/etc/uvm-1.2/tlm1/uvm_tlm.svh'.
Parsing included file '/tools_vendor/synopsys/vcs/X-2025.06-SP2/etc/uvm-1.2/tlm1/uvm_ports.svh'.
Back to file '/tools_vendor/synopsys/vcs/X-2025.06-SP2/etc/uvm-1.2/tlm1/uvm_tlm.svh'.
Parsing included file '/tools_vendor/synopsys/vcs/X-2025.06-SP2/etc/uvm-1.2/tlm1/uvm_exports.svh'.
Back to file '/tools_vendor/synopsys/vcs/X-2025.06-SP2/etc/uvm-1.2/tlm1/uvm_tlm.svh'.
Parsing included file '/tools_vendor/synopsys/vcs/X-2025.06-SP2/etc/uvm-1.2/tlm1/uvm_analysis_port.svh'.
Back to file '/tools_vendor/synopsys/vcs/X-2025.06-SP2/etc/uvm-1.2/tlm1/uvm_tlm.svh'.
Parsing included file '/tools_vendor/synopsys/vcs/X-2025.06-SP2/etc/uvm-1.2/tlm1/uvm_tlm_fifo_base.svh'.
Back to file '/tools_vendor/synopsys/vcs/X-2025.06-SP2/etc/uvm-1.2/tlm1/uvm_tlm.svh'.
Parsing included file '/tools_vendor/synopsys/vcs/X-2025.06-SP2/etc/uvm-1.2/tlm1/uvm_tlm_fifos.svh'.
Back to file '/tools_vendor/synopsys/vcs/X-2025.06-SP2/etc/uvm-1.2/tlm1/uvm_tlm.svh'.
Parsing included file '/tools_vendor/synopsys/vcs/X-2025.06-SP2/etc/uvm-1.2/tlm1/uvm_tlm_req_rsp.svh'.
Back to file '/tools_vendor/synopsys/vcs/X-2025.06-SP2/etc/uvm-1.2/tlm1/uvm_tlm.svh'.
Parsing included file '/tools_vendor/synopsys/vcs/X-2025.06-SP2/etc/uvm-1.2/tlm1/uvm_sqr_connections.svh'.
Back to file '/tools_vendor/synopsys/vcs/X-2025.06-SP2/etc/uvm-1.2/tlm1/uvm_tlm.svh'.
Back to file '/tools_vendor/synopsys/vcs/X-2025.06-SP2/etc/uvm-1.2/uvm_pkg.sv'.
Parsing included file '/tools_vendor/synopsys/vcs/X-2025.06-SP2/etc/uvm-1.2/comps/uvm_comps.svh'.
Parsing included file '/tools_vendor/synopsys/vcs/X-2025.06-SP2/etc/uvm-1.2/comps/uvm_pair.svh'.
Back to file '/tools_vendor/synopsys/vcs/X-2025.06-SP2/etc/uvm-1.2/comps/uvm_comps.svh'.
Parsing included file '/tools_vendor/synopsys/vcs/X-2025.06-SP2/etc/uvm-1.2/comps/uvm_policies.svh'.
Back to file '/tools_vendor/synopsys/vcs/X-2025.06-SP2/etc/uvm-1.2/comps/uvm_comps.svh'.
Parsing included file '/tools_vendor/synopsys/vcs/X-2025.06-SP2/etc/uvm-1.2/comps/uvm_in_order_comparator.svh'.
Back to file '/tools_vendor/synopsys/vcs/X-2025.06-SP2/etc/uvm-1.2/comps/uvm_comps.svh'.
Parsing included file '/tools_vendor/synopsys/vcs/X-2025.06-SP2/etc/uvm-1.2/comps/uvm_algorithmic_comparator.svh'.
Back to file '/tools_vendor/synopsys/vcs/X-2025.06-SP2/etc/uvm-1.2/comps/uvm_comps.svh'.
Parsing included file '/tools_vendor/synopsys/vcs/X-2025.06-SP2/etc/uvm-1.2/comps/uvm_random_stimulus.svh'.
Back to file '/tools_vendor/synopsys/vcs/X-2025.06-SP2/etc/uvm-1.2/comps/uvm_comps.svh'.
Parsing included file '/tools_vendor/synopsys/vcs/X-2025.06-SP2/etc/uvm-1.2/comps/uvm_subscriber.svh'.
Back to file '/tools_vendor/synopsys/vcs/X-2025.06-SP2/etc/uvm-1.2/comps/uvm_comps.svh'.
Parsing included file '/tools_vendor/synopsys/vcs/X-2025.06-SP2/etc/uvm-1.2/comps/uvm_monitor.svh'.
Back to file '/tools_vendor/synopsys/vcs/X-2025.06-SP2/etc/uvm-1.2/comps/uvm_comps.svh'.
Parsing included file '/tools_vendor/synopsys/vcs/X-2025.06-SP2/etc/uvm-1.2/comps/uvm_driver.svh'.
Back to file '/tools_vendor/synopsys/vcs/X-2025.06-SP2/etc/uvm-1.2/comps/uvm_comps.svh'.
Parsing included file '/tools_vendor/synopsys/vcs/X-2025.06-SP2/etc/uvm-1.2/comps/uvm_push_driver.svh'.
Back to file '/tools_vendor/synopsys/vcs/X-2025.06-SP2/etc/uvm-1.2/comps/uvm_comps.svh'.
Parsing included file '/tools_vendor/synopsys/vcs/X-2025.06-SP2/etc/uvm-1.2/comps/uvm_scoreboard.svh'.
Back to file '/tools_vendor/synopsys/vcs/X-2025.06-SP2/etc/uvm-1.2/comps/uvm_comps.svh'.
Parsing included file '/tools_vendor/synopsys/vcs/X-2025.06-SP2/etc/uvm-1.2/comps/uvm_agent.svh'.
Back to file '/tools_vendor/synopsys/vcs/X-2025.06-SP2/etc/uvm-1.2/comps/uvm_comps.svh'.
Parsing included file '/tools_vendor/synopsys/vcs/X-2025.06-SP2/etc/uvm-1.2/comps/uvm_env.svh'.
Back to file '/tools_vendor/synopsys/vcs/X-2025.06-SP2/etc/uvm-1.2/comps/uvm_comps.svh'.
Parsing included file '/tools_vendor/synopsys/vcs/X-2025.06-SP2/etc/uvm-1.2/comps/uvm_test.svh'.
Back to file '/tools_vendor/synopsys/vcs/X-2025.06-SP2/etc/uvm-1.2/comps/uvm_comps.svh'.
Back to file '/tools_vendor/synopsys/vcs/X-2025.06-SP2/etc/uvm-1.2/uvm_pkg.sv'.
Parsing included file '/tools_vendor/synopsys/vcs/X-2025.06-SP2/etc/uvm-1.2/seq/uvm_seq.svh'.
Parsing included file '/tools_vendor/synopsys/vcs/X-2025.06-SP2/etc/uvm-1.2/seq/uvm_sequence_item.svh'.
Back to file '/tools_vendor/synopsys/vcs/X-2025.06-SP2/etc/uvm-1.2/seq/uvm_seq.svh'.
Parsing included file '/tools_vendor/synopsys/vcs/X-2025.06-SP2/etc/uvm-1.2/seq/uvm_sequencer_base.svh'.
Back to file '/tools_vendor/synopsys/vcs/X-2025.06-SP2/etc/uvm-1.2/seq/uvm_seq.svh'.
Parsing included file '/tools_vendor/synopsys/vcs/X-2025.06-SP2/etc/uvm-1.2/seq/uvm_sequencer_analysis_fifo.svh'.
Back to file '/tools_vendor/synopsys/vcs/X-2025.06-SP2/etc/uvm-1.2/seq/uvm_seq.svh'.
Parsing included file '/tools_vendor/synopsys/vcs/X-2025.06-SP2/etc/uvm-1.2/seq/uvm_sequencer_param_base.svh'.
Back to file '/tools_vendor/synopsys/vcs/X-2025.06-SP2/etc/uvm-1.2/seq/uvm_seq.svh'.
Parsing included file '/tools_vendor/synopsys/vcs/X-2025.06-SP2/etc/uvm-1.2/seq/uvm_sequencer.svh'.
Back to file '/tools_vendor/synopsys/vcs/X-2025.06-SP2/etc/uvm-1.2/seq/uvm_seq.svh'.
Parsing included file '/tools_vendor/synopsys/vcs/X-2025.06-SP2/etc/uvm-1.2/seq/uvm_push_sequencer.svh'.
Back to file '/tools_vendor/synopsys/vcs/X-2025.06-SP2/etc/uvm-1.2/seq/uvm_seq.svh'.
Parsing included file '/tools_vendor/synopsys/vcs/X-2025.06-SP2/etc/uvm-1.2/seq/uvm_sequence_base.svh'.
Back to file '/tools_vendor/synopsys/vcs/X-2025.06-SP2/etc/uvm-1.2/seq/uvm_seq.svh'.
Parsing included file '/tools_vendor/synopsys/vcs/X-2025.06-SP2/etc/uvm-1.2/seq/uvm_sequence.svh'.
Back to file '/tools_vendor/synopsys/vcs/X-2025.06-SP2/etc/uvm-1.2/seq/uvm_seq.svh'.
Parsing included file '/tools_vendor/synopsys/vcs/X-2025.06-SP2/etc/uvm-1.2/seq/uvm_sequence_library.svh'.
Back to file '/tools_vendor/synopsys/vcs/X-2025.06-SP2/etc/uvm-1.2/seq/uvm_seq.svh'.
Parsing included file '/tools_vendor/synopsys/vcs/X-2025.06-SP2/etc/uvm-1.2/seq/uvm_sequence_builtin.svh'.
Back to file '/tools_vendor/synopsys/vcs/X-2025.06-SP2/etc/uvm-1.2/seq/uvm_seq.svh'.
Back to file '/tools_vendor/synopsys/vcs/X-2025.06-SP2/etc/uvm-1.2/uvm_pkg.sv'.
Parsing included file '/tools_vendor/synopsys/vcs/X-2025.06-SP2/etc/uvm-1.2/tlm2/uvm_tlm2.svh'.
Parsing included file '/tools_vendor/synopsys/vcs/X-2025.06-SP2/etc/uvm-1.2/tlm2/uvm_tlm2_defines.svh'.
Back to file '/tools_vendor/synopsys/vcs/X-2025.06-SP2/etc/uvm-1.2/tlm2/uvm_tlm2.svh'.
Parsing included file '/tools_vendor/synopsys/vcs/X-2025.06-SP2/etc/uvm-1.2/tlm2/uvm_tlm2_time.svh'.
Back to file '/tools_vendor/synopsys/vcs/X-2025.06-SP2/etc/uvm-1.2/tlm2/uvm_tlm2.svh'.
Parsing included file '/tools_vendor/synopsys/vcs/X-2025.06-SP2/etc/uvm-1.2/tlm2/uvm_tlm2_generic_payload.svh'.
Back to file '/tools_vendor/synopsys/vcs/X-2025.06-SP2/etc/uvm-1.2/tlm2/uvm_tlm2.svh'.
Parsing included file '/tools_vendor/synopsys/vcs/X-2025.06-SP2/etc/uvm-1.2/tlm2/uvm_tlm2_ifs.svh'.
Back to file '/tools_vendor/synopsys/vcs/X-2025.06-SP2/etc/uvm-1.2/tlm2/uvm_tlm2.svh'.
Parsing included file '/tools_vendor/synopsys/vcs/X-2025.06-SP2/etc/uvm-1.2/tlm2/uvm_tlm2_imps.svh'.
Back to file '/tools_vendor/synopsys/vcs/X-2025.06-SP2/etc/uvm-1.2/tlm2/uvm_tlm2.svh'.
Parsing included file '/tools_vendor/synopsys/vcs/X-2025.06-SP2/etc/uvm-1.2/tlm2/uvm_tlm2_ports.svh'.
Back to file '/tools_vendor/synopsys/vcs/X-2025.06-SP2/etc/uvm-1.2/tlm2/uvm_tlm2.svh'.
Parsing included file '/tools_vendor/synopsys/vcs/X-2025.06-SP2/etc/uvm-1.2/tlm2/uvm_tlm2_exports.svh'.
Back to file '/tools_vendor/synopsys/vcs/X-2025.06-SP2/etc/uvm-1.2/tlm2/uvm_tlm2.svh'.
Parsing included file '/tools_vendor/synopsys/vcs/X-2025.06-SP2/etc/uvm-1.2/tlm2/uvm_tlm2_sockets_base.svh'.
Back to file '/tools_vendor/synopsys/vcs/X-2025.06-SP2/etc/uvm-1.2/tlm2/uvm_tlm2.svh'.
Parsing included file '/tools_vendor/synopsys/vcs/X-2025.06-SP2/etc/uvm-1.2/tlm2/uvm_tlm2_sockets.svh'.
Back to file '/tools_vendor/synopsys/vcs/X-2025.06-SP2/etc/uvm-1.2/tlm2/uvm_tlm2.svh'.
Back to file '/tools_vendor/synopsys/vcs/X-2025.06-SP2/etc/uvm-1.2/uvm_pkg.sv'.
Parsing included file '/tools_vendor/synopsys/vcs/X-2025.06-SP2/etc/uvm-1.2/reg/uvm_reg_model.svh'.
Parsing included file '/tools_vendor/synopsys/vcs/X-2025.06-SP2/etc/uvm-1.2/reg/uvm_reg_item.svh'.
Back to file '/tools_vendor/synopsys/vcs/X-2025.06-SP2/etc/uvm-1.2/reg/uvm_reg_model.svh'.
Parsing included file '/tools_vendor/synopsys/vcs/X-2025.06-SP2/etc/uvm-1.2/reg/uvm_reg_adapter.svh'.
Back to file '/tools_vendor/synopsys/vcs/X-2025.06-SP2/etc/uvm-1.2/reg/uvm_reg_model.svh'.
Parsing included file '/tools_vendor/synopsys/vcs/X-2025.06-SP2/etc/uvm-1.2/reg/uvm_reg_predictor.svh'.
Back to file '/tools_vendor/synopsys/vcs/X-2025.06-SP2/etc/uvm-1.2/reg/uvm_reg_model.svh'.
Parsing included file '/tools_vendor/synopsys/vcs/X-2025.06-SP2/etc/uvm-1.2/reg/uvm_reg_sequence.svh'.
Back to file '/tools_vendor/synopsys/vcs/X-2025.06-SP2/etc/uvm-1.2/reg/uvm_reg_model.svh'.
Parsing included file '/tools_vendor/synopsys/vcs/X-2025.06-SP2/etc/uvm-1.2/reg/uvm_reg_cbs.svh'.
Back to file '/tools_vendor/synopsys/vcs/X-2025.06-SP2/etc/uvm-1.2/reg/uvm_reg_model.svh'.
Parsing included file '/tools_vendor/synopsys/vcs/X-2025.06-SP2/etc/uvm-1.2/reg/uvm_reg_backdoor.svh'.
Back to file '/tools_vendor/synopsys/vcs/X-2025.06-SP2/etc/uvm-1.2/reg/uvm_reg_model.svh'.
Parsing included file '/tools_vendor/synopsys/vcs/X-2025.06-SP2/etc/uvm-1.2/reg/uvm_reg_field.svh'.
Back to file '/tools_vendor/synopsys/vcs/X-2025.06-SP2/etc/uvm-1.2/reg/uvm_reg_model.svh'.
Parsing included file '/tools_vendor/synopsys/vcs/X-2025.06-SP2/etc/uvm-1.2/reg/uvm_vreg_field.svh'.
Back to file '/tools_vendor/synopsys/vcs/X-2025.06-SP2/etc/uvm-1.2/reg/uvm_reg_model.svh'.
Parsing included file '/tools_vendor/synopsys/vcs/X-2025.06-SP2/etc/uvm-1.2/reg/uvm_reg.svh'.
Back to file '/tools_vendor/synopsys/vcs/X-2025.06-SP2/etc/uvm-1.2/reg/uvm_reg_model.svh'.
Parsing included file '/tools_vendor/synopsys/vcs/X-2025.06-SP2/etc/uvm-1.2/reg/uvm_reg_indirect.svh'.
Back to file '/tools_vendor/synopsys/vcs/X-2025.06-SP2/etc/uvm-1.2/reg/uvm_reg_model.svh'.
Parsing included file '/tools_vendor/synopsys/vcs/X-2025.06-SP2/etc/uvm-1.2/reg/uvm_reg_fifo.svh'.
Back to file '/tools_vendor/synopsys/vcs/X-2025.06-SP2/etc/uvm-1.2/reg/uvm_reg_model.svh'.
Parsing included file '/tools_vendor/synopsys/vcs/X-2025.06-SP2/etc/uvm-1.2/reg/uvm_reg_file.svh'.
Back to file '/tools_vendor/synopsys/vcs/X-2025.06-SP2/etc/uvm-1.2/reg/uvm_reg_model.svh'.
Parsing included file '/tools_vendor/synopsys/vcs/X-2025.06-SP2/etc/uvm-1.2/reg/uvm_mem_mam.svh'.
Back to file '/tools_vendor/synopsys/vcs/X-2025.06-SP2/etc/uvm-1.2/reg/uvm_reg_model.svh'.
Parsing included file '/tools_vendor/synopsys/vcs/X-2025.06-SP2/etc/uvm-1.2/reg/uvm_vreg.svh'.
Back to file '/tools_vendor/synopsys/vcs/X-2025.06-SP2/etc/uvm-1.2/reg/uvm_reg_model.svh'.
Parsing included file '/tools_vendor/synopsys/vcs/X-2025.06-SP2/etc/uvm-1.2/reg/uvm_mem.svh'.
Back to file '/tools_vendor/synopsys/vcs/X-2025.06-SP2/etc/uvm-1.2/reg/uvm_reg_model.svh'.
Parsing included file '/tools_vendor/synopsys/vcs/X-2025.06-SP2/etc/uvm-1.2/reg/uvm_reg_map.svh'.
Back to file '/tools_vendor/synopsys/vcs/X-2025.06-SP2/etc/uvm-1.2/reg/uvm_reg_model.svh'.
Parsing included file '/tools_vendor/synopsys/vcs/X-2025.06-SP2/etc/uvm-1.2/reg/uvm_reg_block.svh'.
Back to file '/tools_vendor/synopsys/vcs/X-2025.06-SP2/etc/uvm-1.2/reg/uvm_reg_model.svh'.
Parsing included file '/tools_vendor/synopsys/vcs/X-2025.06-SP2/etc/uvm-1.2/reg/sequences/uvm_reg_hw_reset_seq.svh'.
Back to file '/tools_vendor/synopsys/vcs/X-2025.06-SP2/etc/uvm-1.2/reg/uvm_reg_model.svh'.
Parsing included file '/tools_vendor/synopsys/vcs/X-2025.06-SP2/etc/uvm-1.2/reg/sequences/uvm_reg_bit_bash_seq.svh'.
Back to file '/tools_vendor/synopsys/vcs/X-2025.06-SP2/etc/uvm-1.2/reg/uvm_reg_model.svh'.
Parsing included file '/tools_vendor/synopsys/vcs/X-2025.06-SP2/etc/uvm-1.2/reg/sequences/uvm_mem_walk_seq.svh'.
Back to file '/tools_vendor/synopsys/vcs/X-2025.06-SP2/etc/uvm-1.2/reg/uvm_reg_model.svh'.
Parsing included file '/tools_vendor/synopsys/vcs/X-2025.06-SP2/etc/uvm-1.2/reg/sequences/uvm_mem_access_seq.svh'.
Back to file '/tools_vendor/synopsys/vcs/X-2025.06-SP2/etc/uvm-1.2/reg/uvm_reg_model.svh'.
Parsing included file '/tools_vendor/synopsys/vcs/X-2025.06-SP2/etc/uvm-1.2/reg/sequences/uvm_reg_access_seq.svh'.
Back to file '/tools_vendor/synopsys/vcs/X-2025.06-SP2/etc/uvm-1.2/reg/uvm_reg_model.svh'.
Parsing included file '/tools_vendor/synopsys/vcs/X-2025.06-SP2/etc/uvm-1.2/reg/sequences/uvm_reg_mem_shared_access_seq.svh'.
Back to file '/tools_vendor/synopsys/vcs/X-2025.06-SP2/etc/uvm-1.2/reg/uvm_reg_model.svh'.
Parsing included file '/tools_vendor/synopsys/vcs/X-2025.06-SP2/etc/uvm-1.2/reg/sequences/uvm_reg_mem_built_in_seq.svh'.
Back to file '/tools_vendor/synopsys/vcs/X-2025.06-SP2/etc/uvm-1.2/reg/uvm_reg_model.svh'.
Parsing included file '/tools_vendor/synopsys/vcs/X-2025.06-SP2/etc/uvm-1.2/reg/sequences/uvm_reg_mem_hdl_paths_seq.svh'.
Back to file '/tools_vendor/synopsys/vcs/X-2025.06-SP2/etc/uvm-1.2/reg/uvm_reg_model.svh'.
Parsing included file '/tools_vendor/synopsys/vcs/X-2025.06-SP2/etc/uvm-1.2/reg/snps_uvm_reg_bank.svh'.
Back to file '/tools_vendor/synopsys/vcs/X-2025.06-SP2/etc/uvm-1.2/reg/uvm_reg_model.svh'.
Back to file '/tools_vendor/synopsys/vcs/X-2025.06-SP2/etc/uvm-1.2/uvm_pkg.sv'.
Parsing included file '/tools_vendor/synopsys/vcs/X-2025.06-SP2/etc/uvm-1.2/vcs/vcs_uvm_alt.sv'.
Back to file '/tools_vendor/synopsys/vcs/X-2025.06-SP2/etc/uvm-1.2/uvm_pkg.sv'.
Parsing design file '/tools_vendor/synopsys/vcs/X-2025.06-SP2/etc/uvm-1.2/vcs/uvm_custom_install_vcs_recorder.sv'
Parsing included file '/tools_vendor/synopsys/vcs/X-2025.06-SP2/etc/uvm-1.2/vcs/msglog.svh'.
Back to file '/tools_vendor/synopsys/vcs/X-2025.06-SP2/etc/uvm-1.2/vcs/uvm_custom_install_vcs_recorder.sv'.
Parsing included file '/tools_vendor/synopsys/vcs/X-2025.06-SP2/etc/uvm-1.2/vcs/uvm_msglog_report_server.sv'.
Back to file '/tools_vendor/synopsys/vcs/X-2025.06-SP2/etc/uvm-1.2/vcs/uvm_custom_install_vcs_recorder.sv'.
Parsing included file '/tools_vendor/synopsys/vcs/X-2025.06-SP2/etc/uvm-1.2/vcs/uvm_vcs_recorder.svh'.
Parsing included file '/tools_vendor/synopsys/vcs/X-2025.06-SP2/etc/uvm-1.2/vcs/uvm_vcs_tr_database.svh'.
Parsing included file '/tools_vendor/synopsys/vcs/X-2025.06-SP2/etc/uvm-1.2/vcs/uvm_vcs_tr_stream.svh'.
Back to file '/tools_vendor/synopsys/vcs/X-2025.06-SP2/etc/uvm-1.2/vcs/uvm_vcs_tr_database.svh'.
Back to file '/tools_vendor/synopsys/vcs/X-2025.06-SP2/etc/uvm-1.2/vcs/uvm_vcs_recorder.svh'.
Back to file '/tools_vendor/synopsys/vcs/X-2025.06-SP2/etc/uvm-1.2/vcs/uvm_custom_install_vcs_recorder.sv'.
Parsing included file '/tools_vendor/synopsys/vcs/X-2025.06-SP2/etc/uvm-1.2/vcs/uvm_vcs_record_interface.sv'.
Back to file '/tools_vendor/synopsys/vcs/X-2025.06-SP2/etc/uvm-1.2/vcs/uvm_custom_install_vcs_recorder.sv'.
Parsing design file '/tools_vendor/synopsys/vcs/X-2025.06-SP2/etc/uvm-1.2/verdi/uvm_custom_install_verdi_recorder.sv'
Parsing included file '/tools_vendor/synopsys/vcs/X-2025.06-SP2/etc/uvm-1.2/uvm_macros.svh'.
Back to file '/tools_vendor/synopsys/vcs/X-2025.06-SP2/etc/uvm-1.2/verdi/uvm_custom_install_verdi_recorder.sv'.
Parsing included file '/tools_vendor/synopsys/vcs/X-2025.06-SP2/etc/uvm-1.2/verdi/uvm_verdi_recorder.svh'.
Parsing included file '/tools_vendor/synopsys/vcs/X-2025.06-SP2/etc/uvm-1.2/verdi/uvm_verdi_pli_base.svh'.
Back to file '/tools_vendor/synopsys/vcs/X-2025.06-SP2/etc/uvm-1.2/verdi/uvm_verdi_recorder.svh'.
Parsing included file '/tools_vendor/synopsys/vcs/X-2025.06-SP2/etc/uvm-1.2/verdi/uvm_verdi_tr_database.svh'.
Parsing included file '/tools_vendor/synopsys/vcs/X-2025.06-SP2/etc/uvm-1.2/verdi/uvm_verdi_tr_stream.svh'.
Back to file '/tools_vendor/synopsys/vcs/X-2025.06-SP2/etc/uvm-1.2/verdi/uvm_verdi_tr_database.svh'.
Back to file '/tools_vendor/synopsys/vcs/X-2025.06-SP2/etc/uvm-1.2/verdi/uvm_verdi_recorder.svh'.
Back to file '/tools_vendor/synopsys/vcs/X-2025.06-SP2/etc/uvm-1.2/verdi/uvm_custom_install_verdi_recorder.sv'.
Parsing included file '/tools_vendor/synopsys/vcs/X-2025.06-SP2/etc/uvm-1.2/verdi/uvm_verdi_reg_map_recording.sv'.
Back to file '/tools_vendor/synopsys/vcs/X-2025.06-SP2/etc/uvm-1.2/verdi/uvm_custom_install_verdi_recorder.sv'.
Parsing included file '/tools_vendor/synopsys/vcs/X-2025.06-SP2/etc/uvm-1.2/verdi/uvm_verdi_message_catcher.svh'.
Parsing included file '/tools_vendor/synopsys/vcs/X-2025.06-SP2/etc/uvm-1.2/verdi/uvm_verdi_pli_base.svh'.
Back to file '/tools_vendor/synopsys/vcs/X-2025.06-SP2/etc/uvm-1.2/verdi/uvm_verdi_message_catcher.svh'.
Back to file '/tools_vendor/synopsys/vcs/X-2025.06-SP2/etc/uvm-1.2/verdi/uvm_custom_install_verdi_recorder.sv'.
Parsing included file '/tools_vendor/synopsys/vcs/X-2025.06-SP2/etc/uvm-1.2/verdi/uvm_verdi_factory.svh'.
Back to file '/tools_vendor/synopsys/vcs/X-2025.06-SP2/etc/uvm-1.2/verdi/uvm_custom_install_verdi_recorder.sv'.
Parsing included file '/tools_vendor/synopsys/vcs/X-2025.06-SP2/etc/uvm-1.2/verdi/./dpi/uvm_verdi_dpi.svh'.
Back to file '/tools_vendor/synopsys/vcs/X-2025.06-SP2/etc/uvm-1.2/verdi/uvm_custom_install_verdi_recorder.sv'.
Parsing included file '/tools_vendor/synopsys/vcs/X-2025.06-SP2/etc/uvm-1.2/verdi/uvm_verdi_reg_recording.sv'.
Back to file '/tools_vendor/synopsys/vcs/X-2025.06-SP2/etc/uvm-1.2/verdi/uvm_custom_install_verdi_recorder.sv'.
Parsing included file '/tools_vendor/synopsys/verdi/X-2025.06-SP2/share/PLI/VCS/include/verdi_trans_recorder_dpi.svh'.
Back to file '/tools_vendor/synopsys/vcs/X-2025.06-SP2/etc/uvm-1.2/verdi/uvm_custom_install_verdi_recorder.sv'.
Parsing included file '/tools_vendor/synopsys/vcs/X-2025.06-SP2/etc/uvm-1.2/verdi/uvm_verdi_pli.svh'.
Back to file '/tools_vendor/synopsys/vcs/X-2025.06-SP2/etc/uvm-1.2/verdi/uvm_custom_install_verdi_recorder.sv'.
Parsing design file '/tools_vendor/synopsys/vcs/X-2025.06-SP2/etc/uvm-1.2/verdi/uvm_custom_install_verdi_recorder.sv'
Parsing design file 'rtl/ibex_pkg.sv'
Parsing design file 'rtl/ibex_cheriot_pkg.sv'
Parsing design file 'vendor/lowrisc_ip/ip/prim/rtl/prim_cipher_pkg.sv'
Parsing design file 'vendor/lowrisc_ip/ip/prim_generic/rtl/prim_buf.sv'
Parsing included file 'vendor/lowrisc_ip/ip/prim/rtl/prim_assert.sv'.
Parsing included file 'vendor/lowrisc_ip/ip/prim/rtl/prim_assert_standard_macros.svh'.
Back to file 'vendor/lowrisc_ip/ip/prim/rtl/prim_assert.sv'.
Parsing included file 'vendor/lowrisc_ip/ip/prim/rtl/prim_assert_sec_cm.svh'.
Back to file 'vendor/lowrisc_ip/ip/prim/rtl/prim_assert.sv'.
Parsing included file 'vendor/lowrisc_ip/ip/prim/rtl/prim_flop_macros.sv'.
Back to file 'vendor/lowrisc_ip/ip/prim/rtl/prim_assert.sv'.
Back to file 'vendor/lowrisc_ip/ip/prim_generic/rtl/prim_buf.sv'.
Parsing design file 'vendor/lowrisc_ip/ip/prim/rtl/prim_secded_pkg.sv'
Parsing design file 'vendor/lowrisc_ip/ip/prim/rtl/prim_secded_22_16_dec.sv'
Parsing design file 'vendor/lowrisc_ip/ip/prim/rtl/prim_secded_22_16_enc.sv'
Parsing design file 'vendor/lowrisc_ip/ip/prim/rtl/prim_secded_28_22_dec.sv'
Parsing design file 'vendor/lowrisc_ip/ip/prim/rtl/prim_secded_28_22_enc.sv'
Parsing design file 'vendor/lowrisc_ip/ip/prim/rtl/prim_secded_39_32_dec.sv'
Parsing design file 'vendor/lowrisc_ip/ip/prim/rtl/prim_secded_39_32_enc.sv'
Parsing design file 'vendor/lowrisc_ip/ip/prim/rtl/prim_secded_64_57_dec.sv'
Parsing design file 'vendor/lowrisc_ip/ip/prim/rtl/prim_secded_64_57_enc.sv'
Parsing design file 'vendor/lowrisc_ip/ip/prim/rtl/prim_secded_72_64_dec.sv'
Parsing design file 'vendor/lowrisc_ip/ip/prim/rtl/prim_secded_72_64_enc.sv'
Parsing design file 'vendor/lowrisc_ip/ip/prim/rtl/prim_secded_hamming_22_16_dec.sv'
Parsing design file 'vendor/lowrisc_ip/ip/prim/rtl/prim_secded_hamming_22_16_enc.sv'
Parsing design file 'vendor/lowrisc_ip/ip/prim/rtl/prim_secded_hamming_39_32_dec.sv'
Parsing design file 'vendor/lowrisc_ip/ip/prim/rtl/prim_secded_hamming_39_32_enc.sv'
Parsing design file 'vendor/lowrisc_ip/ip/prim/rtl/prim_secded_hamming_72_64_dec.sv'
Parsing design file 'vendor/lowrisc_ip/ip/prim/rtl/prim_secded_hamming_72_64_enc.sv'
Parsing design file 'vendor/lowrisc_ip/ip/prim/rtl/prim_secded_hamming_76_68_dec.sv'
Parsing design file 'vendor/lowrisc_ip/ip/prim/rtl/prim_secded_hamming_76_68_enc.sv'
Parsing design file 'vendor/lowrisc_ip/ip/prim/rtl/prim_secded_inv_22_16_dec.sv'
Parsing design file 'vendor/lowrisc_ip/ip/prim/rtl/prim_secded_inv_22_16_enc.sv'
Parsing design file 'vendor/lowrisc_ip/ip/prim/rtl/prim_secded_inv_28_22_dec.sv'
Parsing design file 'vendor/lowrisc_ip/ip/prim/rtl/prim_secded_inv_28_22_enc.sv'
Parsing design file 'vendor/lowrisc_ip/ip/prim/rtl/prim_secded_inv_39_32_dec.sv'
Parsing design file 'vendor/lowrisc_ip/ip/prim/rtl/prim_secded_inv_39_32_enc.sv'
Parsing design file 'vendor/lowrisc_ip/ip/prim/rtl/prim_secded_inv_64_57_dec.sv'
Parsing design file 'vendor/lowrisc_ip/ip/prim/rtl/prim_secded_inv_64_57_enc.sv'
Parsing design file 'vendor/lowrisc_ip/ip/prim/rtl/prim_secded_inv_72_64_dec.sv'
Parsing design file 'vendor/lowrisc_ip/ip/prim/rtl/prim_secded_inv_72_64_enc.sv'
Parsing design file 'vendor/lowrisc_ip/ip/prim/rtl/prim_secded_inv_hamming_22_16_dec.sv'
Parsing design file 'vendor/lowrisc_ip/ip/prim/rtl/prim_secded_inv_hamming_22_16_enc.sv'
Parsing design file 'vendor/lowrisc_ip/ip/prim/rtl/prim_secded_inv_hamming_39_32_dec.sv'
Parsing design file 'vendor/lowrisc_ip/ip/prim/rtl/prim_secded_inv_hamming_39_32_enc.sv'
Parsing design file 'vendor/lowrisc_ip/ip/prim/rtl/prim_secded_inv_hamming_72_64_dec.sv'
Parsing design file 'vendor/lowrisc_ip/ip/prim/rtl/prim_secded_inv_hamming_72_64_enc.sv'
Parsing design file 'vendor/lowrisc_ip/ip/prim/rtl/prim_secded_inv_hamming_76_68_dec.sv'
Parsing design file 'vendor/lowrisc_ip/ip/prim/rtl/prim_secded_inv_hamming_76_68_enc.sv'
Parsing design file 'vendor/lowrisc_ip/ip/prim_generic/rtl/prim_clock_gating.sv'
Parsing design file 'vendor/lowrisc_ip/ip/prim_generic/rtl/prim_flop.sv'
Parsing included file 'vendor/lowrisc_ip/ip/prim/rtl/prim_assert.sv'.
Back to file 'vendor/lowrisc_ip/ip/prim_generic/rtl/prim_flop.sv'.
Parsing design file 'rtl/ibex_icache.sv'
Parsing included file 'vendor/lowrisc_ip/ip/prim/rtl/prim_assert.sv'.
Back to file 'rtl/ibex_icache.sv'.
Parsing design file 'vendor/lowrisc_ip/ip/prim/rtl/prim_lfsr.sv'
Parsing included file 'vendor/lowrisc_ip/ip/prim/rtl/prim_assert.sv'.
Back to file 'vendor/lowrisc_ip/ip/prim/rtl/prim_lfsr.sv'.
Parsing design file 'vendor/lowrisc_ip/ip/prim/rtl/prim_mubi_pkg.sv'
Parsing included file 'vendor/lowrisc_ip/ip/prim/rtl/prim_assert.sv'.
Back to file 'vendor/lowrisc_ip/ip/prim/rtl/prim_mubi_pkg.sv'.
Parsing design file 'vendor/lowrisc_ip/ip/prim/rtl/prim_mubi4_sender.sv'
Parsing included file 'vendor/lowrisc_ip/ip/prim/rtl/prim_assert.sv'.
Back to file 'vendor/lowrisc_ip/ip/prim/rtl/prim_mubi4_sender.sv'.
Parsing design file 'vendor/lowrisc_ip/ip/prim/rtl/prim_mubi4_sync.sv'
Parsing included file 'vendor/lowrisc_ip/ip/prim/rtl/prim_assert.sv'.
Back to file 'vendor/lowrisc_ip/ip/prim/rtl/prim_mubi4_sync.sv'.
Parsing design file 'vendor/lowrisc_ip/ip/prim/rtl/prim_mubi4_dec.sv'
Parsing included file 'vendor/lowrisc_ip/ip/prim/rtl/prim_assert.sv'.
Back to file 'vendor/lowrisc_ip/ip/prim/rtl/prim_mubi4_dec.sv'.
Parsing design file 'vendor/lowrisc_ip/ip/prim/rtl/prim_mubi8_sender.sv'
Parsing included file 'vendor/lowrisc_ip/ip/prim/rtl/prim_assert.sv'.
Back to file 'vendor/lowrisc_ip/ip/prim/rtl/prim_mubi8_sender.sv'.
Parsing design file 'vendor/lowrisc_ip/ip/prim/rtl/prim_mubi8_sync.sv'
Parsing included file 'vendor/lowrisc_ip/ip/prim/rtl/prim_assert.sv'.
Back to file 'vendor/lowrisc_ip/ip/prim/rtl/prim_mubi8_sync.sv'.
Parsing design file 'vendor/lowrisc_ip/ip/prim/rtl/prim_mubi8_dec.sv'
Parsing included file 'vendor/lowrisc_ip/ip/prim/rtl/prim_assert.sv'.
Back to file 'vendor/lowrisc_ip/ip/prim/rtl/prim_mubi8_dec.sv'.
Parsing design file 'vendor/lowrisc_ip/ip/prim/rtl/prim_mubi12_sender.sv'
Parsing included file 'vendor/lowrisc_ip/ip/prim/rtl/prim_assert.sv'.
Back to file 'vendor/lowrisc_ip/ip/prim/rtl/prim_mubi12_sender.sv'.
Parsing design file 'vendor/lowrisc_ip/ip/prim/rtl/prim_mubi12_sync.sv'
Parsing included file 'vendor/lowrisc_ip/ip/prim/rtl/prim_assert.sv'.
Back to file 'vendor/lowrisc_ip/ip/prim/rtl/prim_mubi12_sync.sv'.
Parsing design file 'vendor/lowrisc_ip/ip/prim/rtl/prim_mubi12_dec.sv'
Parsing included file 'vendor/lowrisc_ip/ip/prim/rtl/prim_assert.sv'.
Back to file 'vendor/lowrisc_ip/ip/prim/rtl/prim_mubi12_dec.sv'.
Parsing design file 'vendor/lowrisc_ip/ip/prim/rtl/prim_mubi16_sender.sv'
Parsing included file 'vendor/lowrisc_ip/ip/prim/rtl/prim_assert.sv'.
Back to file 'vendor/lowrisc_ip/ip/prim/rtl/prim_mubi16_sender.sv'.
Parsing design file 'vendor/lowrisc_ip/ip/prim/rtl/prim_mubi16_sync.sv'
Parsing included file 'vendor/lowrisc_ip/ip/prim/rtl/prim_assert.sv'.
Back to file 'vendor/lowrisc_ip/ip/prim/rtl/prim_mubi16_sync.sv'.
Parsing design file 'vendor/lowrisc_ip/ip/prim/rtl/prim_mubi16_dec.sv'
Parsing included file 'vendor/lowrisc_ip/ip/prim/rtl/prim_assert.sv'.
Back to file 'vendor/lowrisc_ip/ip/prim/rtl/prim_mubi16_dec.sv'.
Parsing design file 'vendor/lowrisc_ip/ip/prim/rtl/prim_mubi20_sender.sv'
Parsing included file 'vendor/lowrisc_ip/ip/prim/rtl/prim_assert.sv'.
Back to file 'vendor/lowrisc_ip/ip/prim/rtl/prim_mubi20_sender.sv'.
Parsing design file 'vendor/lowrisc_ip/ip/prim/rtl/prim_mubi20_sync.sv'
Parsing included file 'vendor/lowrisc_ip/ip/prim/rtl/prim_assert.sv'.
Back to file 'vendor/lowrisc_ip/ip/prim/rtl/prim_mubi20_sync.sv'.
Parsing design file 'vendor/lowrisc_ip/ip/prim/rtl/prim_mubi20_dec.sv'
Parsing included file 'vendor/lowrisc_ip/ip/prim/rtl/prim_assert.sv'.
Back to file 'vendor/lowrisc_ip/ip/prim/rtl/prim_mubi20_dec.sv'.
Parsing design file 'vendor/lowrisc_ip/ip/prim/rtl/prim_mubi24_sender.sv'
Parsing included file 'vendor/lowrisc_ip/ip/prim/rtl/prim_assert.sv'.
Back to file 'vendor/lowrisc_ip/ip/prim/rtl/prim_mubi24_sender.sv'.
Parsing design file 'vendor/lowrisc_ip/ip/prim/rtl/prim_mubi24_sync.sv'
Parsing included file 'vendor/lowrisc_ip/ip/prim/rtl/prim_assert.sv'.
Back to file 'vendor/lowrisc_ip/ip/prim/rtl/prim_mubi24_sync.sv'.
Parsing design file 'vendor/lowrisc_ip/ip/prim/rtl/prim_mubi24_dec.sv'
Parsing included file 'vendor/lowrisc_ip/ip/prim/rtl/prim_assert.sv'.
Back to file 'vendor/lowrisc_ip/ip/prim/rtl/prim_mubi24_dec.sv'.
Parsing design file 'vendor/lowrisc_ip/ip/prim/rtl/prim_mubi28_sender.sv'
Parsing included file 'vendor/lowrisc_ip/ip/prim/rtl/prim_assert.sv'.
Back to file 'vendor/lowrisc_ip/ip/prim/rtl/prim_mubi28_sender.sv'.
Parsing design file 'vendor/lowrisc_ip/ip/prim/rtl/prim_mubi28_sync.sv'
Parsing included file 'vendor/lowrisc_ip/ip/prim/rtl/prim_assert.sv'.
Back to file 'vendor/lowrisc_ip/ip/prim/rtl/prim_mubi28_sync.sv'.
Parsing design file 'vendor/lowrisc_ip/ip/prim/rtl/prim_mubi28_dec.sv'
Parsing included file 'vendor/lowrisc_ip/ip/prim/rtl/prim_assert.sv'.
Back to file 'vendor/lowrisc_ip/ip/prim/rtl/prim_mubi28_dec.sv'.
Parsing design file 'vendor/lowrisc_ip/ip/prim/rtl/prim_mubi32_sender.sv'
Parsing included file 'vendor/lowrisc_ip/ip/prim/rtl/prim_assert.sv'.
Back to file 'vendor/lowrisc_ip/ip/prim/rtl/prim_mubi32_sender.sv'.
Parsing design file 'vendor/lowrisc_ip/ip/prim/rtl/prim_mubi32_sync.sv'
Parsing included file 'vendor/lowrisc_ip/ip/prim/rtl/prim_assert.sv'.
Back to file 'vendor/lowrisc_ip/ip/prim/rtl/prim_mubi32_sync.sv'.
Parsing design file 'vendor/lowrisc_ip/ip/prim/rtl/prim_mubi32_dec.sv'
Parsing included file 'vendor/lowrisc_ip/ip/prim/rtl/prim_assert.sv'.
Back to file 'vendor/lowrisc_ip/ip/prim/rtl/prim_mubi32_dec.sv'.
Parsing design file 'rtl/ibex_cheriot_ex.sv'
Parsing design file 'rtl/ibex_alu.sv'
Parsing design file 'rtl/ibex_branch_predict.sv'
Parsing included file 'vendor/lowrisc_ip/ip/prim/rtl/prim_assert.sv'.
Back to file 'rtl/ibex_branch_predict.sv'.
Parsing design file 'rtl/ibex_compressed_decoder.sv'
Parsing included file 'vendor/lowrisc_ip/ip/prim/rtl/prim_assert.sv'.
Back to file 'rtl/ibex_compressed_decoder.sv'.
Parsing design file 'rtl/ibex_controller.sv'
Parsing included file 'vendor/lowrisc_ip/ip/prim/rtl/prim_assert.sv'.
Back to file 'rtl/ibex_controller.sv'.
Parsing included file 'vendor/lowrisc_ip/dv/sv/dv_utils/dv_fcov_macros.svh'.
Back to file 'rtl/ibex_controller.sv'.
Parsing design file 'rtl/ibex_cs_registers.sv'
Parsing included file 'vendor/lowrisc_ip/ip/prim/rtl/prim_assert.sv'.
Back to file 'rtl/ibex_cs_registers.sv'.
Parsing design file 'rtl/ibex_csr.sv'
Parsing included file 'vendor/lowrisc_ip/ip/prim/rtl/prim_assert.sv'.
Back to file 'rtl/ibex_csr.sv'.
Parsing design file 'rtl/ibex_counter.sv'
Parsing design file 'rtl/ibex_decoder.sv'
Parsing included file 'vendor/lowrisc_ip/ip/prim/rtl/prim_assert.sv'.
Back to file 'rtl/ibex_decoder.sv'.
Parsing design file 'rtl/ibex_ex_block.sv'
Parsing design file 'rtl/ibex_fetch_fifo.sv'
Parsing included file 'vendor/lowrisc_ip/ip/prim/rtl/prim_assert.sv'.
Back to file 'rtl/ibex_fetch_fifo.sv'.
Parsing design file 'rtl/ibex_id_stage.sv'
Parsing included file 'vendor/lowrisc_ip/ip/prim/rtl/prim_assert.sv'.
Back to file 'rtl/ibex_id_stage.sv'.
Parsing included file 'vendor/lowrisc_ip/dv/sv/dv_utils/dv_fcov_macros.svh'.
Back to file 'rtl/ibex_id_stage.sv'.
Parsing design file 'rtl/ibex_if_stage.sv'
Parsing included file 'vendor/lowrisc_ip/ip/prim/rtl/prim_assert.sv'.
Back to file 'rtl/ibex_if_stage.sv'.
Parsing included file 'vendor/lowrisc_ip/dv/sv/dv_utils/dv_fcov_macros.svh'.
Back to file 'rtl/ibex_if_stage.sv'.
Parsing design file 'rtl/ibex_load_store_unit.sv'
Parsing included file 'vendor/lowrisc_ip/ip/prim/rtl/prim_assert.sv'.
Back to file 'rtl/ibex_load_store_unit.sv'.
Parsing included file 'vendor/lowrisc_ip/dv/sv/dv_utils/dv_fcov_macros.svh'.
Back to file 'rtl/ibex_load_store_unit.sv'.
Parsing design file 'rtl/ibex_multdiv_fast.sv'
Parsing included file 'vendor/lowrisc_ip/ip/prim/rtl/prim_assert.sv'.
Back to file 'rtl/ibex_multdiv_fast.sv'.
Parsing design file 'rtl/ibex_multdiv_slow.sv'
Parsing included file 'vendor/lowrisc_ip/ip/prim/rtl/prim_assert.sv'.
Back to file 'rtl/ibex_multdiv_slow.sv'.
Parsing design file 'rtl/ibex_prefetch_buffer.sv'
Parsing design file 'rtl/ibex_pmp.sv'
Parsing included file 'vendor/lowrisc_ip/dv/sv/dv_utils/dv_fcov_macros.svh'.
Back to file 'rtl/ibex_pmp.sv'.
Parsing design file 'rtl/ibex_wb_stage.sv'
Parsing included file 'vendor/lowrisc_ip/ip/prim/rtl/prim_assert.sv'.
Back to file 'rtl/ibex_wb_stage.sv'.
Parsing included file 'vendor/lowrisc_ip/dv/sv/dv_utils/dv_fcov_macros.svh'.
Back to file 'rtl/ibex_wb_stage.sv'.
Parsing design file 'rtl/ibex_dummy_instr.sv'
Parsing design file 'rtl/ibex_core.sv'
Parsing included file 'vendor/lowrisc_ip/ip/prim/rtl/prim_assert.sv'.
Back to file 'rtl/ibex_core.sv'.
Parsing included file 'vendor/lowrisc_ip/dv/sv/dv_utils/dv_fcov_macros.svh'.
Back to file 'rtl/ibex_core.sv'.
Parsing design file 'rtl/ibex_register_file_ff.sv'
Parsing included file 'vendor/lowrisc_ip/ip/prim/rtl/prim_assert.sv'.
Back to file 'rtl/ibex_register_file_ff.sv'.
Parsing design file 'dv/auto_dv/tb/gen_tb_pkg.sv'
Parsing design file 'dv/auto_dv/tb/gen_dut_top.sv'
Parsing design file 'dv/auto_dv/tb/gen_bridge_if.sv'
Parsing design file 'dv/auto_dv/tb/gen_bus_if.sv'
Parsing design file 'dv/auto_dv/tb/gen_scrkey_if.sv'
Parsing design file 'dv/auto_dv/tb/gen_ctrl_if.sv'
Parsing design file 'dv/auto_dv/tb/gen_icache_ram.sv'
Parsing design file 'dv/auto_dv/tb/gen_rvfi_if.sv'
Parsing design file 'dv/auto_dv/env/gen_cfg_pkg.sv'
Parsing included file '/tools_vendor/synopsys/vcs/X-2025.06-SP2/etc/uvm-1.2/uvm_macros.svh'.
Back to file 'dv/auto_dv/env/gen_cfg_pkg.sv'.
Parsing included file 'dv/auto_dv/tb/gen_env_cfg_knobs.svh'.
Back to file 'dv/auto_dv/env/gen_cfg_pkg.sv'.
Parsing design file 'dv/auto_dv/env/gen_export_pkg.sv'
Parsing included file '/tools_vendor/synopsys/vcs/X-2025.06-SP2/etc/uvm-1.2/uvm_macros.svh'.
Back to file 'dv/auto_dv/env/gen_export_pkg.sv'.
Parsing included file 'dv/auto_dv/env/gen_export_event_lines.svh'.
Back to file 'dv/auto_dv/env/gen_export_pkg.sv'.

Error-[STASKEC_TIWFE] Task not expected
dv/auto_dv/env/gen_export_pkg.sv, 82
  Task $fflush is invoked where function is expected.
  Please correct the task call and recompile.

Parsing design file 'dv/auto_dv/env/gen_mem_pkg.sv'
Parsing design file 'dv/auto_dv/env/gen_agents_pkg.sv'
Parsing included file '/tools_vendor/synopsys/vcs/X-2025.06-SP2/etc/uvm-1.2/uvm_macros.svh'.
Back to file 'dv/auto_dv/env/gen_agents_pkg.sv'.
Parsing design file 'dv/auto_dv/isa/gen_isa_dpi_pkg.sv'
Parsing design file 'dv/auto_dv/env/gen_rvfi_pkg.sv'
Parsing included file '/tools_vendor/synopsys/vcs/X-2025.06-SP2/etc/uvm-1.2/uvm_macros.svh'.
Back to file 'dv/auto_dv/env/gen_rvfi_pkg.sv'.
Parsing included file 'dv/auto_dv/env/gen_export_record_line.svh'.
Back to file 'dv/auto_dv/env/gen_rvfi_pkg.sv'.
Parsing design file 'dv/auto_dv/env/gen_env_pkg.sv'
Parsing included file '/tools_vendor/synopsys/vcs/X-2025.06-SP2/etc/uvm-1.2/uvm_macros.svh'.
Back to file 'dv/auto_dv/env/gen_env_pkg.sv'.
Parsing design file 'dv/auto_dv/tb/gen_tb_top.sv'
5 warnings
1 error
CPU time: 1.430 seconds to compile
vcs exit: 255
