Running new bashrc
Unloading: soc_tools version 1.0
Unloading: git version 2.26.2
Unloading: Bender version 0.28.1-tenstorrent8-mr_fixes
Unloading: Python version 3.9
Unloading: Perl version perl-5.36.0
Loading:   soc_tools version 1.0
Loading:   git version 2.26.2
Loading:   Bender version 0.28.1-tenstorrent8-mr_fixes
Loading:   Python version 3.9
Loading:   Perl version perl-5.36.0
ibex env: vcs=/tools_vendor/synopsys/vcs/X-2025.06-SP2/bin/vcs gcc=/localdev/fzhang/ws/tools/lowrisc-toolchain-gcc-rv32imcb/bin/riscv32-unknown-elf-gcc
start 14:29:45Z sources_sha=6e394d7e73003b92
jalrodd build exit 0
red_jalr_odd_r11: verdict: FAIL reason: uvm_error at sim.log:32  uvm_err=1108
boot_zc: verdict: PASS reason: no collected failure mechanism; end marker and config banner present  uvm_err=1
green_zcmp_irq_sparse: verdict: PASS reason: no collected failure mechanism; end marker and config banner present  uvm_err=1
zcmp_trap: verdict: PASS reason: no collected failure mechanism; end marker and config banner present  uvm_err=1
ut_irq_dir: verdict: PASS reason: no collected failure mechanism; end marker and config banner present  uvm_err=1
ut_dbg_s7: verdict: PASS reason: no collected failure mechanism; end marker and config banner present  uvm_err=1
regime_refuse_zc: verdict: FAIL reason: uvm_error at sim.log:32  uvm_err=2
alert_bus_intg_zc: verdict: FAIL reason: cocotb_summary at stdout.log:2497  uvm_err=0
alert_bus_intg_s7: verdict: PASS reason: no collected failure mechanism; end marker and config banner present  uvm_err=1
lockstep_irq_storm: verdict: FAIL reason: uvm_error at sim.log:32  uvm_err=168
lockstep_s7_dbg_storm: verdict: PASS reason: no collected failure mechanism; end marker and config banner present  uvm_err=1
lockstep_s7: verdict: PASS reason: no collected failure mechanism; end marker and config banner present  uvm_err=1
lockstep_zc: verdict: PASS reason: no collected failure mechanism; end marker and config banner present  uvm_err=1
export_zc: verdict: PASS reason: no collected failure mechanism; end marker and config banner present  uvm_err=1
test_rst_boot: verdict: FAIL reason: end-of-test marker 'GEN_TEST_RST_BOOT_PASS' not found  uvm_err=1
test_csr_reset: verdict: FAIL reason: end-of-test marker 'GEN_TEST_CSR_RESET_PASS' not found  uvm_err=1
test_csr_trap_setup: verdict: FAIL reason: end-of-test marker 'GEN_TEST_CSR_TRAP_SETUP_PASS' not found  uvm_err=1
test_pmp_csr_warl: verdict: FAIL reason: end-of-test marker 'GEN_TEST_PMP_CSR_WARL_PASS' not found  uvm_err=1
end 14:30:32Z
