Running new bashrc
Unloading: soc_tools version 1.0
Unloading: git version 2.26.2
Unloading: Bender version 0.28.1-tenstorrent8-mr_fixes
Unloading: Python version 3.9
Unloading: Perl version perl-5.36.0
Loading:   soc_tools version 1.0
Loading:   git version 2.26.2
Loading:   Bender version 0.28.1-tenstorrent8-mr_fixes
Loading:   Python version 3.9
Loading:   Perl version perl-5.36.0
ibex env: vcs=/tools_vendor/synopsys/vcs/X-2025.06-SP2/bin/vcs gcc=/localdev/fzhang/ws/tools/lowrisc-toolchain-gcc-rv32imcb/bin/riscv32-unknown-elf-gcc
start 14:37:23Z
jalrodd build exit 0
red_jalr_odd_r11_v2: verdict: FAIL reason: uvm_error at sim.log:32  uvm_err=80
test2_rst_boot: verdict: PASS reason: no collected failure mechanism; end marker and config banner present  uvm_err=1
test2_csr_reset: verdict: PASS reason: no collected failure mechanism; end marker and config banner present  uvm_err=1
test2_csr_trap_setup: verdict: PASS reason: no collected failure mechanism; end marker and config banner present  uvm_err=1
test2_pmp_csr_warl: verdict: PASS reason: no collected failure mechanism; end marker and config banner present  uvm_err=1
end 14:37:38Z
