Running new bashrc
Unloading: soc_tools version 1.0
Unloading: git version 2.26.2
Unloading: Bender version 0.28.1-tenstorrent8-mr_fixes
Unloading: Python version 3.9
Unloading: Perl version perl-5.36.0
Loading:   soc_tools version 1.0
Loading:   git version 2.26.2
Loading:   Bender version 0.28.1-tenstorrent8-mr_fixes
Loading:   Python version 3.9
Loading:   Perl version perl-5.36.0
start 22:50:37Z sources sha256: e845572967179ff0
ut_witness: verdict: PASS reason: no collected failure mechanism; end marker and config banner present  uvm_err=1
lockstep_muldiv: verdict: PASS reason: no collected failure mechanism; end marker and config banner present  uvm_err=1
lockstep_zcmp_mv: verdict: PASS reason: no collected failure mechanism; end marker and config banner present  uvm_err=1
lockstep_csrwarl: verdict: PASS reason: no collected failure mechanism; end marker and config banner present  uvm_err=1
ut_isa_cov_zc: verdict: PASS reason: no collected failure mechanism; end marker and config banner present  uvm_err=1
boot_zc: verdict: PASS reason: no collected failure mechanism; end marker and config banner present  uvm_err=1
lockstep_zc: verdict: PASS reason: no collected failure mechanism; end marker and config banner present  uvm_err=1
lockstep_s7: verdict: PASS reason: no collected failure mechanism; end marker and config banner present  uvm_err=1
lockstep_irq_storm: verdict: PASS reason: no collected failure mechanism; end marker and config banner present  uvm_err=1
lockstep_s7_dbg_storm: verdict: PASS reason: no collected failure mechanism; end marker and config banner present  uvm_err=1
intg_s7_allchk: verdict: PASS reason: no collected failure mechanism; end marker and config banner present  uvm_err=1
end 22:51:05Z
