Running new bashrc
Unloading: soc_tools version 1.0
Unloading: git version 2.26.2
Unloading: Bender version 0.28.1-tenstorrent8-mr_fixes
Unloading: Python version 3.9
Unloading: Perl version perl-5.36.0
Loading:   soc_tools version 1.0
Loading:   git version 2.26.2
Loading:   Bender version 0.28.1-tenstorrent8-mr_fixes
Loading:   Python version 3.9
Loading:   Perl version perl-5.36.0
ibex env: vcs=/tools_vendor/synopsys/vcs/X-2025.06-SP2/bin/vcs gcc=/localdev/fzhang/ws/tools/lowrisc-toolchain-gcc-rv32imcb/bin/riscv32-unknown-elf-gcc
compiled 07:07:49Z sources sha256: cff50f81508de1a9
start 07:07:49Z sources sha256: cff50f81508de1a9
ut_isa_cov_zc: verdict: PASS reason: no collected failure mechanism; end marker and config banner present  uvm_err=1
end 07:07:57Z
green_h1_ecc_freq: verdict: PASS reason: no collected failure mechanism; end marker and config banner present  uvm_err=1
lockstep_icache_en: verdict: PASS reason: no collected failure mechanism; end marker and config banner present  uvm_err=1
ecc_data_freq: verdict: PASS reason: no collected failure mechanism; end marker and config banner present  uvm_err=1
ecc_data_freq_noprobe: verdict: PASS reason: no collected failure mechanism; end marker and config banner present  uvm_err=1
ecc_data_rare: verdict: PASS reason: no collected failure mechanism; end marker and config banner present  uvm_err=1
ecc_tag_two: verdict: PASS reason: no collected failure mechanism; end marker and config banner present  uvm_err=1
ecc_data_two: verdict: PASS reason: no collected failure mechanism; end marker and config banner present  uvm_err=1
ecc_both_freq: verdict: PASS reason: no collected failure mechanism; end marker and config banner present  uvm_err=1
ecc_tag_freq_probe: verdict: PASS reason: no collected failure mechanism; end marker and config banner present  uvm_err=1
ecc_far_data_freq: verdict: PASS reason: no collected failure mechanism; end marker and config banner present  uvm_err=1
ecc_far_data_noprobe: verdict: PASS reason: no collected failure mechanism; end marker and config banner present  uvm_err=1
ecc_far_both_freq: verdict: PASS reason: no collected failure mechanism; end marker and config banner present  uvm_err=1
RUNS_DONE 07:09:01Z
MUTS_DONE 07:17:03Z
TRACE_DONE 07:17:30Z trace_align_dup: verdict: PASS reason: no collected failure mechanism; end marker and config banner present  trace_align_dup: UVM_ERROR lines 0 trace_align_dup: ICTRACE lookup lines 19320, inject lines 0, tagwrite lines 530 TRACE17_DONE 07:17:30Z 
