# GREEN run (step 1b extension): 2026-09-03T07:21:26Z host=soc-l-11 cmd: python3 dv/auto_dv/tb/unit/gen_ut_knobs_codegen.py
OK   yaml source exists
OK   codegen exists
OK   codegen --check passes
OK   plusarg names unique
OK   pkg declares PLUSARG_BUILD_CONFIG once
OK   pkg declares PLUSARG_SMOKE_CYCLES once
OK   pkg declares PLUSARG_SMOKE_INTG_FLIP once
OK   pkg declares PLUSARG_DBG_CSR_PROBE once
OK   pkg declares PLUSARG_MEM_IMAGE once
OK   pkg declares PLUSARG_MEM_IMAGE_CRC32 once
OK   pkg declares PLUSARG_MEM_IMAGE_WORDS once
OK   pkg declares PLUSARG_MEM_READBACK_WORDS once
OK   pkg declares PLUSARG_MEM_UNMAPPED_OK once
OK   pkg declares PLUSARG_BOOT_ADDR once
OK   pkg declares PLUSARG_ALIVE_TIMEOUT once
OK   pkg declares PLUSARG_FINISH_TIMEOUT once
OK   pkg declares PLUSARG_REGIME_SCHED once
OK   pkg declares PLUSARG_RVFI_TRACE once
OK   pkg declares PLUSARG_FCOV_EN once
OK   pkg declares PLUSARG_ICRAM_INIT once
OK   enum icram_init has >= 2 values
OK   enum icram_init default is a value
OK   pkg carries values of icram_init
OK   pkg declares PLUSARG_KEY_RESET_VALID once
OK   pkg declares PLUSARG_ISA_STRING once
OK   pkg declares PLUSARG_ISA_LOG once
OK   pkg declares PLUSARG_IBUS_GNT_MIN once
OK   pkg declares PLUSARG_IBUS_GNT_MAX once
OK   pkg declares PLUSARG_IBUS_RVALID_MIN once
OK   pkg declares PLUSARG_IBUS_RVALID_MAX once
OK   pkg declares PLUSARG_IBUS_MAX_OUTSTANDING once
OK   pkg declares PLUSARG_IBUS_ERR_RATE once
OK   pkg declares PLUSARG_IBUS_INTG_ERR_RATE once
OK   pkg declares PLUSARG_IBUS_INTG_BITS once
OK   pkg declares PLUSARG_IBUS_ERR_WINDOW once
OK   pkg declares PLUSARG_DBUS_GNT_MIN once
OK   pkg declares PLUSARG_DBUS_GNT_MAX once
OK   pkg declares PLUSARG_DBUS_RVALID_MIN once
OK   pkg declares PLUSARG_DBUS_RVALID_MAX once
OK   pkg declares PLUSARG_DBUS_MAX_OUTSTANDING once
OK   pkg declares PLUSARG_DBUS_ERR_RATE once
OK   pkg declares PLUSARG_DBUS_INTG_ERR_RATE once
OK   pkg declares PLUSARG_DBUS_INTG_BITS once
OK   pkg declares PLUSARG_DBUS_ERR_WINDOW once
OK   pkg declares PLUSARG_DBUS_ERR_HALF once
OK   enum dbus_err_half has >= 2 values
OK   enum dbus_err_half default is a value
OK   pkg carries values of dbus_err_half
OK   pkg declares PLUSARG_DBUS_ERR_STORE_PERFORM once
OK   pkg declares PLUSARG_KEY_DELAY_MIN once
OK   pkg declares PLUSARG_KEY_DELAY_MAX once
OK   pkg declares PLUSARG_KEY_NEVER_CYCLES once
OK   pkg declares PLUSARG_IRQ_MIN_GAP once
OK   pkg declares PLUSARG_IRQ_HOLD_MIN once
OK   pkg declares PLUSARG_IRQ_HOLD_MAX once
OK   pkg declares PLUSARG_DBG_HOLD_MIN once
OK   pkg declares PLUSARG_DBG_HOLD_MAX once
OK   pkg declares PLUSARG_KNOB_IMEM_GNT_DELAY once
OK   enum knob_imem_gnt_delay has >= 2 values
OK   enum knob_imem_gnt_delay default is a value
OK   pkg carries values of knob_imem_gnt_delay
OK   pkg declares PLUSARG_KNOB_IMEM_RVALID_DELAY once
OK   enum knob_imem_rvalid_delay has >= 2 values
OK   enum knob_imem_rvalid_delay default is a value
OK   pkg carries values of knob_imem_rvalid_delay
OK   pkg declares PLUSARG_KNOB_IMEM_ERR_RATE once
OK   enum knob_imem_err_rate has >= 2 values
OK   enum knob_imem_err_rate default is a value
OK   pkg carries values of knob_imem_err_rate
OK   pkg declares PLUSARG_KNOB_IMEM_INTG_ERR_RATE once
OK   enum knob_imem_intg_err_rate has >= 2 values
OK   enum knob_imem_intg_err_rate default is a value
OK   pkg carries values of knob_imem_intg_err_rate
OK   pkg declares PLUSARG_KNOB_IMEM_OUTSTANDING_CAP once
OK   enum knob_imem_outstanding_cap has >= 2 values
OK   enum knob_imem_outstanding_cap default is a value
OK   pkg carries values of knob_imem_outstanding_cap
OK   pkg declares PLUSARG_KNOB_DMEM_GNT_DELAY once
OK   enum knob_dmem_gnt_delay has >= 2 values
OK   enum knob_dmem_gnt_delay default is a value
OK   pkg carries values of knob_dmem_gnt_delay
OK   pkg declares PLUSARG_KNOB_DMEM_RVALID_DELAY once
OK   enum knob_dmem_rvalid_delay has >= 2 values
OK   enum knob_dmem_rvalid_delay default is a value
OK   pkg carries values of knob_dmem_rvalid_delay
OK   pkg declares PLUSARG_KNOB_DMEM_ERR_RATE once
OK   enum knob_dmem_err_rate has >= 2 values
OK   enum knob_dmem_err_rate default is a value
OK   pkg carries values of knob_dmem_err_rate
OK   pkg declares PLUSARG_KNOB_DMEM_INTG_ERR_RATE once
OK   enum knob_dmem_intg_err_rate has >= 2 values
OK   enum knob_dmem_intg_err_rate default is a value
OK   pkg carries values of knob_dmem_intg_err_rate
OK   pkg declares PLUSARG_KNOB_IRQ_REGIME once
OK   enum knob_irq_regime has >= 2 values
OK   enum knob_irq_regime default is a value
OK   pkg carries values of knob_irq_regime
OK   pkg declares PLUSARG_KNOB_IRQ_LINE_MIX once
OK   enum knob_irq_line_mix has >= 2 values
OK   enum knob_irq_line_mix default is a value
OK   pkg carries values of knob_irq_line_mix
OK   pkg declares PLUSARG_KNOB_IRQ_HOLD once
OK   enum knob_irq_hold has >= 2 values
OK   enum knob_irq_hold default is a value
OK   pkg carries values of knob_irq_hold
OK   pkg declares PLUSARG_KNOB_DEBUG_REQ_REGIME once
OK   enum knob_debug_req_regime has >= 2 values
OK   enum knob_debug_req_regime default is a value
OK   pkg carries values of knob_debug_req_regime
OK   pkg declares PLUSARG_KNOB_SCR_KEY_DELAY once
OK   enum knob_scr_key_delay has >= 2 values
OK   enum knob_scr_key_delay default is a value
OK   pkg carries values of knob_scr_key_delay
OK   pkg declares PLUSARG_KNOB_ICACHE_ECC_ERR_RATE once
OK   enum knob_icache_ecc_err_rate has >= 2 values
OK   enum knob_icache_ecc_err_rate default is a value
OK   pkg carries values of knob_icache_ecc_err_rate
OK   pkg declares PLUSARG_KNOB_FETCH_ENABLE_REGIME once
OK   enum knob_fetch_enable_regime has >= 2 values
OK   enum knob_fetch_enable_regime default is a value
OK   pkg carries values of knob_fetch_enable_regime
OK   pkg declares PLUSARG_KNOB_MCOUNTEREN_WRITABLE once
OK   enum knob_mcounteren_writable has >= 2 values
OK   enum knob_mcounteren_writable default is a value
OK   pkg carries values of knob_mcounteren_writable
OK   pkg declares PLUSARG_KNOB_INSTR_MIX once
OK   enum knob_instr_mix has >= 2 values
OK   enum knob_instr_mix default is a value
OK   pkg carries values of knob_instr_mix
OK   pkg declares PLUSARG_KNOB_PRIV_REGIME once
OK   enum knob_priv_regime has >= 2 values
OK   enum knob_priv_regime default is a value
OK   pkg carries values of knob_priv_regime
OK   pkg declares PLUSARG_KNOB_PMP_REGIME once
OK   enum knob_pmp_regime has >= 2 values
OK   enum knob_pmp_regime default is a value
OK   pkg carries values of knob_pmp_regime
OK   pkg declares PLUSARG_CHK_ALL once
OK   pkg declares PLUSARG_CHK_IBUS_PROTO once
OK   pkg declares PLUSARG_CHK_IBUS_OUTSTANDING once
OK   pkg declares PLUSARG_CHK_SVA_RVALID_LEGAL once
OK   pkg declares PLUSARG_CHK_DBUS_PROTO once
OK   pkg declares PLUSARG_CHK_DBUS_OUTSTANDING once
OK   pkg declares PLUSARG_CHK_DBUS_SPLIT once
OK   pkg declares PLUSARG_CHK_DBUS_STORE_INTG once
OK   pkg declares PLUSARG_CHK_ICRAM_WRITE_ECC once
OK   pkg declares PLUSARG_CHK_ICRAM_INVAL_SWEEP once
OK   pkg declares PLUSARG_CHK_ICRAM_ECC_RESPONSE once
OK   pkg declares PLUSARG_CHK_SCRKEY_PROTO once
OK   pkg declares PLUSARG_CHK_ALERT_MINOR once
OK   pkg declares PLUSARG_CHK_ALERT_BUS once
OK   pkg declares PLUSARG_CHK_ALERT_INTERNAL once
OK   pkg declares PLUSARG_CHK_CRASH_DUMP once
OK   pkg declares PLUSARG_CHK_DOUBLE_FAULT once
OK   pkg declares PLUSARG_CHK_CORE_BUSY once
OK   pkg declares PLUSARG_CHK_DATA_TAG_QUIET once
OK   pkg declares PLUSARG_CHK_FETCH_EN once
OK   pkg declares PLUSARG_CHK_IRQ_PENDING once
OK   pkg declares PLUSARG_CHK_IRQ_ENTRY once
OK   pkg declares PLUSARG_CHK_IRQ_MASKED once
OK   pkg declares PLUSARG_CHK_NMI_ENTRY once
OK   pkg declares PLUSARG_CHK_NMI_INTERNAL once
OK   pkg declares PLUSARG_CHK_DBG_ENTRY once
OK   pkg declares PLUSARG_CHK_DBG_EXC once
OK   pkg declares PLUSARG_CHK_DBG_MASKED once
OK   pkg declares PLUSARG_CHK_DBG_DRET once
OK   pkg declares PLUSARG_CHK_DBG_TRIGGER once
OK   pkg declares PLUSARG_CHK_CTR_MCYCLE once
OK   pkg declares PLUSARG_CHK_CTR_MINSTRET once
OK   pkg declares PLUSARG_CHK_CTR_HPM_EXACT once
OK   pkg declares PLUSARG_CHK_CTR_HPM_BOUND once
OK   pkg declares PLUSARG_CHK_PMP_DATA once
OK   pkg declares PLUSARG_CHK_PMP_FETCH once
OK   pkg declares PLUSARG_CHK_ISA once
OK   pkg declares PLUSARG_CHK_ISA_PC once
OK   pkg declares PLUSARG_CHK_ISA_INSN once
OK   pkg declares PLUSARG_CHK_ISA_TRAP once
OK   pkg declares PLUSARG_CHK_ISA_RD once
OK   pkg declares PLUSARG_CHK_ISA_MEM once
OK   pkg declares PLUSARG_CHK_ISA_PRV once
OK   pkg declares PLUSARG_CHK_ISA_PC_NEXT once
OK   pkg declares PLUSARG_CHK_ISA_CSR once
OK   pkg declares PLUSARG_CHK_RVFI_PROTO once
OK   pkg declares PLUSARG_CHK_T022_NEVER once
OK   pkg declares PLUSARG_CHK_BRIDGE_ACCOUNTING once
OK   no PLUSARG_ outside the generated region
OK   dbg_csr_probe is debug_only
OK   Runtime debug_only_plusargs lists gen_dbg_csr_probe
OK   regime knob knob_imem_gnt_delay present as enum
OK   regime knob knob_imem_rvalid_delay present as enum
OK   regime knob knob_imem_err_rate present as enum
OK   regime knob knob_imem_intg_err_rate present as enum
OK   regime knob knob_imem_outstanding_cap present as enum
OK   regime knob knob_dmem_gnt_delay present as enum
OK   regime knob knob_dmem_rvalid_delay present as enum
OK   regime knob knob_dmem_err_rate present as enum
OK   regime knob knob_dmem_intg_err_rate present as enum
OK   regime knob knob_irq_regime present as enum
OK   regime knob knob_irq_line_mix present as enum
OK   regime knob knob_irq_hold present as enum
OK   regime knob knob_debug_req_regime present as enum
OK   regime knob knob_scr_key_delay present as enum
OK   regime knob knob_icache_ecc_err_rate present as enum
OK   regime knob knob_fetch_enable_regime present as enum
OK   regime knob knob_mcounteren_writable present as enum
OK   regime knob knob_instr_mix present as enum
OK   regime knob knob_priv_regime present as enum
OK   regime knob knob_pmp_regime present as enum
OK   gen_knobs.py exists
OK   python PLUSARGS has every name
OK   python ISA_STRING equals yaml
OK   python knob values match yaml
OK   header exists
OK   header ISA string equals yaml
OK   header carries boot_addr_default
OK   header carries boot_page
OK   header carries prog_size
OK   header carries dm_base
OK   header carries dm_size
OK   header carries dm_halt
OK   header carries dm_exception
OK   header carries dm_budget
OK   header carries mmio_base
OK   header carries mmio_size
OK   header carries sig_addr
OK   header carries irq_ack_addr
OK   header carries eot_addr
OK   header carries phase_mark_addr
OK   memory map dm_base agrees with gen_program
OK   memory map dm_size agrees with gen_program
OK   memory map dm_halt agrees with gen_program
OK   memory map boot_page agrees with gen_program
OK   memory map prog_size agrees with gen_program
OK   gen_program ISA string equals yaml
OK   MMIO page outside program and DM windows
OK   pkg declares constant GEN_ICACHE_NUM_FB
OK   python CONSTANTS[GEN_ICACHE_NUM_FB]
OK   pkg declares constant GEN_IBUS_MAX_OUTSTANDING
OK   python CONSTANTS[GEN_IBUS_MAX_OUTSTANDING]
OK   pkg declares constant GEN_DBUS_MAX_OUTSTANDING
OK   python CONSTANTS[GEN_DBUS_MAX_OUTSTANDING]
OK   pkg declares constant GEN_CSR_WRITE_TO_RVFI_OFFSET
OK   python CONSTANTS[GEN_CSR_WRITE_TO_RVFI_OFFSET]
OK   pkg declares constant GEN_TRAP_TO_RVFI_OFFSET
OK   python CONSTANTS[GEN_TRAP_TO_RVFI_OFFSET]
OK   pkg declares constant GEN_IRQ_MARKER_TO_RVFI_OFFSET
OK   python CONSTANTS[GEN_IRQ_MARKER_TO_RVFI_OFFSET]
OK   pkg declares constant GEN_RVFI_ID_EXIT_OFFSET
OK   python CONSTANTS[GEN_RVFI_ID_EXIT_OFFSET]
OK   pkg declares constant GEN_ICACHE_ECC_WINDOW
OK   python CONSTANTS[GEN_ICACHE_ECC_WINDOW]
OK   pkg declares constant GEN_IRQ_ENTRY_BOUND_RECORDS
OK   python CONSTANTS[GEN_IRQ_ENTRY_BOUND_RECORDS]
OK   pkg declares constant GEN_DBG_ENTRY_BOUND_RECORDS
OK   python CONSTANTS[GEN_DBG_ENTRY_BOUND_RECORDS]
OK   pkg declares constant GEN_MEM_READBACK_WORDS_DEFAULT
OK   python CONSTANTS[GEN_MEM_READBACK_WORDS_DEFAULT]
OK   pkg declares constant GEN_ALIVE_TIMEOUT_CYCLES_DEFAULT
OK   python CONSTANTS[GEN_ALIVE_TIMEOUT_CYCLES_DEFAULT]
OK   pkg declares constant GEN_IRQ_FAST_MASK
OK   python CONSTANTS[GEN_IRQ_FAST_MASK]
OK   yaml has bridge_cmds
OK   pkg declares GEN_CMD_IRQ_SET = 1
OK   pkg declares GEN_CMD_IRQ_CLR = 2
OK   pkg declares GEN_CMD_NMI_PULSE = 3
OK   pkg declares GEN_CMD_DBG_REQ = 4
OK   pkg declares GEN_CMD_REGIME_SET = 5
OK   pkg declares GEN_CMD_KEY_MODE = 6
OK   pkg declares GEN_CMD_MEM_ERR_ARM = 7
OK   pkg declares GEN_CMD_ICACHE_ECC_ARM = 8
OK   pkg declares GEN_CMD_FETCH_EN = 9
OK   pkg declares GEN_CMD_MEM_PEEK = 10
OK   pkg declares GEN_CMD_MISC = 11
OK   python CMD codes match
OK   env cfg include exists
OK   cfg field for build_config
OK   cfg parses PLUSARG_BUILD_CONFIG
OK   cfg field for smoke_cycles
OK   cfg parses PLUSARG_SMOKE_CYCLES
OK   cfg field for smoke_intg_flip
OK   cfg parses PLUSARG_SMOKE_INTG_FLIP
OK   cfg field for dbg_csr_probe
OK   cfg parses PLUSARG_DBG_CSR_PROBE
OK   cfg field for mem_image
OK   cfg parses PLUSARG_MEM_IMAGE
OK   cfg field for mem_image_crc32
OK   cfg parses PLUSARG_MEM_IMAGE_CRC32
OK   cfg field for mem_image_words
OK   cfg parses PLUSARG_MEM_IMAGE_WORDS
OK   cfg field for mem_readback_words
OK   cfg parses PLUSARG_MEM_READBACK_WORDS
OK   cfg field for mem_unmapped_ok
OK   cfg parses PLUSARG_MEM_UNMAPPED_OK
OK   cfg field for boot_addr
OK   cfg parses PLUSARG_BOOT_ADDR
OK   cfg field for alive_timeout
OK   cfg parses PLUSARG_ALIVE_TIMEOUT
OK   cfg field for finish_timeout
OK   cfg parses PLUSARG_FINISH_TIMEOUT
OK   cfg field for regime_sched
OK   cfg parses PLUSARG_REGIME_SCHED
OK   cfg field for rvfi_trace
OK   cfg parses PLUSARG_RVFI_TRACE
OK   cfg field for fcov_en
OK   cfg parses PLUSARG_FCOV_EN
OK   cfg field for icram_init
OK   cfg parses PLUSARG_ICRAM_INIT
OK   cfg field for key_reset_valid
OK   cfg parses PLUSARG_KEY_RESET_VALID
OK   cfg field for isa_string
OK   cfg parses PLUSARG_ISA_STRING
OK   cfg field for isa_log
OK   cfg parses PLUSARG_ISA_LOG
OK   cfg field for ibus_gnt_min
OK   cfg parses PLUSARG_IBUS_GNT_MIN
OK   cfg field for ibus_gnt_max
OK   cfg parses PLUSARG_IBUS_GNT_MAX
OK   cfg field for ibus_rvalid_min
OK   cfg parses PLUSARG_IBUS_RVALID_MIN
OK   cfg field for ibus_rvalid_max
OK   cfg parses PLUSARG_IBUS_RVALID_MAX
OK   cfg field for ibus_max_outstanding
OK   cfg parses PLUSARG_IBUS_MAX_OUTSTANDING
OK   cfg field for ibus_err_rate
OK   cfg parses PLUSARG_IBUS_ERR_RATE
OK   cfg field for ibus_intg_err_rate
OK   cfg parses PLUSARG_IBUS_INTG_ERR_RATE
OK   cfg field for ibus_intg_bits
OK   cfg parses PLUSARG_IBUS_INTG_BITS
OK   cfg field for ibus_err_window
OK   cfg parses PLUSARG_IBUS_ERR_WINDOW
OK   cfg field for dbus_gnt_min
OK   cfg parses PLUSARG_DBUS_GNT_MIN
OK   cfg field for dbus_gnt_max
OK   cfg parses PLUSARG_DBUS_GNT_MAX
OK   cfg field for dbus_rvalid_min
OK   cfg parses PLUSARG_DBUS_RVALID_MIN
OK   cfg field for dbus_rvalid_max
OK   cfg parses PLUSARG_DBUS_RVALID_MAX
OK   cfg field for dbus_max_outstanding
OK   cfg parses PLUSARG_DBUS_MAX_OUTSTANDING
OK   cfg field for dbus_err_rate
OK   cfg parses PLUSARG_DBUS_ERR_RATE
OK   cfg field for dbus_intg_err_rate
OK   cfg parses PLUSARG_DBUS_INTG_ERR_RATE
OK   cfg field for dbus_intg_bits
OK   cfg parses PLUSARG_DBUS_INTG_BITS
OK   cfg field for dbus_err_window
OK   cfg parses PLUSARG_DBUS_ERR_WINDOW
OK   cfg field for dbus_err_half
OK   cfg parses PLUSARG_DBUS_ERR_HALF
OK   cfg field for dbus_err_store_perform
OK   cfg parses PLUSARG_DBUS_ERR_STORE_PERFORM
OK   cfg field for key_delay_min
OK   cfg parses PLUSARG_KEY_DELAY_MIN
OK   cfg field for key_delay_max
OK   cfg parses PLUSARG_KEY_DELAY_MAX
OK   cfg field for key_never_cycles
OK   cfg parses PLUSARG_KEY_NEVER_CYCLES
OK   cfg field for irq_min_gap
OK   cfg parses PLUSARG_IRQ_MIN_GAP
OK   cfg field for irq_hold_min
OK   cfg parses PLUSARG_IRQ_HOLD_MIN
OK   cfg field for irq_hold_max
OK   cfg parses PLUSARG_IRQ_HOLD_MAX
OK   cfg field for dbg_hold_min
OK   cfg parses PLUSARG_DBG_HOLD_MIN
OK   cfg field for dbg_hold_max
OK   cfg parses PLUSARG_DBG_HOLD_MAX
OK   cfg field for knob_imem_gnt_delay
OK   cfg parses PLUSARG_KNOB_IMEM_GNT_DELAY
OK   cfg field for knob_imem_rvalid_delay
OK   cfg parses PLUSARG_KNOB_IMEM_RVALID_DELAY
OK   cfg field for knob_imem_err_rate
OK   cfg parses PLUSARG_KNOB_IMEM_ERR_RATE
OK   cfg field for knob_imem_intg_err_rate
OK   cfg parses PLUSARG_KNOB_IMEM_INTG_ERR_RATE
OK   cfg field for knob_imem_outstanding_cap
OK   cfg parses PLUSARG_KNOB_IMEM_OUTSTANDING_CAP
OK   cfg field for knob_dmem_gnt_delay
OK   cfg parses PLUSARG_KNOB_DMEM_GNT_DELAY
OK   cfg field for knob_dmem_rvalid_delay
OK   cfg parses PLUSARG_KNOB_DMEM_RVALID_DELAY
OK   cfg field for knob_dmem_err_rate
OK   cfg parses PLUSARG_KNOB_DMEM_ERR_RATE
OK   cfg field for knob_dmem_intg_err_rate
OK   cfg parses PLUSARG_KNOB_DMEM_INTG_ERR_RATE
OK   cfg field for knob_irq_regime
OK   cfg parses PLUSARG_KNOB_IRQ_REGIME
OK   cfg field for knob_irq_line_mix
OK   cfg parses PLUSARG_KNOB_IRQ_LINE_MIX
OK   cfg field for knob_irq_hold
OK   cfg parses PLUSARG_KNOB_IRQ_HOLD
OK   cfg field for knob_debug_req_regime
OK   cfg parses PLUSARG_KNOB_DEBUG_REQ_REGIME
OK   cfg field for knob_scr_key_delay
OK   cfg parses PLUSARG_KNOB_SCR_KEY_DELAY
OK   cfg field for knob_icache_ecc_err_rate
OK   cfg parses PLUSARG_KNOB_ICACHE_ECC_ERR_RATE
OK   cfg field for knob_fetch_enable_regime
OK   cfg parses PLUSARG_KNOB_FETCH_ENABLE_REGIME
OK   cfg field for knob_mcounteren_writable
OK   cfg parses PLUSARG_KNOB_MCOUNTEREN_WRITABLE
OK   cfg field for knob_instr_mix
OK   cfg parses PLUSARG_KNOB_INSTR_MIX
OK   cfg field for knob_priv_regime
OK   cfg parses PLUSARG_KNOB_PRIV_REGIME
OK   cfg field for knob_pmp_regime
OK   cfg parses PLUSARG_KNOB_PMP_REGIME
OK   cfg field for chk_all
OK   cfg parses PLUSARG_CHK_ALL
OK   cfg field for chk_ibus_proto
OK   cfg parses PLUSARG_CHK_IBUS_PROTO
OK   cfg field for chk_ibus_outstanding
OK   cfg parses PLUSARG_CHK_IBUS_OUTSTANDING
OK   cfg field for chk_sva_rvalid_legal
OK   cfg parses PLUSARG_CHK_SVA_RVALID_LEGAL
OK   cfg field for chk_dbus_proto
OK   cfg parses PLUSARG_CHK_DBUS_PROTO
OK   cfg field for chk_dbus_outstanding
OK   cfg parses PLUSARG_CHK_DBUS_OUTSTANDING
OK   cfg field for chk_dbus_split
OK   cfg parses PLUSARG_CHK_DBUS_SPLIT
OK   cfg field for chk_dbus_store_intg
OK   cfg parses PLUSARG_CHK_DBUS_STORE_INTG
OK   cfg field for chk_icram_write_ecc
OK   cfg parses PLUSARG_CHK_ICRAM_WRITE_ECC
OK   cfg field for chk_icram_inval_sweep
OK   cfg parses PLUSARG_CHK_ICRAM_INVAL_SWEEP
OK   cfg field for chk_icram_ecc_response
OK   cfg parses PLUSARG_CHK_ICRAM_ECC_RESPONSE
OK   cfg field for chk_scrkey_proto
OK   cfg parses PLUSARG_CHK_SCRKEY_PROTO
OK   cfg field for chk_alert_minor
OK   cfg parses PLUSARG_CHK_ALERT_MINOR
OK   cfg field for chk_alert_bus
OK   cfg parses PLUSARG_CHK_ALERT_BUS
OK   cfg field for chk_alert_internal
OK   cfg parses PLUSARG_CHK_ALERT_INTERNAL
OK   cfg field for chk_crash_dump
OK   cfg parses PLUSARG_CHK_CRASH_DUMP
OK   cfg field for chk_double_fault
OK   cfg parses PLUSARG_CHK_DOUBLE_FAULT
OK   cfg field for chk_core_busy
OK   cfg parses PLUSARG_CHK_CORE_BUSY
OK   cfg field for chk_data_tag_quiet
OK   cfg parses PLUSARG_CHK_DATA_TAG_QUIET
OK   cfg field for chk_fetch_en
OK   cfg parses PLUSARG_CHK_FETCH_EN
OK   cfg field for chk_irq_pending
OK   cfg parses PLUSARG_CHK_IRQ_PENDING
OK   cfg field for chk_irq_entry
OK   cfg parses PLUSARG_CHK_IRQ_ENTRY
OK   cfg field for chk_irq_masked
OK   cfg parses PLUSARG_CHK_IRQ_MASKED
OK   cfg field for chk_nmi_entry
OK   cfg parses PLUSARG_CHK_NMI_ENTRY
OK   cfg field for chk_nmi_internal
OK   cfg parses PLUSARG_CHK_NMI_INTERNAL
OK   cfg field for chk_dbg_entry
OK   cfg parses PLUSARG_CHK_DBG_ENTRY
OK   cfg field for chk_dbg_exc
OK   cfg parses PLUSARG_CHK_DBG_EXC
OK   cfg field for chk_dbg_masked
OK   cfg parses PLUSARG_CHK_DBG_MASKED
OK   cfg field for chk_dbg_dret
OK   cfg parses PLUSARG_CHK_DBG_DRET
OK   cfg field for chk_dbg_trigger
OK   cfg parses PLUSARG_CHK_DBG_TRIGGER
OK   cfg field for chk_ctr_mcycle
OK   cfg parses PLUSARG_CHK_CTR_MCYCLE
OK   cfg field for chk_ctr_minstret
OK   cfg parses PLUSARG_CHK_CTR_MINSTRET
OK   cfg field for chk_ctr_hpm_exact
OK   cfg parses PLUSARG_CHK_CTR_HPM_EXACT
OK   cfg field for chk_ctr_hpm_bound
OK   cfg parses PLUSARG_CHK_CTR_HPM_BOUND
OK   cfg field for chk_pmp_data
OK   cfg parses PLUSARG_CHK_PMP_DATA
OK   cfg field for chk_pmp_fetch
OK   cfg parses PLUSARG_CHK_PMP_FETCH
OK   cfg field for chk_isa
OK   cfg parses PLUSARG_CHK_ISA
OK   cfg field for chk_isa_pc
OK   cfg parses PLUSARG_CHK_ISA_PC
OK   cfg field for chk_isa_insn
OK   cfg parses PLUSARG_CHK_ISA_INSN
OK   cfg field for chk_isa_trap
OK   cfg parses PLUSARG_CHK_ISA_TRAP
OK   cfg field for chk_isa_rd
OK   cfg parses PLUSARG_CHK_ISA_RD
OK   cfg field for chk_isa_mem
OK   cfg parses PLUSARG_CHK_ISA_MEM
OK   cfg field for chk_isa_prv
OK   cfg parses PLUSARG_CHK_ISA_PRV
OK   cfg field for chk_isa_pc_next
OK   cfg parses PLUSARG_CHK_ISA_PC_NEXT
OK   cfg field for chk_isa_csr
OK   cfg parses PLUSARG_CHK_ISA_CSR
OK   cfg field for chk_rvfi_proto
OK   cfg parses PLUSARG_CHK_RVFI_PROTO
OK   cfg field for chk_t022_never
OK   cfg parses PLUSARG_CHK_T022_NEVER
OK   cfg field for chk_bridge_accounting
OK   cfg parses PLUSARG_CHK_BRIDGE_ACCOUNTING
OK   cfg has parse_plusargs
OK   cfg validates enum values
OK   pkg has gen_is_known_plusarg
OK   known-plusarg list covers every name
GEN_UT_KNOBS_CODEGEN PASS (0 failures)
exit=0
