# the TRACE copy (the w6 sources plus display lines in gen_icram_events): every tag write and data injection at index 26 and the ten alert_minor errors of that run;
# after an ECC-correction refetch the line 0x800000d0 sits in both ways (valid, tag 00100000) until both are invalidated together
ICTRACE tagwrite cycle=28 way=0 index=26 valid=0 tag=00000000
ICTRACE tagwrite cycle=28 way=1 index=26 valid=0 tag=00000000
ICTRACE tagwrite cycle=276 way=0 index=26 valid=1 tag=00100000
ICTRACE inject kind=inject_data cycle=526 way=1 index=26 beat=1 q=1 v0=1 v1=0 t0=00100000 t1=00000000
ICTRACE inject kind=inject_data cycle=632 way=1 index=26 beat=0 q=1 v0=1 v1=0 t0=00100000 t1=00000000
ICTRACE inject kind=inject_data cycle=1101 way=0 index=26 beat=1 q=1 v0=1 v1=0 t0=00100000 t1=00000000
ICTRACE tagwrite cycle=1103 way=0 index=26 valid=0 tag=00000000
ICTRACE tagwrite cycle=1113 way=1 index=26 valid=1 tag=00100000
ICTRACE inject kind=inject_data cycle=1280 way=0 index=26 beat=0 q=1 v0=0 v1=1 t0=00000000 t1=00100000
ICTRACE inject kind=inject_data cycle=1376 way=1 index=26 beat=1 q=1 v0=0 v1=1 t0=00000000 t1=00100000
ICTRACE tagwrite cycle=1378 way=1 index=26 valid=0 tag=00000000
ICTRACE tagwrite cycle=1387 way=0 index=26 valid=1 tag=00100000
ICTRACE tagwrite cycle=1399 way=0 index=26 valid=1 tag=00100000
ICTRACE inject kind=inject_data cycle=1787 way=0 index=26 beat=1 q=1 v0=1 v1=0 t0=00100000 t1=00000000
ICTRACE tagwrite cycle=1789 way=0 index=26 valid=0 tag=00000000
ICTRACE tagwrite cycle=1798 way=1 index=26 valid=1 tag=00100000
ICTRACE inject kind=inject_data cycle=1857 way=1 index=26 beat=0 q=1 v0=0 v1=1 t0=00000000 t1=00100000
ICTRACE tagwrite cycle=1859 way=1 index=26 valid=0 tag=00000000
ICTRACE tagwrite cycle=1868 way=0 index=26 valid=1 tag=00100000
ICTRACE inject kind=inject_data cycle=1897 way=0 index=26 beat=0 q=1 v0=1 v1=0 t0=00100000 t1=00000000
ICTRACE tagwrite cycle=1899 way=0 index=26 valid=0 tag=00000000
ICTRACE tagwrite cycle=1908 way=1 index=26 valid=1 tag=00100000
ICTRACE tagwrite cycle=1916 way=0 index=26 valid=1 tag=00100000
ICTRACE inject kind=inject_data cycle=2125 way=1 index=26 beat=1 q=1 v0=1 v1=1 t0=00100000 t1=00100000
ICTRACE tagwrite cycle=2127 way=0 index=26 valid=0 tag=00000000
ICTRACE tagwrite cycle=2127 way=1 index=26 valid=0 tag=00000000
ICTRACE tagwrite cycle=2136 way=0 index=26 valid=1 tag=00100000
UVM_ERROR dv/auto_dv/env/gen_checkers_pkg.sv(542) @ 2168500: uvm_test_top.env.misc_mon [alert_minor] alert_minor_o after the data-RAM ECC injection at cycle 2125 on way 1 (index 26 beat 1): the lookup hit way 0, so this injection owed no pulse and nothing else announced one
ICTRACE inject kind=inject_data cycle=2361 way=0 index=26 beat=1 q=1 v0=1 v1=0 t0=00100000 t1=00000000
ICTRACE tagwrite cycle=2363 way=0 index=26 valid=0 tag=00000000
ICTRACE tagwrite cycle=2374 way=1 index=26 valid=1 tag=00100000
ICTRACE inject kind=inject_data cycle=3055 way=1 index=26 beat=0 q=1 v0=0 v1=1 t0=00000000 t1=00100000
ICTRACE tagwrite cycle=3057 way=1 index=26 valid=0 tag=00000000
ICTRACE inject kind=inject_data cycle=3065 way=0 index=26 beat=0 q=1 v0=0 v1=0 t0=00000000 t1=00000000
ICTRACE tagwrite cycle=3067 way=0 index=26 valid=1 tag=00100000
ICTRACE tagwrite cycle=3075 way=0 index=26 valid=1 tag=00100000
UVM_ERROR dv/auto_dv/env/gen_checkers_pkg.sv(542) @ 3156500: uvm_test_top.env.misc_mon [alert_minor] alert_minor_o after the data-RAM ECC injection at cycle 3086 on way 1 (index 27 beat 0): the lookup hit way 0, so this injection owed no pulse and nothing else announced one
ICTRACE inject kind=inject_data cycle=3233 way=0 index=26 beat=0 q=1 v0=1 v1=0 t0=00100000 t1=00000000
ICTRACE tagwrite cycle=3235 way=0 index=26 valid=0 tag=00000000
ICTRACE tagwrite cycle=3246 way=1 index=26 valid=1 tag=00100000
ICTRACE inject kind=inject_data cycle=3290 way=1 index=26 beat=1 q=1 v0=0 v1=1 t0=00000000 t1=00100000
ICTRACE tagwrite cycle=3292 way=1 index=26 valid=0 tag=00000000
ICTRACE tagwrite cycle=3303 way=0 index=26 valid=1 tag=00100000
ICTRACE inject kind=inject_data cycle=3326 way=1 index=26 beat=0 q=1 v0=1 v1=0 t0=00100000 t1=00000000
ICTRACE inject kind=inject_data cycle=3370 way=1 index=26 beat=0 q=1 v0=1 v1=0 t0=00100000 t1=00000000
ICTRACE inject kind=inject_data cycle=3467 way=1 index=26 beat=1 q=1 v0=1 v1=0 t0=00100000 t1=00000000
ICTRACE inject kind=inject_data cycle=3549 way=0 index=26 beat=0 q=1 v0=1 v1=0 t0=00100000 t1=00000000
ICTRACE tagwrite cycle=3551 way=0 index=26 valid=0 tag=00000000
ICTRACE tagwrite cycle=3561 way=1 index=26 valid=1 tag=00100000
ICTRACE inject kind=inject_data cycle=3582 way=1 index=26 beat=1 q=1 v0=0 v1=1 t0=00000000 t1=00100000
ICTRACE tagwrite cycle=3584 way=1 index=26 valid=0 tag=00000000
ICTRACE tagwrite cycle=3599 way=0 index=26 valid=1 tag=00100000
ICTRACE tagwrite cycle=3612 way=0 index=26 valid=1 tag=00100000
ICTRACE inject kind=inject_data cycle=3647 way=0 index=26 beat=1 q=1 v0=1 v1=0 t0=00100000 t1=00000000
ICTRACE tagwrite cycle=3649 way=0 index=26 valid=0 tag=00000000
ICTRACE tagwrite cycle=3654 way=1 index=26 valid=1 tag=00100000
ICTRACE inject kind=inject_data cycle=3667 way=0 index=26 beat=1 q=1 v0=0 v1=1 t0=00000000 t1=00100000
ICTRACE inject kind=inject_data cycle=3743 way=1 index=26 beat=1 q=1 v0=0 v1=1 t0=00000000 t1=00100000
ICTRACE tagwrite cycle=3745 way=1 index=26 valid=0 tag=00000000
ICTRACE tagwrite cycle=3752 way=0 index=26 valid=1 tag=00100000
ICTRACE inject kind=inject_data cycle=3887 way=1 index=26 beat=0 q=1 v0=1 v1=0 t0=00100000 t1=00000000
ICTRACE inject kind=inject_data cycle=3989 way=1 index=26 beat=1 q=1 v0=1 v1=0 t0=00100000 t1=00000000
ICTRACE inject kind=inject_data cycle=4060 way=0 index=26 beat=1 q=1 v0=1 v1=0 t0=00100000 t1=00000000
ICTRACE tagwrite cycle=4062 way=0 index=26 valid=0 tag=00000000
ICTRACE tagwrite cycle=4070 way=1 index=26 valid=1 tag=00100000
ICTRACE inject kind=inject_data cycle=4142 way=1 index=26 beat=0 q=1 v0=0 v1=1 t0=00000000 t1=00100000
ICTRACE tagwrite cycle=4144 way=1 index=26 valid=0 tag=00000000
ICTRACE tagwrite cycle=4156 way=0 index=26 valid=1 tag=00100000
ICTRACE inject kind=inject_data cycle=4439 way=0 index=26 beat=0 q=1 v0=1 v1=0 t0=00100000 t1=00000000
ICTRACE tagwrite cycle=4441 way=0 index=26 valid=0 tag=00000000
ICTRACE tagwrite cycle=4457 way=1 index=26 valid=1 tag=00100000
ICTRACE inject kind=inject_data cycle=4520 way=0 index=26 beat=1 q=1 v0=0 v1=1 t0=00000000 t1=00100000
ICTRACE inject kind=inject_data cycle=5227 way=0 index=26 beat=0 q=1 v0=0 v1=1 t0=00000000 t1=00100000
ICTRACE inject kind=inject_data cycle=5585 way=0 index=26 beat=1 q=1 v0=0 v1=1 t0=00000000 t1=00100000
ICTRACE inject kind=inject_data cycle=5728 way=0 index=26 beat=0 q=1 v0=0 v1=1 t0=00000000 t1=00100000
ICTRACE inject kind=inject_data cycle=6093 way=1 index=26 beat=0 q=1 v0=0 v1=1 t0=00000000 t1=00100000
ICTRACE tagwrite cycle=6095 way=1 index=26 valid=0 tag=00000000
ICTRACE tagwrite cycle=6106 way=0 index=26 valid=1 tag=00100000
ICTRACE inject kind=inject_data cycle=6181 way=1 index=26 beat=1 q=1 v0=1 v1=0 t0=00100000 t1=00000000
ICTRACE inject kind=inject_data cycle=6186 way=1 index=26 beat=0 q=1 v0=1 v1=0 t0=00100000 t1=00000000
ICTRACE inject kind=inject_data cycle=6305 way=1 index=26 beat=0 q=1 v0=1 v1=0 t0=00100000 t1=00000000
ICTRACE inject kind=inject_data cycle=6580 way=0 index=26 beat=1 q=1 v0=1 v1=0 t0=00100000 t1=00000000
ICTRACE tagwrite cycle=6582 way=0 index=26 valid=0 tag=00000000
ICTRACE tagwrite cycle=6594 way=1 index=26 valid=1 tag=00100000
ICTRACE tagwrite cycle=6604 way=0 index=26 valid=1 tag=00100000
ICTRACE inject kind=inject_data cycle=6691 way=0 index=26 beat=0 q=1 v0=1 v1=1 t0=00100000 t1=00100000
UVM_ERROR dv/auto_dv/env/gen_checkers_pkg.sv(550) @ 6699500: uvm_test_top.env.misc_mon [alert_minor] alert_minor_o missing within 2 cycles of the data-RAM ECC injection at cycle 6691 (way 0 index 26 beat 0, 1 bit(s)): the way the lookup hit
ICTRACE inject kind=inject_data cycle=6787 way=1 index=26 beat=0 q=1 v0=1 v1=1 t0=00100000 t1=00100000
ICTRACE tagwrite cycle=6789 way=0 index=26 valid=0 tag=00000000
ICTRACE tagwrite cycle=6789 way=1 index=26 valid=0 tag=00000000
ICTRACE tagwrite cycle=6796 way=1 index=26 valid=1 tag=00100000
UVM_ERROR dv/auto_dv/env/gen_checkers_pkg.sv(542) @ 6802500: uvm_test_top.env.misc_mon [alert_minor] alert_minor_o after the data-RAM ECC injection at cycle 6787 on way 1 (index 26 beat 0): the lookup hit way 0, so this injection owed no pulse and nothing else announced one
ICTRACE tagwrite cycle=6808 way=0 index=26 valid=1 tag=00100000
ICTRACE inject kind=inject_data cycle=6861 way=0 index=26 beat=1 q=1 v0=1 v1=1 t0=00100000 t1=00100000
ICTRACE tagwrite cycle=6863 way=0 index=26 valid=0 tag=00000000
ICTRACE tagwrite cycle=6863 way=1 index=26 valid=0 tag=00000000
ICTRACE tagwrite cycle=6873 way=0 index=26 valid=1 tag=00100000
ICTRACE inject kind=inject_data cycle=7389 way=1 index=26 beat=1 q=1 v0=1 v1=0 t0=00100000 t1=00000000
ICTRACE inject kind=inject_data cycle=7469 way=1 index=26 beat=0 q=1 v0=1 v1=0 t0=00100000 t1=00000000
ICTRACE inject kind=inject_data cycle=7547 way=1 index=26 beat=1 q=1 v0=1 v1=0 t0=00100000 t1=00000000
ICTRACE inject kind=inject_data cycle=7702 way=0 index=26 beat=0 q=1 v0=1 v1=0 t0=00100000 t1=00000000
ICTRACE tagwrite cycle=7704 way=0 index=26 valid=0 tag=00000000
ICTRACE tagwrite cycle=7715 way=1 index=26 valid=1 tag=00100000
ICTRACE inject kind=inject_data cycle=7721 way=1 index=26 beat=0 q=1 v0=0 v1=1 t0=00000000 t1=00100000
ICTRACE tagwrite cycle=7723 way=1 index=26 valid=0 tag=00000000
ICTRACE tagwrite cycle=7732 way=0 index=26 valid=1 tag=00100000
ICTRACE inject kind=inject_data cycle=7752 way=0 index=26 beat=1 q=1 v0=1 v1=0 t0=00100000 t1=00000000
ICTRACE tagwrite cycle=7754 way=0 index=26 valid=0 tag=00000000
ICTRACE tagwrite cycle=7765 way=1 index=26 valid=1 tag=00100000
ICTRACE tagwrite cycle=7771 way=0 index=26 valid=1 tag=00100000
ICTRACE inject kind=inject_data cycle=7857 way=0 index=26 beat=1 q=1 v0=1 v1=1 t0=00100000 t1=00100000
UVM_ERROR dv/auto_dv/env/gen_checkers_pkg.sv(550) @ 7868500: uvm_test_top.env.misc_mon [alert_minor] alert_minor_o missing within 2 cycles of the data-RAM ECC injection at cycle 7857 (way 0 index 26 beat 1, 1 bit(s)): the way the lookup hit
ICTRACE inject kind=inject_data cycle=8081 way=0 index=26 beat=1 q=1 v0=1 v1=1 t0=00100000 t1=00100000
ICTRACE tagwrite cycle=8083 way=0 index=26 valid=0 tag=00000000
ICTRACE tagwrite cycle=8083 way=1 index=26 valid=0 tag=00000000
ICTRACE tagwrite cycle=8094 way=1 index=26 valid=1 tag=00100000
ICTRACE inject kind=inject_data cycle=8118 way=1 index=26 beat=1 q=1 v0=0 v1=1 t0=00000000 t1=00100000
ICTRACE tagwrite cycle=8120 way=1 index=26 valid=0 tag=00000000
ICTRACE tagwrite cycle=8128 way=0 index=26 valid=1 tag=00100000
ICTRACE inject kind=inject_data cycle=8137 way=0 index=26 beat=0 q=1 v0=1 v1=0 t0=00100000 t1=00000000
ICTRACE tagwrite cycle=8139 way=0 index=26 valid=0 tag=00000000
ICTRACE tagwrite cycle=8151 way=1 index=26 valid=1 tag=00100000
ICTRACE inject kind=inject_data cycle=8317 way=1 index=26 beat=1 q=1 v0=0 v1=1 t0=00000000 t1=00100000
ICTRACE tagwrite cycle=8319 way=1 index=26 valid=0 tag=00000000
ICTRACE tagwrite cycle=8328 way=0 index=26 valid=1 tag=00100000
ICTRACE tagwrite cycle=8338 way=0 index=26 valid=1 tag=00100000
ICTRACE inject kind=inject_data cycle=8491 way=1 index=26 beat=0 q=1 v0=1 v1=0 t0=00100000 t1=00000000
ICTRACE inject kind=inject_data cycle=8590 way=0 index=26 beat=0 q=1 v0=1 v1=0 t0=00100000 t1=00000000
ICTRACE tagwrite cycle=8592 way=0 index=26 valid=0 tag=00000000
ICTRACE tagwrite cycle=8602 way=1 index=26 valid=1 tag=00100000
ICTRACE tagwrite cycle=8612 way=0 index=26 valid=1 tag=00100000
ICTRACE inject kind=inject_data cycle=8650 way=1 index=26 beat=0 q=1 v0=1 v1=1 t0=00100000 t1=00100000
ICTRACE tagwrite cycle=8652 way=0 index=26 valid=0 tag=00000000
ICTRACE tagwrite cycle=8652 way=1 index=26 valid=0 tag=00000000
UVM_ERROR dv/auto_dv/env/gen_checkers_pkg.sv(542) @ 8658500: uvm_test_top.env.misc_mon [alert_minor] alert_minor_o after the data-RAM ECC injection at cycle 8650 on way 1 (index 26 beat 0): the lookup hit way 0, so this injection owed no pulse and nothing else announced one
ICTRACE tagwrite cycle=8661 way=1 index=26 valid=1 tag=00100000
ICTRACE inject kind=inject_data cycle=8751 way=0 index=26 beat=0 q=1 v0=0 v1=1 t0=00000000 t1=00100000
ICTRACE inject kind=inject_data cycle=8900 way=0 index=26 beat=1 q=1 v0=0 v1=1 t0=00000000 t1=00100000
ICTRACE inject kind=inject_data cycle=9142 way=0 index=26 beat=1 q=1 v0=0 v1=1 t0=00000000 t1=00100000
ICTRACE inject kind=inject_data cycle=9191 way=1 index=26 beat=1 q=1 v0=0 v1=1 t0=00000000 t1=00100000
ICTRACE tagwrite cycle=9193 way=1 index=26 valid=0 tag=00000000
ICTRACE tagwrite cycle=9205 way=0 index=26 valid=1 tag=00100000
ICTRACE inject kind=inject_data cycle=9338 way=0 index=26 beat=1 q=1 v0=1 v1=0 t0=00100000 t1=00000000
ICTRACE tagwrite cycle=9340 way=0 index=26 valid=0 tag=00000000
ICTRACE inject kind=inject_data cycle=9347 way=0 index=26 beat=1 q=1 v0=0 v1=0 t0=00000000 t1=00000000
ICTRACE tagwrite cycle=9349 way=1 index=26 valid=1 tag=00100000
ICTRACE tagwrite cycle=9357 way=0 index=26 valid=1 tag=00100000
ICTRACE inject kind=inject_data cycle=9732 way=1 index=26 beat=1 q=1 v0=1 v1=1 t0=00100000 t1=00100000
ICTRACE tagwrite cycle=9734 way=0 index=26 valid=0 tag=00000000
ICTRACE tagwrite cycle=9734 way=1 index=26 valid=0 tag=00000000
UVM_ERROR dv/auto_dv/env/gen_checkers_pkg.sv(542) @ 9740500: uvm_test_top.env.misc_mon [alert_minor] alert_minor_o after the data-RAM ECC injection at cycle 9732 on way 1 (index 26 beat 1): the lookup hit way 0, so this injection owed no pulse and nothing else announced one
ICTRACE tagwrite cycle=9743 way=0 index=26 valid=1 tag=00100000
ICTRACE inject kind=inject_data cycle=9828 way=0 index=26 beat=1 q=1 v0=1 v1=0 t0=00100000 t1=00000000
ICTRACE tagwrite cycle=9830 way=0 index=26 valid=0 tag=00000000
ICTRACE tagwrite cycle=9840 way=1 index=26 valid=1 tag=00100000
ICTRACE tagwrite cycle=9849 way=0 index=26 valid=1 tag=00100000
ICTRACE inject kind=inject_data cycle=9883 way=1 index=26 beat=1 q=1 v0=1 v1=1 t0=00100000 t1=00100000
ICTRACE inject kind=inject_data cycle=10242 way=0 index=26 beat=0 q=1 v0=1 v1=1 t0=00100000 t1=00100000
ICTRACE tagwrite cycle=10244 way=0 index=26 valid=0 tag=00000000
ICTRACE tagwrite cycle=10244 way=1 index=26 valid=0 tag=00000000
ICTRACE tagwrite cycle=10252 way=0 index=26 valid=1 tag=00100000
ICTRACE inject kind=inject_data cycle=10269 way=0 index=26 beat=1 q=1 v0=1 v1=0 t0=00100000 t1=00000000
ICTRACE tagwrite cycle=10271 way=0 index=26 valid=0 tag=00000000
ICTRACE tagwrite cycle=10283 way=1 index=26 valid=1 tag=00100000
ICTRACE inject kind=inject_data cycle=10360 way=1 index=26 beat=1 q=1 v0=0 v1=1 t0=00000000 t1=00100000
ICTRACE tagwrite cycle=10362 way=1 index=26 valid=0 tag=00000000
ICTRACE tagwrite cycle=10370 way=0 index=26 valid=1 tag=00100000
ICTRACE inject kind=inject_data cycle=10474 way=1 index=26 beat=0 q=1 v0=1 v1=0 t0=00100000 t1=00000000
ICTRACE inject kind=inject_data cycle=10576 way=0 index=26 beat=1 q=1 v0=1 v1=0 t0=00100000 t1=00000000
ICTRACE tagwrite cycle=10578 way=0 index=26 valid=0 tag=00000000
ICTRACE tagwrite cycle=10585 way=1 index=26 valid=1 tag=00100000
ICTRACE inject kind=inject_data cycle=11243 way=1 index=26 beat=0 q=1 v0=0 v1=1 t0=00000000 t1=00100000
ICTRACE tagwrite cycle=11245 way=1 index=26 valid=0 tag=00000000
ICTRACE tagwrite cycle=11259 way=0 index=26 valid=1 tag=00100000
ICTRACE inject kind=inject_data cycle=11276 way=0 index=26 beat=1 q=1 v0=1 v1=0 t0=00100000 t1=00000000
ICTRACE tagwrite cycle=11278 way=0 index=26 valid=0 tag=00000000
ICTRACE tagwrite cycle=11289 way=1 index=26 valid=1 tag=00100000
ICTRACE tagwrite cycle=11298 way=0 index=26 valid=1 tag=00100000
ICTRACE inject kind=inject_data cycle=11337 way=0 index=26 beat=1 q=1 v0=1 v1=1 t0=00100000 t1=00100000
ICTRACE tagwrite cycle=11339 way=0 index=26 valid=0 tag=00000000
ICTRACE tagwrite cycle=11339 way=1 index=26 valid=0 tag=00000000
ICTRACE tagwrite cycle=11348 way=0 index=26 valid=1 tag=00100000
ICTRACE inject kind=inject_data cycle=11437 way=1 index=26 beat=1 q=1 v0=1 v1=0 t0=00100000 t1=00000000
ICTRACE inject kind=inject_data cycle=11509 way=0 index=26 beat=1 q=1 v0=1 v1=0 t0=00100000 t1=00000000
ICTRACE tagwrite cycle=11511 way=0 index=26 valid=0 tag=00000000
ICTRACE tagwrite cycle=11522 way=1 index=26 valid=1 tag=00100000
ICTRACE inject kind=inject_data cycle=11819 way=1 index=26 beat=0 q=1 v0=0 v1=1 t0=00000000 t1=00100000
ICTRACE tagwrite cycle=11821 way=1 index=26 valid=0 tag=00000000
ICTRACE tagwrite cycle=11830 way=0 index=26 valid=1 tag=00100000
ICTRACE inject kind=inject_data cycle=12075 way=0 index=26 beat=0 q=1 v0=1 v1=0 t0=00100000 t1=00000000
ICTRACE tagwrite cycle=12077 way=0 index=26 valid=0 tag=00000000
ICTRACE tagwrite cycle=12088 way=1 index=26 valid=1 tag=00100000
ICTRACE inject kind=inject_data cycle=12314 way=1 index=26 beat=1 q=1 v0=0 v1=1 t0=00000000 t1=00100000
ICTRACE tagwrite cycle=12316 way=1 index=26 valid=0 tag=00000000
ICTRACE tagwrite cycle=12328 way=0 index=26 valid=1 tag=00100000
ICTRACE tagwrite cycle=12338 way=0 index=26 valid=1 tag=00100000
ICTRACE inject kind=inject_data cycle=12679 way=0 index=26 beat=0 q=1 v0=1 v1=0 t0=00100000 t1=00000000
ICTRACE tagwrite cycle=12681 way=0 index=26 valid=0 tag=00000000
ICTRACE tagwrite cycle=12690 way=1 index=26 valid=1 tag=00100000
ICTRACE tagwrite cycle=12698 way=0 index=26 valid=1 tag=00100000
ICTRACE inject kind=inject_data cycle=12803 way=1 index=26 beat=0 q=1 v0=1 v1=1 t0=00100000 t1=00100000
ICTRACE tagwrite cycle=12805 way=0 index=26 valid=0 tag=00000000
ICTRACE tagwrite cycle=12805 way=1 index=26 valid=0 tag=00000000
ICTRACE tagwrite cycle=12814 way=0 index=26 valid=1 tag=00100000
UVM_ERROR dv/auto_dv/env/gen_checkers_pkg.sv(542) @ 12845500: uvm_test_top.env.misc_mon [alert_minor] alert_minor_o after the data-RAM ECC injection at cycle 12803 on way 1 (index 26 beat 0): the lookup hit way 0, so this injection owed no pulse and nothing else announced one
ICTRACE inject kind=inject_data cycle=12857 way=0 index=26 beat=1 q=1 v0=1 v1=0 t0=00100000 t1=00000000
ICTRACE tagwrite cycle=12859 way=0 index=26 valid=0 tag=00000000
ICTRACE tagwrite cycle=12867 way=1 index=26 valid=1 tag=00100000
ICTRACE inject kind=inject_data cycle=12887 way=1 index=26 beat=0 q=1 v0=0 v1=1 t0=00000000 t1=00100000
ICTRACE tagwrite cycle=12889 way=1 index=26 valid=0 tag=00000000
ICTRACE tagwrite cycle=12897 way=0 index=26 valid=1 tag=00100000
ICTRACE tagwrite cycle=12909 way=0 index=26 valid=1 tag=00100000
ICTRACE inject kind=inject_data cycle=12916 way=0 index=26 beat=0 q=1 v0=1 v1=0 t0=00100000 t1=00000000
ICTRACE tagwrite cycle=12918 way=0 index=26 valid=0 tag=00000000
ICTRACE tagwrite cycle=12931 way=1 index=26 valid=1 tag=00100000
ICTRACE inject kind=inject_data cycle=12950 way=1 index=26 beat=1 q=1 v0=0 v1=1 t0=00000000 t1=00100000
ICTRACE tagwrite cycle=12952 way=1 index=26 valid=0 tag=00000000
ICTRACE tagwrite cycle=12961 way=0 index=26 valid=1 tag=00100000
ICTRACE tagwrite cycle=12970 way=0 index=26 valid=1 tag=00100000
ICTRACE inject kind=inject_data cycle=13154 way=0 index=26 beat=1 q=1 v0=1 v1=0 t0=00100000 t1=00000000
ICTRACE tagwrite cycle=13156 way=0 index=26 valid=0 tag=00000000
ICTRACE tagwrite cycle=13167 way=1 index=26 valid=1 tag=00100000
ICTRACE tagwrite cycle=13180 way=0 index=26 valid=1 tag=00100000
ICTRACE inject kind=inject_data cycle=13218 way=0 index=26 beat=0 q=1 v0=1 v1=1 t0=00100000 t1=00100000
ICTRACE tagwrite cycle=13220 way=0 index=26 valid=0 tag=00000000
ICTRACE tagwrite cycle=13220 way=1 index=26 valid=0 tag=00000000
ICTRACE tagwrite cycle=13230 way=1 index=26 valid=1 tag=00100000
ICTRACE tagwrite cycle=13238 way=0 index=26 valid=1 tag=00100000
ICTRACE inject kind=inject_data cycle=13425 way=0 index=26 beat=1 q=1 v0=1 v1=1 t0=00100000 t1=00100000
ICTRACE inject kind=inject_data cycle=13430 way=0 index=26 beat=0 q=1 v0=1 v1=1 t0=00100000 t1=00100000
UVM_ERROR dv/auto_dv/env/gen_checkers_pkg.sv(550) @ 13436500: uvm_test_top.env.misc_mon [alert_minor] alert_minor_o missing within 2 cycles of the data-RAM ECC injection at cycle 13425 (way 0 index 26 beat 1, 1 bit(s)): the way the lookup hit
ICTRACE tagwrite cycle=13432 way=0 index=26 valid=0 tag=00000000
ICTRACE tagwrite cycle=13432 way=1 index=26 valid=0 tag=00000000
ICTRACE tagwrite cycle=13438 way=1 index=26 valid=1 tag=00100000
ICTRACE inject kind=inject_data cycle=13638 way=1 index=26 beat=0 q=1 v0=0 v1=1 t0=00000000 t1=00100000
ICTRACE tagwrite cycle=13640 way=1 index=26 valid=0 tag=00000000
ICTRACE tagwrite cycle=13650 way=0 index=26 valid=1 tag=00100000
ICTRACE inject kind=inject_data cycle=13730 way=0 index=26 beat=1 q=1 v0=1 v1=0 t0=00100000 t1=00000000
ICTRACE tagwrite cycle=13732 way=0 index=26 valid=0 tag=00000000
ICTRACE tagwrite cycle=13741 way=1 index=26 valid=1 tag=00100000
ICTRACE tagwrite cycle=13754 way=0 index=26 valid=1 tag=00100000
ICTRACE inject kind=inject_data cycle=14104 way=0 index=26 beat=0 q=1 v0=1 v1=1 t0=00100000 t1=00100000
ICTRACE tagwrite cycle=14106 way=0 index=26 valid=0 tag=00000000
ICTRACE tagwrite cycle=14106 way=1 index=26 valid=0 tag=00000000
ICTRACE tagwrite cycle=14117 way=1 index=26 valid=1 tag=00100000
ICTRACE inject kind=inject_data cycle=14201 way=0 index=26 beat=0 q=1 v0=0 v1=1 t0=00000000 t1=00100000
ICTRACE inject kind=inject_data cycle=14230 way=0 index=26 beat=1 q=1 v0=0 v1=1 t0=00000000 t1=00100000
ICTRACE inject kind=inject_data cycle=14277 way=0 index=26 beat=0 q=1 v0=0 v1=1 t0=00000000 t1=00100000
ICTRACE inject kind=inject_data cycle=14326 way=0 index=26 beat=1 q=1 v0=0 v1=1 t0=00000000 t1=00100000
ICTRACE inject kind=inject_data cycle=14387 way=0 index=26 beat=0 q=1 v0=0 v1=1 t0=00000000 t1=00100000
ICTRACE inject kind=inject_data cycle=14733 way=0 index=26 beat=0 q=1 v0=0 v1=1 t0=00000000 t1=00100000
ICTRACE inject kind=inject_data cycle=14767 way=0 index=26 beat=0 q=1 v0=0 v1=1 t0=00000000 t1=00100000
ICTRACE inject kind=inject_data cycle=14863 way=0 index=26 beat=1 q=1 v0=0 v1=1 t0=00000000 t1=00100000
ICTRACE inject kind=inject_data cycle=14958 way=1 index=26 beat=0 q=1 v0=0 v1=1 t0=00000000 t1=00100000
ICTRACE tagwrite cycle=14960 way=1 index=26 valid=0 tag=00000000
ICTRACE tagwrite cycle=14973 way=0 index=26 valid=1 tag=00100000
ICTRACE inject kind=inject_data cycle=15163 way=0 index=26 beat=1 q=1 v0=1 v1=0 t0=00100000 t1=00000000
ICTRACE tagwrite cycle=15165 way=0 index=26 valid=0 tag=00000000
ICTRACE tagwrite cycle=15173 way=1 index=26 valid=1 tag=00100000
ICTRACE inject kind=inject_data cycle=15421 way=0 index=26 beat=1 q=1 v0=0 v1=1 t0=00000000 t1=00100000
ICTRACE inject kind=inject_data cycle=15421 way=1 index=26 beat=0 q=1 v0=0 v1=1 t0=00000000 t1=00100000
ICTRACE tagwrite cycle=15423 way=1 index=26 valid=0 tag=00000000
ICTRACE tagwrite cycle=15430 way=0 index=26 valid=1 tag=00100000
ICTRACE inject kind=inject_data cycle=15806 way=1 index=26 beat=1 q=1 v0=1 v1=0 t0=00100000 t1=00000000
ICTRACE inject kind=inject_data cycle=16077 way=1 index=26 beat=0 q=1 v0=1 v1=0 t0=00100000 t1=00000000
ICTRACE inject kind=inject_data cycle=16445 way=1 index=26 beat=1 q=1 v0=1 v1=0 t0=00100000 t1=00000000
ICTRACE inject kind=inject_data cycle=16542 way=0 index=26 beat=0 q=1 v0=1 v1=0 t0=00100000 t1=00000000
ICTRACE tagwrite cycle=16544 way=0 index=26 valid=0 tag=00000000
ICTRACE tagwrite cycle=16553 way=1 index=26 valid=1 tag=00100000
ICTRACE inject kind=inject_data cycle=16586 way=1 index=26 beat=1 q=1 v0=0 v1=1 t0=00000000 t1=00100000
ICTRACE tagwrite cycle=16588 way=1 index=26 valid=0 tag=00000000
ICTRACE tagwrite cycle=16598 way=0 index=26 valid=1 tag=00100000
ICTRACE tagwrite cycle=16608 way=0 index=26 valid=1 tag=00100000
ICTRACE inject kind=inject_data cycle=16891 way=0 index=26 beat=0 q=1 v0=1 v1=0 t0=00100000 t1=00000000
ICTRACE tagwrite cycle=16893 way=0 index=26 valid=0 tag=00000000
ICTRACE tagwrite cycle=16903 way=1 index=26 valid=1 tag=00100000
ICTRACE tagwrite cycle=16912 way=0 index=26 valid=1 tag=00100000
ICTRACE inject kind=inject_data cycle=16921 way=1 index=26 beat=0 q=1 v0=1 v1=1 t0=00100000 t1=00100000
ICTRACE tagwrite cycle=16923 way=0 index=26 valid=0 tag=00000000
ICTRACE tagwrite cycle=16923 way=1 index=26 valid=0 tag=00000000
ICTRACE tagwrite cycle=16933 way=0 index=26 valid=1 tag=00100000
UVM_ERROR dv/auto_dv/env/gen_checkers_pkg.sv(542) @ 16964500: uvm_test_top.env.misc_mon [alert_minor] alert_minor_o after the data-RAM ECC injection at cycle 16921 on way 1 (index 26 beat 0): the lookup hit way 0, so this injection owed no pulse and nothing else announced one
ICTRACE inject kind=inject_data cycle=17157 way=1 index=26 beat=0 q=1 v0=1 v1=0 t0=00100000 t1=00000000
ICTRACE inject kind=inject_data cycle=17309 way=0 index=26 beat=0 q=1 v0=1 v1=0 t0=00100000 t1=00000000
ICTRACE tagwrite cycle=17311 way=0 index=26 valid=0 tag=00000000
ICTRACE tagwrite cycle=17320 way=1 index=26 valid=1 tag=00100000
ICTRACE inject kind=inject_data cycle=17454 way=1 index=26 beat=0 q=1 v0=0 v1=1 t0=00000000 t1=00100000
ICTRACE tagwrite cycle=17456 way=1 index=26 valid=0 tag=00000000
ICTRACE tagwrite cycle=17464 way=0 index=26 valid=1 tag=00100000
ICTRACE inject kind=inject_data cycle=17566 way=1 index=26 beat=0 q=1 v0=1 v1=0 t0=00100000 t1=00000000
ICTRACE inject kind=inject_data cycle=17703 way=1 index=26 beat=0 q=1 v0=1 v1=0 t0=00100000 t1=00000000
ICTRACE inject kind=inject_data cycle=17708 way=0 index=26 beat=0 q=1 v0=1 v1=0 t0=00100000 t1=00000000
ICTRACE tagwrite cycle=17710 way=0 index=26 valid=0 tag=00000000
ICTRACE tagwrite cycle=17721 way=1 index=26 valid=1 tag=00100000
ICTRACE inject kind=inject_data cycle=18333 way=0 index=26 beat=1 q=1 v0=0 v1=1 t0=00000000 t1=00100000
ICTRACE inject kind=inject_data cycle=18387 way=0 index=26 beat=1 q=1 v0=0 v1=1 t0=00000000 t1=00100000
ICTRACE inject kind=inject_data cycle=19028 way=1 index=26 beat=1 q=1 v0=0 v1=1 t0=00000000 t1=00100000
ICTRACE tagwrite cycle=19030 way=1 index=26 valid=0 tag=00000000
ICTRACE tagwrite cycle=19041 way=0 index=26 valid=1 tag=00100000
ICTRACE inject kind=inject_data cycle=19157 way=0 index=26 beat=0 q=1 v0=1 v1=0 t0=00100000 t1=00000000
ICTRACE tagwrite cycle=19159 way=0 index=26 valid=0 tag=00000000
ICTRACE tagwrite cycle=19167 way=1 index=26 valid=1 tag=00100000
ICTRACE inject kind=inject_data cycle=19623 way=0 index=26 beat=1 q=1 v0=0 v1=1 t0=00000000 t1=00100000
ICTRACE inject kind=inject_data cycle=19648 way=0 index=26 beat=0 q=1 v0=0 v1=1 t0=00000000 t1=00100000
ICTRACE inject kind=inject_data cycle=19810 way=0 index=26 beat=1 q=1 v0=0 v1=1 t0=00000000 t1=00100000
ICTRACE inject kind=inject_data cycle=19829 way=1 index=26 beat=1 q=1 v0=0 v1=1 t0=00000000 t1=00100000
ICTRACE tagwrite cycle=19831 way=1 index=26 valid=0 tag=00000000
ICTRACE tagwrite cycle=19840 way=0 index=26 valid=1 tag=00100000
ICTRACE inject kind=inject_data cycle=19909 way=1 index=26 beat=0 q=1 v0=1 v1=0 t0=00100000 t1=00000000
ICTRACE inject kind=inject_data cycle=20028 way=0 index=26 beat=0 q=1 v0=1 v1=0 t0=00100000 t1=00000000
ICTRACE tagwrite cycle=20030 way=0 index=26 valid=0 tag=00000000
ICTRACE tagwrite cycle=20039 way=1 index=26 valid=1 tag=00100000
ICTRACE inject kind=inject_data cycle=20157 way=1 index=26 beat=1 q=1 v0=0 v1=1 t0=00000000 t1=00100000
ICTRACE tagwrite cycle=20159 way=1 index=26 valid=0 tag=00000000
ICTRACE tagwrite cycle=20168 way=0 index=26 valid=1 tag=00100000
ICTRACE inject kind=inject_data cycle=20205 way=0 index=26 beat=0 q=1 v0=1 v1=0 t0=00100000 t1=00000000
ICTRACE tagwrite cycle=20207 way=0 index=26 valid=0 tag=00000000
ICTRACE tagwrite cycle=20219 way=1 index=26 valid=1 tag=00100000
ICTRACE inject kind=inject_data cycle=20304 way=0 index=26 beat=0 q=1 v0=0 v1=1 t0=00000000 t1=00100000
