== MUT-B 2026-09-03T10:40:40Z
MUT-B: dv/auto_dv/env/gen_rvfi_pkg.sv:122 original: if (sink != null && sink.enabled) sink.write_record(gen_export_record_line(t, cfg.export_counters)); | mutated: if (sink != null && sink.enabled && records != 50) sink.write_record(gen_export_record_line(t, cfg.export_counters));   // MUT-B: one record dropped
compile: vcs exit: 0 errors=0
MUT-B-ablation: dv/auto_dv/gen_tb/gen_export.py:70 original: assert flush.records == flush.retired, f"GEN_EXPORT: marker records {flush.records} != retired {flush.retired} (the sink and the bridge disagree)" | mutated: pass  # ABLATION MUT-B: records==retired rule disabled
MUT-B-ablation: dv/auto_dv/gen_tb/gen_export.py:85 original: assert rec.order == records[-1].order + 1, f"GEN_EXPORT: order {rec.order} after {records[-1].order} ({where})" | mutated: pass  # ABLATION MUT-B: order rule disabled
MUT-B-ablation: dv/auto_dv/gen_tb/gen_tests/gen_ut_export.py:56 original: assert breaks == 0, f"GEN_UT_EXPORT: {breaks} pc discontinuities between consecutive records" | mutated: pass  # ABLATION: continuity assert disabled (second catcher)
reverted: ok
caught      xit=0 uvm_errors=0 verdict: verdict: FAIL reason: cocotb_summary at stdout.log:57 
ablation    xit=0 uvm_errors=0 verdict: verdict: PASS reason: no collected failure mechanism; end marker and config banner present 
  caught:                                                         AssertionError: GEN_EXPORT: marker records 174 != retired 175 (the sink and the bridge disagree)
  ablation:   5905.00ns INFO     cocotb.gen_tb_top                  GEN_UT_EXPORT_PASS
MUT-C-member: dv/auto_dv/env/gen_rvfi_pkg.sv:67 original: bit          have_order = 0, dbg_mode_q = 0, irq_valid_q = 0; | mutated: bit          have_order = 0, dbg_mode_q = 0, irq_valid_q = 0; string held = "";   // MUT-C
== MUT-C 2026-09-03T10:41:04Z
MUT-C: dv/auto_dv/env/gen_rvfi_pkg.sv:122 original: if (sink != null && sink.enabled) sink.write_record(gen_export_record_line(t, cfg.export_counters)); | mutated: if (sink != null && sink.enabled) begin string l = gen_export_record_line(t, cfg.export_counters); if (records == 50) held = l; else if (held != "") begin sink.write_record(l); sink.write_record(held); held = ""; end else sink.write_record(l); end   // MUT-C: records 50 and 51 swapped
compile: vcs exit: 0 errors=0
MUT-C-ablation: dv/auto_dv/gen_tb/gen_export.py:85 original: assert rec.order == records[-1].order + 1, f"GEN_EXPORT: order {rec.order} after {records[-1].order} ({where})" | mutated: pass  # ABLATION MUT-C: order rule disabled
MUT-C-ablation: dv/auto_dv/gen_tb/gen_export.py:103 original: assert cyc >= last_cycle, f"GEN_EXPORT: cycle {cyc} after {last_cycle} ({where})" | mutated: pass  # ABLATION MUT-C: cycle rule disabled
MUT-C-ablation: dv/auto_dv/gen_tb/gen_tests/gen_ut_export.py:56 original: assert breaks == 0, f"GEN_UT_EXPORT: {breaks} pc discontinuities between consecutive records" | mutated: pass  # ABLATION: continuity assert disabled (second catcher)
reverted: ok
caught      xit=0 uvm_errors=0 verdict: verdict: FAIL reason: cocotb_summary at stdout.log:57 
ablation    xit=0 uvm_errors=0 verdict: verdict: PASS reason: no collected failure mechanism; end marker and config banner present 
  caught:                                                         AssertionError: GEN_EXPORT: order 51 after 49 (line 53)
  ablation:   5905.00ns INFO     cocotb.gen_tb_top                  GEN_UT_EXPORT_PASS
final: sources identical to pre-mutation
