Info: [VCS_SAVE_RESTORE_INFO] ASLR (Address Space Layout Randomization) is detected on the machine. To enable $save functionality, ASLR will be switched off and simv re-executed.
Please use '-no_save' simv switch to avoid re-execution or '-suppress=ASLR_DETECTED_INFO' to suppress this message.
Chronologic VCS simulator copyright 1991-2025
Contains Synopsys proprietary information.
Compiler version X-2025.06-SP2_Full64; Runtime version X-2025.06-SP2_Full64;  Sep  3 05:12 2026
     -.--ns INFO     gpi                                ..mbed/gpi_embed.cpp:108  in set_program_name_in_venv        Using Python virtual environment interpreter at /localdev/fzhang/ws/ibex-challenge/.venv/bin/python
     -.--ns INFO     gpi                                ../gpi/GpiCommon.cpp:101  in gpi_print_registered_impl       VPI registered
     0.00ns INFO     cocotb                             Running on Chronologic Simulation VCS Release version X-2025.06-SP2_Full64
     0.00ns INFO     cocotb                             Running tests with cocotb v1.9.2 from /localdev/fzhang/ws/ibex-challenge/.venv/lib/python3.12/site-packages/cocotb
     0.00ns INFO     cocotb                             Seeding Python random module with supplied seed 1
     0.00ns INFO     cocotb.regression                  pytest not found, install it to enable better AssertionError messages
     0.00ns INFO     cocotb.regression                  Found test dv.auto_dv.gen_tb.gen_tests.gen_ut_lockstep.gen_ut_lockstep
     0.00ns INFO     cocotb.regression                  running gen_ut_lockstep (1/1)
GEN_CONFIG_BANNER build_config=opentitan
GEN_CONFIG_BANNER BaseIsa=BaseIsaRV32IorCHERIoT RV32M=RV32MSingleCycle RV32B=RV32BOTEarlGrey RV32ZC=RV32ZcaZcbZcmp RegFile=RegFileFF
GEN_CONFIG_BANNER RV32E=0 BranchTargetALU=1 WritebackStage=1 ICache=1 ICacheECC=1 ICacheScramble=1
GEN_CONFIG_BANNER BranchPredictor=0 DbgTriggerEn=1 DbgHwBreakNum=1 SecureIbex=1
GEN_CONFIG_BANNER PMPEnable=1 PMPGranularity=0 PMPNumRegions=16 MHPMCounterNum=10 MHPMCounterWidth=32
GEN_CONFIG_BANNER RegFileECC=0 ResetAll=1 DummyInstructions=1 MemECC=1 ICacheTweakInfection=1
GEN_CONFIG_BANNER MemDataWidth=39 RegFileDataWidth=32 RegFileCapEccWidth=35 BusSizeECC=39 TagSizeECC=28 LineSizeECC=78
GEN_CONFIG_BANNER DmBaseAddr=0x1a110000 DmAddrMask=0x00000fff DmHaltAddr=0x1a110800 DmExceptionAddr=0x1a110808
GEN_CONFIG_BANNER CsrMvendorId=0x00000000 CsrMimpId=0x00000000 cheriot_enable=Off rf_test_en=0
GEN_CONFIG_BANNER RndCnstLfsrSeed=0xac533bf4 RndCnstLfsrPerm=0x1e35ecba467fd1b12e958152c04fa43878a8daed
GEN_CONFIG_BANNER PMPRstCfg/PMPRstAddr/PMPRstMsecCfg=ibex_pkg::PmpCfgRst/PmpAddrRst/PmpMseccfgRst (ibex_core defaults, all regions OFF)
GEN_CONFIG_BANNER RVFI=1
GEN_CONFIG_BANNER GEN_DUT_SPLIT_INTG=0
UVM_INFO @ 0: reporter [RNTST] Running test gen_base_test...
GEN_CONFIG_BANNER tb=gen_tb_top uvm_test=gen_base_test seed=1 build_config=opentitan pinned_knobs=0 regime_sched=derived
GEN_CONFIG_BANNER define SIMULATION=0 (F-DIT-025)
GEN_CONFIG_BANNER define COCOTB_SIM=1 (cocotb-master run)
GEN_CONFIG_BANNER boot_addr=0x80000000 hart_id=0x00000000 alive_timeout=100000 finish_timeout=20000 mem_image=/localdev/fzhang/ws/ibex-challenge/dv/auto_dv/work/tb-infra/out_codegen/zc/prog.vmem tohost=0x80000280
GEN_CONFIG_BANNER knobs imem gnt=short rvalid=short err=none intg=none cap=cap8 dmem gnt=short rvalid=short err=none intg=none key=immediate icram_init=random
UVM_INFO dv/auto_dv/env/gen_env_pkg.sv(127) @ 0: uvm_test_top.env [MEM_LOAD] image /localdev/fzhang/ws/ibex-challenge/dv/auto_dv/work/tb-infra/out_codegen/zc/prog.vmem: 204 words, crc32 0xcf0cb3b8 verified
UVM_INFO dv/auto_dv/env/gen_env_pkg.sv(151) @ 0: uvm_test_top.env [GEN_ENV] ibus: ibus gnt=1..3(short) rvalid=2..4(short) cap=8(cap8) err=0/1000(none) intg=0/1000(none)x1
UVM_INFO dv/auto_dv/env/gen_env_pkg.sv(152) @ 0: uvm_test_top.env [GEN_ENV] dbus: dbus gnt=1..3(short) rvalid=2..4(short) cap=2(cap2) err=0/1000(none) intg=0/1000(none)x1
UVM_INFO dv/auto_dv/env/gen_agents_pkg.sv(311) @ 0: uvm_test_top.env.dbus_agent [gen_bus_agent] uvm_test_top.env.dbus_agent: sva_rvalid_legal disabled by knob
UVM_INFO dv/auto_dv/env/gen_agents_pkg.sv(311) @ 0: uvm_test_top.env.ibus_agent [gen_bus_agent] uvm_test_top.env.ibus_agent: sva_rvalid_legal disabled by knob
UVM_INFO dv/auto_dv/env/gen_rvfi_pkg.sv(168) @ 0: uvm_test_top.env.sb [GEN_SB] ISA model ready: pc=80000080 mtvec=80000001
     5.00ns INFO     cocotb.gen_tb_top                  GEN_BRIDGE started: listener armed, stim_active=1
UVM_INFO dv/auto_dv/env/gen_agents_pkg.sv(407) @ 65000: uvm_test_top.env.ctrl [GEN_CTRL] fetch_enable_i <= On (FETCH_EN arg 1)
UVM_ERROR dv/auto_dv/env/gen_rvfi_pkg.sv(175) @ 142500: uvm_test_top.env.sb [isa_mem] Zcmp store 0: model 8000039c<=44444444 (4 bytes) dut 8000039c<=44444445 (order=17 pc=800000ae insn=ff010113 trap=0 intr=0 rd=x2/80000390 mem=80000390 w0000 r1111 mode=3 cyc=137)
UVM_ERROR dv/auto_dv/env/gen_rvfi_pkg.sv(175) @ 142500: uvm_test_top.env.sb [isa_mem] Zcmp store 1: model 80000398<=33333333 (4 bytes) dut 80000398<=33333332 (order=17 pc=800000ae insn=ff010113 trap=0 intr=0 rd=x2/80000390 mem=80000390 w0000 r1111 mode=3 cyc=137)
UVM_ERROR dv/auto_dv/env/gen_rvfi_pkg.sv(175) @ 142500: uvm_test_top.env.sb [isa_mem] Zcmp store 2: model 80000394<=22222222 (4 bytes) dut 80000394<=22222223 (order=17 pc=800000ae insn=ff010113 trap=0 intr=0 rd=x2/80000390 mem=80000390 w0000 r1111 mode=3 cyc=137)
UVM_ERROR dv/auto_dv/env/gen_rvfi_pkg.sv(175) @ 142500: uvm_test_top.env.sb [isa_mem] Zcmp store 3: model 80000390<=11111111 (4 bytes) dut 80000390<=11111110 (order=17 pc=800000ae insn=ff010113 trap=0 intr=0 rd=x2/80000390 mem=80000390 w0000 r1111 mode=3 cyc=137)
UVM_ERROR dv/auto_dv/env/gen_rvfi_pkg.sv(175) @ 248500: uvm_test_top.env.sb [isa_mem] Zcmp store 0: model 8000039c<=22222222 (4 bytes) dut 8000039c<=22222223 (order=53 pc=80000110 insn=fe010113 trap=0 intr=0 rd=x2/80000380 mem=80000380 w0000 r1111 mode=3 cyc=243)
UVM_ERROR dv/auto_dv/env/gen_rvfi_pkg.sv(175) @ 248500: uvm_test_top.env.sb [isa_mem] Zcmp store 1: model 80000398<=11111111 (4 bytes) dut 80000398<=11111110 (order=53 pc=80000110 insn=fe010113 trap=0 intr=0 rd=x2/80000380 mem=80000380 w0000 r1111 mode=3 cyc=243)
UVM_ERROR dv/auto_dv/env/gen_rvfi_pkg.sv(175) @ 478500: uvm_test_top.env.sb [isa_mem] Zcmp store 0: model 8000039c<=80000244 (4 bytes) dut 8000039c<=80000245 (order=148 pc=8000023c insn=ff010113 trap=0 intr=0 rd=x2/80000390 mem=80000390 w0000 r1111 mode=3 cyc=473)
UVM_ERROR dv/auto_dv/env/gen_rvfi_pkg.sv(175) @ 506500: uvm_test_top.env.sb [isa_mem] Zcmp store 0: model 8000039c<=8000025e (4 bytes) dut 8000039c<=8000025f (order=157 pc=80000250 insn=ff010113 trap=0 intr=0 rd=x2/80000390 mem=80000390 w0000 r1111 mode=3 cyc=501)
UVM_INFO @ 549000: reporter [GEN_EOT] end-of-test store 0x00000001 at 0x80000280 (store 1)
  5535.00ns INFO     cocotb.gen_tb_top                  GEN_UT_LOCKSTEP retired 169 consumed 169 mismatches 8 tohost 0x00000001
  5535.01ns INFO     cocotb.regression                  gen_ut_lockstep failed
                                                        Traceback (most recent call last):
                                                          File "/localdev/fzhang/ws/ibex-challenge/dv/auto_dv/gen_tb/gen_tests/gen_ut_lockstep.py", line 55, in gen_ut_lockstep
                                                            assert mism == 0, f"GEN_UT_LOCKSTEP: {mism} ISA mismatches"
                                                                   ^^^^^^^^^
                                                        AssertionError: GEN_UT_LOCKSTEP: 8 ISA mismatches
  5535.01ns INFO     cocotb.regression                  *********************************************************************************************************************
                                                        ** TEST                                                         STATUS  SIM TIME (ns)  REAL TIME (s)  RATIO (ns/s) **
                                                        *********************************************************************************************************************
                                                        ** dv.auto_dv.gen_tb.gen_tests.gen_ut_lockstep.gen_ut_lockstep   FAIL        5535.01           0.08      69812.91  **
                                                        *********************************************************************************************************************
                                                        ** TESTS=1 PASS=0 FAIL=1 SKIP=0                                              5535.01           0.10      56723.09  **
                                                        *********************************************************************************************************************
                                                        
$finish at simulation time               553501
"dv/auto_dv/tb/gen_bus_if.sv", 49: gen_tb_top.u_dbus_if.cov_rvalid_legal, 554 attempts, 29 match
"dv/auto_dv/tb/gen_bus_if.sv", 49: gen_tb_top.u_ibus_if.cov_rvalid_legal, 554 attempts, 141 match
           V C S   S i m u l a t i o n   R e p o r t 
Time: 5535010 ps
CPU Time:      0.430 seconds;       Data structure size:   8.8Mb
Thu Sep  3 05:12:24 2026
