Command: /localdev/fzhang/ws/ibex-challenge/dv/auto_dv/work/tb-infra/out_t068_mut006/vcs_simv +vcs+lic+wait +ntb_random_seed=1 +UVM_TESTNAME=gen_base_test +UVM_VERBOSITY=UVM_LOW +UVM_NO_RELNOTES +gen_build_config=opentitan +gen_mem_image=/localdev/fzhang/ws/ibex-challenge/dv/auto_dv/work/tb-infra/out_codegen/zc/prog.vmem +gen_mem_image_crc32=cf0cb3b8 +gen_mem_image_words=204 +gen_boot_addr=80000000 +gen_tohost_addr=80000280 +gen_fetch_en_at_reset=0 +gen_ut_boot_retire=100 -l /localdev/fzhang/ws/ibex-challenge/dv/auto_dv/work/tb-infra/out_t068_mut006/mut006_default/sim.log
Chronologic VCS simulator copyright 1991-2025
Contains Synopsys proprietary information.
Compiler version X-2025.06-SP2_Full64; Runtime version X-2025.06-SP2_Full64;  Sep  3 05:12 2026
GEN_CONFIG_BANNER build_config=opentitan
GEN_CONFIG_BANNER BaseIsa=BaseIsaRV32IorCHERIoT RV32M=RV32MSingleCycle RV32B=RV32BOTEarlGrey RV32ZC=RV32ZcaZcbZcmp RegFile=RegFileFF
GEN_CONFIG_BANNER RV32E=0 BranchTargetALU=1 WritebackStage=1 ICache=1 ICacheECC=1 ICacheScramble=1
GEN_CONFIG_BANNER BranchPredictor=0 DbgTriggerEn=1 DbgHwBreakNum=1 SecureIbex=1
GEN_CONFIG_BANNER PMPEnable=1 PMPGranularity=0 PMPNumRegions=16 MHPMCounterNum=10 MHPMCounterWidth=32
GEN_CONFIG_BANNER RegFileECC=0 ResetAll=1 DummyInstructions=1 MemECC=1 ICacheTweakInfection=1
GEN_CONFIG_BANNER MemDataWidth=39 RegFileDataWidth=32 RegFileCapEccWidth=35 BusSizeECC=39 TagSizeECC=28 LineSizeECC=78
GEN_CONFIG_BANNER DmBaseAddr=0x1a110000 DmAddrMask=0x00000fff DmHaltAddr=0x1a110800 DmExceptionAddr=0x1a110808
GEN_CONFIG_BANNER CsrMvendorId=0x00000000 CsrMimpId=0x00000000 cheriot_enable=Off rf_test_en=0
GEN_CONFIG_BANNER RndCnstLfsrSeed=0xac533bf4 RndCnstLfsrPerm=0x1e35ecba467fd1b12e958152c04fa43878a8daed
GEN_CONFIG_BANNER PMPRstCfg/PMPRstAddr/PMPRstMsecCfg=ibex_pkg::PmpCfgRst/PmpAddrRst/PmpMseccfgRst (ibex_core defaults, all regions OFF)
GEN_CONFIG_BANNER RVFI=1
GEN_CONFIG_BANNER GEN_DUT_SPLIT_INTG=0
UVM_INFO @ 0: reporter [RNTST] Running test gen_base_test...
GEN_CONFIG_BANNER tb=gen_tb_top uvm_test=gen_base_test seed=1 build_config=opentitan pinned_knobs=0 regime_sched=derived
GEN_CONFIG_BANNER define SIMULATION=0 (F-DIT-025)
GEN_CONFIG_BANNER define COCOTB_SIM=1 (cocotb-master run)
GEN_CONFIG_BANNER boot_addr=0x80000000 hart_id=0x00000000 alive_timeout=100000 finish_timeout=20000 mem_image=/localdev/fzhang/ws/ibex-challenge/dv/auto_dv/work/tb-infra/out_codegen/zc/prog.vmem tohost=0x80000280
GEN_CONFIG_BANNER knobs imem gnt=short rvalid=short err=none intg=none cap=cap8 dmem gnt=short rvalid=short err=none intg=none key=immediate icram_init=random
UVM_INFO dv/auto_dv/env/gen_env_pkg.sv(127) @ 0: uvm_test_top.env [MEM_LOAD] image /localdev/fzhang/ws/ibex-challenge/dv/auto_dv/work/tb-infra/out_codegen/zc/prog.vmem: 204 words, crc32 0xcf0cb3b8 verified
UVM_INFO dv/auto_dv/env/gen_env_pkg.sv(151) @ 0: uvm_test_top.env [GEN_ENV] ibus: ibus gnt=1..3(short) rvalid=2..4(short) cap=8(cap8) err=0/1000(none) intg=0/1000(none)x1
UVM_INFO dv/auto_dv/env/gen_env_pkg.sv(152) @ 0: uvm_test_top.env [GEN_ENV] dbus: dbus gnt=1..3(short) rvalid=2..4(short) cap=2(cap2) err=0/1000(none) intg=0/1000(none)x1
UVM_INFO dv/auto_dv/env/gen_agents_pkg.sv(310) @ 0: uvm_test_top.env.dbus_agent [gen_bus_agent] uvm_test_top.env.dbus_agent: sva_rvalid_legal armed
UVM_INFO dv/auto_dv/env/gen_agents_pkg.sv(310) @ 0: uvm_test_top.env.ibus_agent [gen_bus_agent] uvm_test_top.env.ibus_agent: sva_rvalid_legal armed
UVM_INFO dv/auto_dv/env/gen_rvfi_pkg.sv(168) @ 0: uvm_test_top.env.sb [GEN_SB] ISA model ready: pc=80000080 mtvec=80000001
UVM_INFO dv/auto_dv/env/gen_agents_pkg.sv(407) @ 65000: uvm_test_top.env.ctrl [GEN_CTRL] fetch_enable_i <= On (FETCH_EN arg 1)
UVM_ERROR dv/auto_dv/env/gen_rvfi_pkg.sv(175) @ 75500: uvm_test_top.env.sb [isa_trap] dut trapped, model retired 1 trap=0 cause=00000000 (order=1 pc=80000080 insn=0040006f trap=1 intr=0 rd=x0/00000000 mem=80000084 w0000 r1111 mode=3 cyc=70)
UVM_ERROR dv/auto_dv/env/gen_rvfi_pkg.sv(175) @ 82500: uvm_test_top.env.sb [isa_trap] dut trapped, model retired 1 trap=0 cause=00000000 (order=2 pc=80000084 insn=00000117 trap=1 intr=0 rd=x2/80000084 mem=80000084 w0000 r1111 mode=3 cyc=77)
UVM_ERROR dv/auto_dv/env/gen_rvfi_pkg.sv(175) @ 87500: uvm_test_top.env.sb [isa_trap] dut trapped, model retired 1 trap=0 cause=00000000 (order=3 pc=80000088 insn=31c10113 trap=1 intr=0 rd=x2/800003a0 mem=800003a0 w0000 r1111 mode=3 cyc=82)
UVM_ERROR dv/auto_dv/env/gen_rvfi_pkg.sv(175) @ 89500: uvm_test_top.env.sb [isa_trap] dut trapped, model retired 1 trap=0 cause=00000000 (order=4 pc=8000008c insn=0000828a trap=1 intr=0 rd=x5/800003a0 mem=800003a0 w0000 r1111 mode=3 cyc=84)
UVM_ERROR dv/auto_dv/env/gen_rvfi_pkg.sv(175) @ 94500: uvm_test_top.env.sb [isa_trap] dut trapped, model retired 1 trap=0 cause=00000000 (order=5 pc=8000008e insn=111110b7 trap=1 intr=0 rd=x1/11111000 mem=11111000 w0000 r1111 mode=3 cyc=89)
UVM_ERROR dv/auto_dv/env/gen_rvfi_pkg.sv(175) @ 97500: uvm_test_top.env.sb [isa_trap] dut trapped, model retired 1 trap=0 cause=00000000 (order=6 pc=80000092 insn=11108093 trap=1 intr=0 rd=x1/11111111 mem=11111111 w0000 r1111 mode=3 cyc=92)
UVM_ERROR dv/auto_dv/env/gen_rvfi_pkg.sv(175) @ 100500: uvm_test_top.env.sb [isa_trap] dut trapped, model retired 1 trap=0 cause=00000000 (order=7 pc=80000096 insn=22222437 trap=1 intr=0 rd=x8/22222000 mem=22222000 w0000 r1111 mode=3 cyc=95)
UVM_ERROR dv/auto_dv/env/gen_rvfi_pkg.sv(175) @ 101500: uvm_test_top.env.sb [isa_trap] dut trapped, model retired 1 trap=0 cause=00000000 (order=8 pc=8000009a insn=22240413 trap=1 intr=0 rd=x8/22222222 mem=22222222 w0000 r1111 mode=3 cyc=96)
UVM_ERROR dv/auto_dv/env/gen_rvfi_pkg.sv(175) @ 106500: uvm_test_top.env.sb [isa_trap] dut trapped, model retired 1 trap=0 cause=00000000 (order=9 pc=8000009e insn=333334b7 trap=1 intr=0 rd=x9/33333000 mem=33333000 w0000 r1111 mode=3 cyc=101)
UVM_ERROR dv/auto_dv/env/gen_rvfi_pkg.sv(175) @ 108500: uvm_test_top.env.sb [isa_trap] dut trapped, model retired 1 trap=0 cause=00000000 (order=10 pc=800000a2 insn=33348493 trap=1 intr=0 rd=x9/33333333 mem=33333333 w0000 r1111 mode=3 cyc=103)
UVM_ERROR dv/auto_dv/env/gen_rvfi_pkg.sv(175) @ 110500: uvm_test_top.env.sb [isa_trap] dut trapped, model retired 1 trap=0 cause=00000000 (order=11 pc=800000a6 insn=44444937 trap=1 intr=0 rd=x18/44444000 mem=44444000 w0000 r1111 mode=3 cyc=105)
UVM_ERROR dv/auto_dv/env/gen_rvfi_pkg.sv(175) @ 115500: uvm_test_top.env.sb [isa_trap] dut trapped, model retired 1 trap=0 cause=00000000 (order=12 pc=800000aa insn=44490913 trap=1 intr=0 rd=x18/44444444 mem=44444444 w0000 r1111 mode=3 cyc=110)
UVM_ERROR dv/auto_dv/env/gen_rvfi_pkg.sv(175) @ 142500: uvm_test_top.env.sb [isa_trap] dut trapped, model retired 1 trap=0 cause=00000000 (order=17 pc=800000ae insn=ff010113 trap=1 intr=0 rd=x2/80000390 mem=80000390 w0000 r1111 mode=3 cyc=137)
UVM_ERROR dv/auto_dv/env/gen_rvfi_pkg.sv(175) @ 143500: uvm_test_top.env.sb [isa_trap] dut trapped, model retired 1 trap=0 cause=00000000 (order=18 pc=800000b0 insn=40228333 trap=1 intr=0 rd=x6/00000010 mem=00000010 w0000 r1111 mode=3 cyc=138)
UVM_ERROR dv/auto_dv/env/gen_rvfi_pkg.sv(175) @ 144500: uvm_test_top.env.sb [isa_trap] dut trapped, model retired 1 trap=0 cause=00000000 (order=19 pc=800000b4 insn=000043c1 trap=1 intr=0 rd=x7/00000010 mem=00000010 w0000 r1111 mode=3 cyc=139)
UVM_ERROR dv/auto_dv/env/gen_rvfi_pkg.sv(175) @ 145500: uvm_test_top.env.sb [isa_trap] dut trapped, model retired 1 trap=0 cause=00000000 (order=20 pc=800000b6 insn=1a731963 trap=1 intr=0 rd=x0/00000000 mem=00000000 w0000 r1111 mode=3 cyc=140)
UVM_ERROR dv/auto_dv/env/gen_rvfi_pkg.sv(175) @ 152500: uvm_test_top.env.sb [isa_trap] dut trapped, model retired 1 trap=0 cause=00000000 (order=21 pc=800000ba insn=00004e32 trap=1 intr=0 rd=x28/44444444 mem=8000039c w0000 r1111 mode=3 cyc=147)
UVM_ERROR dv/auto_dv/env/gen_rvfi_pkg.sv(175) @ 154500: uvm_test_top.env.sb [isa_trap] dut trapped, model retired 1 trap=0 cause=00000000 (order=22 pc=800000bc insn=1b2e1663 trap=1 intr=0 rd=x0/00000000 mem=00000000 w0000 r1111 mode=3 cyc=149)
UVM_ERROR dv/auto_dv/env/gen_rvfi_pkg.sv(175) @ 159500: uvm_test_top.env.sb [isa_trap] dut trapped, model retired 1 trap=0 cause=00000000 (order=23 pc=800000c0 insn=00004e22 trap=1 intr=0 rd=x28/33333333 mem=80000398 w0000 r1111 mode=3 cyc=154)
UVM_ERROR dv/auto_dv/env/gen_rvfi_pkg.sv(175) @ 161500: uvm_test_top.env.sb [isa_trap] dut trapped, model retired 1 trap=0 cause=00000000 (order=24 pc=800000c2 insn=1a9e1363 trap=1 intr=0 rd=x0/00000000 mem=00000000 w0000 r1111 mode=3 cyc=156)
UVM_ERROR dv/auto_dv/env/gen_rvfi_pkg.sv(175) @ 166500: uvm_test_top.env.sb [isa_trap] dut trapped, model retired 1 trap=0 cause=00000000 (order=25 pc=800000c6 insn=00004e12 trap=1 intr=0 rd=x28/22222222 mem=80000394 w0000 r1111 mode=3 cyc=161)
UVM_ERROR dv/auto_dv/env/gen_rvfi_pkg.sv(175) @ 168500: uvm_test_top.env.sb [isa_trap] dut trapped, model retired 1 trap=0 cause=00000000 (order=26 pc=800000c8 insn=1a8e1063 trap=1 intr=0 rd=x0/00000000 mem=00000000 w0000 r1111 mode=3 cyc=163)
UVM_ERROR dv/auto_dv/env/gen_rvfi_pkg.sv(175) @ 173500: uvm_test_top.env.sb [isa_trap] dut trapped, model retired 1 trap=0 cause=00000000 (order=27 pc=800000cc insn=00004e02 trap=1 intr=0 rd=x28/11111111 mem=80000390 w0000 r1111 mode=3 cyc=168)
UVM_ERROR dv/auto_dv/env/gen_rvfi_pkg.sv(175) @ 175500: uvm_test_top.env.sb [isa_trap] dut trapped, model retired 1 trap=0 cause=00000000 (order=28 pc=800000ce insn=181e1d63 trap=1 intr=0 rd=x0/00000000 mem=00000000 w0000 r1111 mode=3 cyc=170)
UVM_ERROR dv/auto_dv/env/gen_rvfi_pkg.sv(175) @ 176500: uvm_test_top.env.sb [isa_trap] dut trapped, model retired 1 trap=0 cause=00000000 (order=29 pc=800000d2 insn=00004081 trap=1 intr=0 rd=x1/00000000 mem=00000000 w0000 r1111 mode=3 cyc=171)
UVM_ERROR dv/auto_dv/env/gen_rvfi_pkg.sv(175) @ 177500: uvm_test_top.env.sb [isa_trap] dut trapped, model retired 1 trap=0 cause=00000000 (order=30 pc=800000d4 insn=00004401 trap=1 intr=0 rd=x8/00000000 mem=00000000 w0000 r1111 mode=3 cyc=172)
UVM_ERROR dv/auto_dv/env/gen_rvfi_pkg.sv(175) @ 178500: uvm_test_top.env.sb [isa_trap] dut trapped, model retired 1 trap=0 cause=00000000 (order=31 pc=800000d6 insn=00004481 trap=1 intr=0 rd=x9/00000000 mem=00000000 w0000 r1111 mode=3 cyc=173)
UVM_ERROR dv/auto_dv/env/gen_rvfi_pkg.sv(175) @ 179500: uvm_test_top.env.sb [isa_trap] dut trapped, model retired 1 trap=0 cause=00000000 (order=32 pc=800000d8 insn=00004901 trap=1 intr=0 rd=x18/00000000 mem=00000000 w0000 r1111 mode=3 cyc=174)
UVM_ERROR dv/auto_dv/env/gen_rvfi_pkg.sv(175) @ 205500: uvm_test_top.env.sb [isa_trap] dut trapped, model retired 1 trap=0 cause=00000000 (order=37 pc=800000da insn=01010113 trap=1 intr=0 rd=x2/800003a0 mem=800003a0 w0000 r1111 mode=3 cyc=200)
UVM_ERROR dv/auto_dv/env/gen_rvfi_pkg.sv(175) @ 206500: uvm_test_top.env.sb [isa_trap] dut trapped, model retired 1 trap=0 cause=00000000 (order=38 pc=800000dc insn=18511663 trap=1 intr=0 rd=x0/00000000 mem=00000000 w0000 r1111 mode=3 cyc=201)
UVM_ERROR dv/auto_dv/env/gen_rvfi_pkg.sv(175) @ 207500: uvm_test_top.env.sb [isa_trap] dut trapped, model retired 1 trap=0 cause=00000000 (order=39 pc=800000e0 insn=11111e37 trap=1 intr=0 rd=x28/11111000 mem=11111000 w0000 r1111 mode=3 cyc=202)
UVM_ERROR dv/auto_dv/env/gen_rvfi_pkg.sv(175) @ 208500: uvm_test_top.env.sb [isa_trap] dut trapped, model retired 1 trap=0 cause=00000000 (order=40 pc=800000e4 insn=111e0e13 trap=1 intr=0 rd=x28/11111111 mem=11111111 w0000 r1111 mode=3 cyc=203)
UVM_ERROR dv/auto_dv/env/gen_rvfi_pkg.sv(175) @ 209500: uvm_test_top.env.sb [isa_trap] dut trapped, model retired 1 trap=0 cause=00000000 (order=41 pc=800000e8 insn=19c09063 trap=1 intr=0 rd=x0/00000000 mem=00000000 w0000 r1111 mode=3 cyc=204)
UVM_ERROR dv/auto_dv/env/gen_rvfi_pkg.sv(175) @ 210500: uvm_test_top.env.sb [isa_trap] dut trapped, model retired 1 trap=0 cause=00000000 (order=42 pc=800000ec insn=22222e37 trap=1 intr=0 rd=x28/22222000 mem=22222000 w0000 r1111 mode=3 cyc=205)
UVM_ERROR dv/auto_dv/env/gen_rvfi_pkg.sv(175) @ 213500: uvm_test_top.env.sb [isa_trap] dut trapped, model retired 1 trap=0 cause=00000000 (order=43 pc=800000f0 insn=222e0e13 trap=1 intr=0 rd=x28/22222222 mem=22222222 w0000 r1111 mode=3 cyc=208)
UVM_ERROR dv/auto_dv/env/gen_rvfi_pkg.sv(175) @ 215500: uvm_test_top.env.sb [isa_trap] dut trapped, model retired 1 trap=0 cause=00000000 (order=44 pc=800000f4 insn=17c41a63 trap=1 intr=0 rd=x0/00000000 mem=00000000 w0000 r1111 mode=3 cyc=210)
UVM_ERROR dv/auto_dv/env/gen_rvfi_pkg.sv(175) @ 219500: uvm_test_top.env.sb [isa_trap] dut trapped, model retired 1 trap=0 cause=00000000 (order=45 pc=800000f8 insn=33333e37 trap=1 intr=0 rd=x28/33333000 mem=33333000 w0000 r1111 mode=3 cyc=214)
UVM_ERROR dv/auto_dv/env/gen_rvfi_pkg.sv(175) @ 224500: uvm_test_top.env.sb [isa_trap] dut trapped, model retired 1 trap=0 cause=00000000 (order=46 pc=800000fc insn=333e0e13 trap=1 intr=0 rd=x28/33333333 mem=33333333 w0000 r1111 mode=3 cyc=219)
UVM_ERROR dv/auto_dv/env/gen_rvfi_pkg.sv(175) @ 225500: uvm_test_top.env.sb [isa_trap] dut trapped, model retired 1 trap=0 cause=00000000 (order=47 pc=80000100 insn=17c49463 trap=1 intr=0 rd=x0/00000000 mem=00000000 w0000 r1111 mode=3 cyc=220)
UVM_ERROR dv/auto_dv/env/gen_rvfi_pkg.sv(175) @ 230500: uvm_test_top.env.sb [isa_trap] dut trapped, model retired 1 trap=0 cause=00000000 (order=48 pc=80000104 insn=44444e37 trap=1 intr=0 rd=x28/44444000 mem=44444000 w0000 r1111 mode=3 cyc=225)
UVM_ERROR dv/auto_dv/env/gen_rvfi_pkg.sv(175) @ 232500: uvm_test_top.env.sb [isa_trap] dut trapped, model retired 1 trap=0 cause=00000000 (order=49 pc=80000108 insn=444e0e13 trap=1 intr=0 rd=x28/44444444 mem=44444444 w0000 r1111 mode=3 cyc=227)
UVM_ERROR dv/auto_dv/env/gen_rvfi_pkg.sv(175) @ 236500: uvm_test_top.env.sb [isa_trap] dut trapped, model retired 1 trap=0 cause=00000000 (order=50 pc=8000010c insn=15c91e63 trap=1 intr=0 rd=x0/00000000 mem=00000000 w0000 r1111 mode=3 cyc=231)
UVM_ERROR dv/auto_dv/env/gen_rvfi_pkg.sv(175) @ 248500: uvm_test_top.env.sb [isa_trap] dut trapped, model retired 1 trap=0 cause=00000000 (order=53 pc=80000110 insn=fe010113 trap=1 intr=0 rd=x2/80000380 mem=80000380 w0000 r1111 mode=3 cyc=243)
UVM_ERROR dv/auto_dv/env/gen_rvfi_pkg.sv(175) @ 249500: uvm_test_top.env.sb [isa_trap] dut trapped, model retired 1 trap=0 cause=00000000 (order=54 pc=80000112 insn=40228333 trap=1 intr=0 rd=x6/00000020 mem=00000020 w0000 r1111 mode=3 cyc=244)
UVM_ERROR dv/auto_dv/env/gen_rvfi_pkg.sv(175) @ 250500: uvm_test_top.env.sb [isa_trap] dut trapped, model retired 1 trap=0 cause=00000000 (order=55 pc=80000116 insn=02000393 trap=1 intr=0 rd=x7/00000020 mem=00000020 w0000 r1111 mode=3 cyc=245)
UVM_ERROR dv/auto_dv/env/gen_rvfi_pkg.sv(175) @ 251500: uvm_test_top.env.sb [isa_trap] dut trapped, model retired 1 trap=0 cause=00000000 (order=56 pc=8000011a insn=14731763 trap=1 intr=0 rd=x0/00000000 mem=00000000 w0000 r1111 mode=3 cyc=246)
UVM_ERROR dv/auto_dv/env/gen_rvfi_pkg.sv(175) @ 254500: uvm_test_top.env.sb [isa_trap] dut trapped, model retired 1 trap=0 cause=00000000 (order=57 pc=8000011e insn=00004e72 trap=1 intr=0 rd=x28/22222222 mem=8000039c w0000 r1111 mode=3 cyc=249)
UVM_ERROR dv/auto_dv/env/gen_rvfi_pkg.sv(175) @ 256500: uvm_test_top.env.sb [isa_trap] dut trapped, model retired 1 trap=0 cause=00000000 (order=58 pc=80000120 insn=148e1463 trap=1 intr=0 rd=x0/00000000 mem=00000000 w0000 r1111 mode=3 cyc=251)
UVM_ERROR dv/auto_dv/env/gen_rvfi_pkg.sv(175) @ 263500: uvm_test_top.env.sb [isa_trap] dut trapped, model retired 1 trap=0 cause=00000000 (order=59 pc=80000124 insn=00004e62 trap=1 intr=0 rd=x28/11111111 mem=80000398 w0000 r1111 mode=3 cyc=258)
UVM_ERROR dv/auto_dv/env/gen_rvfi_pkg.sv(175) @ 265500: uvm_test_top.env.sb [isa_trap] dut trapped, model retired 1 trap=0 cause=00000000 (order=60 pc=80000126 insn=141e1163 trap=1 intr=0 rd=x0/00000000 mem=00000000 w0000 r1111 mode=3 cyc=260)
UVM_ERROR dv/auto_dv/env/gen_rvfi_pkg.sv(175) @ 278500: uvm_test_top.env.sb [isa_trap] dut trapped, model retired 1 trap=0 cause=00000000 (order=63 pc=8000012a insn=02010113 trap=1 intr=0 rd=x2/800003a0 mem=800003a0 w0000 r1111 mode=3 cyc=273)
UVM_ERROR dv/auto_dv/env/gen_rvfi_pkg.sv(175) @ 279500: uvm_test_top.env.sb [isa_trap] dut trapped, model retired 1 trap=0 cause=00000000 (order=64 pc=8000012c insn=12511e63 trap=1 intr=0 rd=x0/00000000 mem=00000000 w0000 r1111 mode=3 cyc=274)
UVM_ERROR dv/auto_dv/env/gen_rvfi_pkg.sv(175) @ 280500: uvm_test_top.env.sb [isa_trap] dut trapped, model retired 1 trap=0 cause=00000000 (order=65 pc=80000130 insn=a0a0a537 trap=1 intr=0 rd=x10/a0a0a000 mem=a0a0a000 w0000 r1111 mode=3 cyc=275)
UVM_ERROR dv/auto_dv/env/gen_rvfi_pkg.sv(175) @ 281500: uvm_test_top.env.sb [isa_trap] dut trapped, model retired 1 trap=0 cause=00000000 (order=66 pc=80000134 insn=0a050513 trap=1 intr=0 rd=x10/a0a0a0a0 mem=a0a0a0a0 w0000 r1111 mode=3 cyc=276)
UVM_ERROR dv/auto_dv/env/gen_rvfi_pkg.sv(175) @ 282500: uvm_test_top.env.sb [isa_trap] dut trapped, model retired 1 trap=0 cause=00000000 (order=67 pc=80000138 insn=a1a1a5b7 trap=1 intr=0 rd=x11/a1a1a000 mem=a1a1a000 w0000 r1111 mode=3 cyc=277)
UVM_ERROR dv/auto_dv/env/gen_rvfi_pkg.sv(175) @ 283500: uvm_test_top.env.sb [isa_trap] dut trapped, model retired 1 trap=0 cause=00000000 (order=68 pc=8000013c insn=1a158593 trap=1 intr=0 rd=x11/a1a1a1a1 mem=a1a1a1a1 w0000 r1111 mode=3 cyc=278)
UVM_ERROR dv/auto_dv/env/gen_rvfi_pkg.sv(175) @ 286500: uvm_test_top.env.sb [isa_trap] dut trapped, model retired 1 trap=0 cause=00000000 (order=70 pc=80000140 insn=00058493 trap=1 intr=0 rd=x9/a1a1a1a1 mem=a1a1a1a1 w0000 r1111 mode=3 cyc=281)
UVM_ERROR dv/auto_dv/env/gen_rvfi_pkg.sv(175) @ 287500: uvm_test_top.env.sb [isa_trap] dut trapped, model retired 1 trap=0 cause=00000000 (order=71 pc=80000142 insn=a0a0ae37 trap=1 intr=0 rd=x28/a0a0a000 mem=a0a0a000 w0000 r1111 mode=3 cyc=282)
UVM_ERROR dv/auto_dv/env/gen_rvfi_pkg.sv(175) @ 291500: uvm_test_top.env.sb [isa_trap] dut trapped, model retired 1 trap=0 cause=00000000 (order=72 pc=80000146 insn=0a0e0e13 trap=1 intr=0 rd=x28/a0a0a0a0 mem=a0a0a0a0 w0000 r1111 mode=3 cyc=286)
UVM_ERROR dv/auto_dv/env/gen_rvfi_pkg.sv(175) @ 295500: uvm_test_top.env.sb [isa_trap] dut trapped, model retired 1 trap=0 cause=00000000 (order=73 pc=8000014a insn=11c41f63 trap=1 intr=0 rd=x0/00000000 mem=00000000 w0000 r1111 mode=3 cyc=290)
UVM_ERROR dv/auto_dv/env/gen_rvfi_pkg.sv(175) @ 296500: uvm_test_top.env.sb [isa_trap] dut trapped, model retired 1 trap=0 cause=00000000 (order=74 pc=8000014e insn=a1a1ae37 trap=1 intr=0 rd=x28/a1a1a000 mem=a1a1a000 w0000 r1111 mode=3 cyc=291)
UVM_ERROR dv/auto_dv/env/gen_rvfi_pkg.sv(175) @ 298500: uvm_test_top.env.sb [isa_trap] dut trapped, model retired 1 trap=0 cause=00000000 (order=75 pc=80000152 insn=1a1e0e13 trap=1 intr=0 rd=x28/a1a1a1a1 mem=a1a1a1a1 w0000 r1111 mode=3 cyc=293)
UVM_ERROR dv/auto_dv/env/gen_rvfi_pkg.sv(175) @ 304500: uvm_test_top.env.sb [isa_trap] dut trapped, model retired 1 trap=0 cause=00000000 (order=76 pc=80000156 insn=11c49963 trap=1 intr=0 rd=x0/00000000 mem=00000000 w0000 r1111 mode=3 cyc=299)
UVM_ERROR dv/auto_dv/env/gen_rvfi_pkg.sv(175) @ 305500: uvm_test_top.env.sb [isa_trap] dut trapped, model retired 1 trap=0 cause=00000000 (order=77 pc=8000015a insn=52525937 trap=1 intr=0 rd=x18/52525000 mem=52525000 w0000 r1111 mode=3 cyc=300)
UVM_ERROR dv/auto_dv/env/gen_rvfi_pkg.sv(175) @ 307500: uvm_test_top.env.sb [isa_trap] dut trapped, model retired 1 trap=0 cause=00000000 (order=78 pc=8000015e insn=25290913 trap=1 intr=0 rd=x18/52525252 mem=52525252 w0000 r1111 mode=3 cyc=302)
UVM_ERROR dv/auto_dv/env/gen_rvfi_pkg.sv(175) @ 308500: uvm_test_top.env.sb [isa_trap] dut trapped, model retired 1 trap=0 cause=00000000 (order=79 pc=80000162 insn=535359b7 trap=1 intr=0 rd=x19/53535000 mem=53535000 w0000 r1111 mode=3 cyc=303)
UVM_ERROR dv/auto_dv/env/gen_rvfi_pkg.sv(175) @ 313500: uvm_test_top.env.sb [isa_trap] dut trapped, model retired 1 trap=0 cause=00000000 (order=80 pc=80000166 insn=35398993 trap=1 intr=0 rd=x19/53535353 mem=53535353 w0000 r1111 mode=3 cyc=308)
UVM_ERROR dv/auto_dv/env/gen_rvfi_pkg.sv(175) @ 314500: uvm_test_top.env.sb [isa_trap] dut trapped, model retired 1 trap=0 cause=00000000 (order=81 pc=8000016a insn=00004501 trap=1 intr=0 rd=x10/00000000 mem=00000000 w0000 r1111 mode=3 cyc=309)
UVM_ERROR dv/auto_dv/env/gen_rvfi_pkg.sv(175) @ 317500: uvm_test_top.env.sb [isa_trap] dut trapped, model retired 1 trap=0 cause=00000000 (order=82 pc=8000016c insn=00004581 trap=1 intr=0 rd=x11/00000000 mem=00000000 w0000 r1111 mode=3 cyc=312)
UVM_ERROR dv/auto_dv/env/gen_rvfi_pkg.sv(175) @ 319500: uvm_test_top.env.sb [isa_trap] dut trapped, model retired 1 trap=0 cause=00000000 (order=84 pc=8000016e insn=00098593 trap=1 intr=0 rd=x11/53535353 mem=53535353 w0000 r1111 mode=3 cyc=314)
UVM_ERROR dv/auto_dv/env/gen_rvfi_pkg.sv(175) @ 320500: uvm_test_top.env.sb [isa_trap] dut trapped, model retired 1 trap=0 cause=00000000 (order=85 pc=80000170 insn=52525e37 trap=1 intr=0 rd=x28/52525000 mem=52525000 w0000 r1111 mode=3 cyc=315)
UVM_ERROR dv/auto_dv/env/gen_rvfi_pkg.sv(175) @ 321500: uvm_test_top.env.sb [isa_trap] dut trapped, model retired 1 trap=0 cause=00000000 (order=86 pc=80000174 insn=252e0e13 trap=1 intr=0 rd=x28/52525252 mem=52525252 w0000 r1111 mode=3 cyc=316)
UVM_ERROR dv/auto_dv/env/gen_rvfi_pkg.sv(175) @ 323500: uvm_test_top.env.sb [isa_trap] dut trapped, model retired 1 trap=0 cause=00000000 (order=87 pc=80000178 insn=0fc51863 trap=1 intr=0 rd=x0/00000000 mem=00000000 w0000 r1111 mode=3 cyc=318)
UVM_ERROR dv/auto_dv/env/gen_rvfi_pkg.sv(175) @ 328500: uvm_test_top.env.sb [isa_trap] dut trapped, model retired 1 trap=0 cause=00000000 (order=88 pc=8000017c insn=53535e37 trap=1 intr=0 rd=x28/53535000 mem=53535000 w0000 r1111 mode=3 cyc=323)
UVM_ERROR dv/auto_dv/env/gen_rvfi_pkg.sv(175) @ 330500: uvm_test_top.env.sb [isa_trap] dut trapped, model retired 1 trap=0 cause=00000000 (order=89 pc=80000180 insn=353e0e13 trap=1 intr=0 rd=x28/53535353 mem=53535353 w0000 r1111 mode=3 cyc=325)
UVM_ERROR dv/auto_dv/env/gen_rvfi_pkg.sv(175) @ 335500: uvm_test_top.env.sb [isa_trap] dut trapped, model retired 1 trap=0 cause=00000000 (order=90 pc=80000184 insn=0fc59263 trap=1 intr=0 rd=x0/00000000 mem=00000000 w0000 r1111 mode=3 cyc=330)
UVM_ERROR dv/auto_dv/env/gen_rvfi_pkg.sv(175) @ 337500: uvm_test_top.env.sb [isa_trap] dut trapped, model retired 1 trap=0 cause=00000000 (order=91 pc=80000188 insn=00000417 trap=1 intr=0 rd=x8/80000188 mem=80000188 w0000 r1111 mode=3 cyc=332)
UVM_ERROR dv/auto_dv/env/gen_rvfi_pkg.sv(175) @ 341500: uvm_test_top.env.sb [isa_trap] dut trapped, model retired 1 trap=0 cause=00000000 (order=92 pc=8000018c insn=10840413 trap=1 intr=0 rd=x8/80000290 mem=80000290 w0000 r1111 mode=3 cyc=336)
UVM_ERROR dv/auto_dv/env/gen_rvfi_pkg.sv(175) @ 344500: uvm_test_top.env.sb [isa_trap] dut trapped, model retired 1 trap=0 cause=00000000 (order=93 pc=80000190 insn=f8500493 trap=1 intr=0 rd=x9/ffffff85 mem=ffffff85 w0000 r1111 mode=3 cyc=339)
UVM_ERROR dv/auto_dv/env/gen_rvfi_pkg.sv(175) @ 351500: uvm_test_top.env.sb [isa_trap] dut trapped, model retired 1 trap=0 cause=00000000 (order=94 pc=80000194 insn=00008844 trap=1 intr=0 rd=x0/00000000 mem=80000291 w0001 r0000 mode=3 cyc=346)
UVM_ERROR dv/auto_dv/env/gen_rvfi_pkg.sv(175) @ 352500: uvm_test_top.env.sb [isa_trap] dut trapped, model retired 1 trap=0 cause=00000000 (order=95 pc=80000196 insn=00006485 trap=1 intr=0 rd=x9/00001000 mem=00001000 w0000 r1111 mode=3 cyc=347)
UVM_ERROR dv/auto_dv/env/gen_rvfi_pkg.sv(175) @ 353500: uvm_test_top.env.sb [isa_trap] dut trapped, model retired 1 trap=0 cause=00000000 (order=96 pc=80000198 insn=23448493 trap=1 intr=0 rd=x9/00001234 mem=00001234 w0000 r1111 mode=3 cyc=348)
UVM_ERROR dv/auto_dv/env/gen_rvfi_pkg.sv(175) @ 359500: uvm_test_top.env.sb [isa_trap] dut trapped, model retired 1 trap=0 cause=00000000 (order=97 pc=8000019c insn=00008c24 trap=1 intr=0 rd=x0/00000000 mem=80000292 w0011 r0000 mode=3 cyc=354)
UVM_ERROR dv/auto_dv/env/gen_rvfi_pkg.sv(175) @ 367500: uvm_test_top.env.sb [isa_trap] dut trapped, model retired 1 trap=0 cause=00000000 (order=98 pc=8000019e insn=00008048 trap=1 intr=0 rd=x10/00000085 mem=80000291 w0000 r0001 mode=3 cyc=362)
UVM_ERROR dv/auto_dv/env/gen_rvfi_pkg.sv(175) @ 368500: uvm_test_top.env.sb [isa_trap] dut trapped, model retired 1 trap=0 cause=00000000 (order=99 pc=800001a0 insn=08500e13 trap=1 intr=0 rd=x28/00000085 mem=00000085 w0000 r1111 mode=3 cyc=363)
UVM_ERROR dv/auto_dv/env/gen_rvfi_pkg.sv(175) @ 369500: uvm_test_top.env.sb [isa_trap] dut trapped, model retired 1 trap=0 cause=00000000 (order=100 pc=800001a4 insn=0dc51263 trap=1 intr=0 rd=x0/00000000 mem=00000000 w0000 r1111 mode=3 cyc=364)
UVM_ERROR dv/auto_dv/env/gen_rvfi_pkg.sv(175) @ 373500: uvm_test_top.env.sb [isa_trap] dut trapped, model retired 1 trap=0 cause=00000000 (order=101 pc=800001a8 insn=00008428 trap=1 intr=0 rd=x10/00001234 mem=80000292 w0000 r0011 mode=3 cyc=368)
UVM_ERROR dv/auto_dv/env/gen_rvfi_pkg.sv(175) @ 374500: uvm_test_top.env.sb [isa_trap] dut trapped, model retired 1 trap=0 cause=00000000 (order=102 pc=800001aa insn=00006e05 trap=1 intr=0 rd=x28/00001000 mem=00001000 w0000 r1111 mode=3 cyc=369)
UVM_ERROR dv/auto_dv/env/gen_rvfi_pkg.sv(175) @ 375500: uvm_test_top.env.sb [isa_trap] dut trapped, model retired 1 trap=0 cause=00000000 (order=103 pc=800001ac insn=234e0e13 trap=1 intr=0 rd=x28/00001234 mem=00001234 w0000 r1111 mode=3 cyc=370)
UVM_ERROR dv/auto_dv/env/gen_rvfi_pkg.sv(175) @ 376500: uvm_test_top.env.sb [isa_trap] dut trapped, model retired 1 trap=0 cause=00000000 (order=104 pc=800001b0 insn=0bc51c63 trap=1 intr=0 rd=x0/00000000 mem=00000000 w0000 r1111 mode=3 cyc=371)
UVM_ERROR dv/auto_dv/env/gen_rvfi_pkg.sv(175) @ 377500: uvm_test_top.env.sb [isa_trap] dut trapped, model retired 1 trap=0 cause=00000000 (order=105 pc=800001b4 insn=000074e1 trap=1 intr=0 rd=x9/ffff8000 mem=ffff8000 w0000 r1111 mode=3 cyc=372)
UVM_ERROR dv/auto_dv/env/gen_rvfi_pkg.sv(175) @ 378500: uvm_test_top.env.sb [isa_trap] dut trapped, model retired 1 trap=0 cause=00000000 (order=106 pc=800001b6 insn=00000485 trap=1 intr=0 rd=x9/ffff8001 mem=ffff8001 w0000 r1111 mode=3 cyc=373)
UVM_ERROR dv/auto_dv/env/gen_rvfi_pkg.sv(175) @ 384500: uvm_test_top.env.sb [isa_trap] dut trapped, model retired 1 trap=0 cause=00000000 (order=107 pc=800001b8 insn=00008c04 trap=1 intr=0 rd=x0/00000000 mem=80000290 w0011 r0000 mode=3 cyc=379)
UVM_ERROR dv/auto_dv/env/gen_rvfi_pkg.sv(175) @ 390500: uvm_test_top.env.sb [isa_trap] dut trapped, model retired 1 trap=0 cause=00000000 (order=108 pc=800001ba insn=00008448 trap=1 intr=0 rd=x10/ffff8001 mem=80000290 w0000 r0011 mode=3 cyc=385)
UVM_ERROR dv/auto_dv/env/gen_rvfi_pkg.sv(175) @ 391500: uvm_test_top.env.sb [isa_trap] dut trapped, model retired 1 trap=0 cause=00000000 (order=109 pc=800001bc insn=00007e61 trap=1 intr=0 rd=x28/ffff8000 mem=ffff8000 w0000 r1111 mode=3 cyc=386)
UVM_ERROR dv/auto_dv/env/gen_rvfi_pkg.sv(175) @ 392500: uvm_test_top.env.sb [isa_trap] dut trapped, model retired 1 trap=0 cause=00000000 (order=110 pc=800001be insn=00000e05 trap=1 intr=0 rd=x28/ffff8001 mem=ffff8001 w0000 r1111 mode=3 cyc=387)
UVM_ERROR dv/auto_dv/env/gen_rvfi_pkg.sv(175) @ 393500: uvm_test_top.env.sb [isa_trap] dut trapped, model retired 1 trap=0 cause=00000000 (order=111 pc=800001c0 insn=0bc51463 trap=1 intr=0 rd=x0/00000000 mem=00000000 w0000 r1111 mode=3 cyc=388)
UVM_ERROR dv/auto_dv/env/gen_rvfi_pkg.sv(175) @ 394500: uvm_test_top.env.sb [isa_trap] dut trapped, model retired 1 trap=0 cause=00000000 (order=112 pc=800001c4 insn=12345637 trap=1 intr=0 rd=x12/12345000 mem=12345000 w0000 r1111 mode=3 cyc=389)
UVM_ERROR dv/auto_dv/env/gen_rvfi_pkg.sv(175) @ 395500: uvm_test_top.env.sb [isa_trap] dut trapped, model retired 1 trap=0 cause=00000000 (order=113 pc=800001c8 insn=67860613 trap=1 intr=0 rd=x12/12345678 mem=12345678 w0000 r1111 mode=3 cyc=390)
UVM_ERROR dv/auto_dv/env/gen_rvfi_pkg.sv(175) @ 396500: uvm_test_top.env.sb [isa_trap] dut trapped, model retired 1 trap=0 cause=00000000 (order=114 pc=800001cc insn=00009e61 trap=1 intr=0 rd=x12/00000078 mem=12345777 w0000 r1111 mode=3 cyc=391)
UVM_ERROR dv/auto_dv/env/gen_rvfi_pkg.sv(175) @ 397500: uvm_test_top.env.sb [isa_trap] dut trapped, model retired 1 trap=0 cause=00000000 (order=115 pc=800001ce insn=07800e13 trap=1 intr=0 rd=x28/00000078 mem=00000078 w0000 r1111 mode=3 cyc=392)
UVM_ERROR dv/auto_dv/env/gen_rvfi_pkg.sv(175) @ 399500: uvm_test_top.env.sb [isa_trap] dut trapped, model retired 1 trap=0 cause=00000000 (order=116 pc=800001d2 insn=09c61b63 trap=1 intr=0 rd=x0/00000000 mem=00000000 w0000 r1111 mode=3 cyc=394)
UVM_ERROR dv/auto_dv/env/gen_rvfi_pkg.sv(175) @ 404500: uvm_test_top.env.sb [isa_trap] dut trapped, model retired 1 trap=0 cause=00000000 (order=117 pc=800001d6 insn=12345637 trap=1 intr=0 rd=x12/12345000 mem=12345000 w0000 r1111 mode=3 cyc=399)
UVM_ERROR dv/auto_dv/env/gen_rvfi_pkg.sv(175) @ 405500: uvm_test_top.env.sb [isa_trap] dut trapped, model retired 1 trap=0 cause=00000000 (order=118 pc=800001da insn=68060613 trap=1 intr=0 rd=x12/12345680 mem=12345680 w0000 r1111 mode=3 cyc=400)
UVM_ERROR dv/auto_dv/env/gen_rvfi_pkg.sv(175) @ 406500: uvm_test_top.env.sb [isa_trap] dut trapped, model retired 1 trap=0 cause=00000000 (order=119 pc=800001de insn=00009e65 trap=1 intr=0 rd=x12/ffffff80 mem=12345c84 w0000 r1111 mode=3 cyc=401)
UVM_ERROR dv/auto_dv/env/gen_rvfi_pkg.sv(175) @ 407500: uvm_test_top.env.sb [isa_trap] dut trapped, model retired 1 trap=0 cause=00000000 (order=120 pc=800001e0 insn=f8000e13 trap=1 intr=0 rd=x28/ffffff80 mem=ffffff80 w0000 r1111 mode=3 cyc=402)
UVM_ERROR dv/auto_dv/env/gen_rvfi_pkg.sv(175) @ 408500: uvm_test_top.env.sb [isa_trap] dut trapped, model retired 1 trap=0 cause=00000000 (order=121 pc=800001e4 insn=09c61263 trap=1 intr=0 rd=x0/00000000 mem=00000000 w0000 r1111 mode=3 cyc=403)
UVM_ERROR dv/auto_dv/env/gen_rvfi_pkg.sv(175) @ 414500: uvm_test_top.env.sb [isa_trap] dut trapped, model retired 1 trap=0 cause=00000000 (order=122 pc=800001e8 insn=1234b637 trap=1 intr=0 rd=x12/1234b000 mem=1234b000 w0000 r1111 mode=3 cyc=409)
UVM_ERROR dv/auto_dv/env/gen_rvfi_pkg.sv(175) @ 415500: uvm_test_top.env.sb [isa_trap] dut trapped, model retired 1 trap=0 cause=00000000 (order=123 pc=800001ec insn=bcd60613 trap=1 intr=0 rd=x12/1234abcd mem=1234abcd w0000 r1111 mode=3 cyc=410)
UVM_ERROR dv/auto_dv/env/gen_rvfi_pkg.sv(175) @ 416500: uvm_test_top.env.sb [isa_trap] dut trapped, model retired 1 trap=0 cause=00000000 (order=124 pc=800001f0 insn=00009e69 trap=1 intr=0 rd=x12/0000abcd mem=1234abcd w0000 r1111 mode=3 cyc=411)
UVM_ERROR dv/auto_dv/env/gen_rvfi_pkg.sv(175) @ 417500: uvm_test_top.env.sb [isa_trap] dut trapped, model retired 1 trap=0 cause=00000000 (order=125 pc=800001f2 insn=00006e2d trap=1 intr=0 rd=x28/0000b000 mem=0000b000 w0000 r1111 mode=3 cyc=412)
UVM_ERROR dv/auto_dv/env/gen_rvfi_pkg.sv(175) @ 421500: uvm_test_top.env.sb [isa_trap] dut trapped, model retired 1 trap=0 cause=00000000 (order=126 pc=800001f4 insn=bcde0e13 trap=1 intr=0 rd=x28/0000abcd mem=0000abcd w0000 r1111 mode=3 cyc=416)
UVM_ERROR dv/auto_dv/env/gen_rvfi_pkg.sv(175) @ 423500: uvm_test_top.env.sb [isa_trap] dut trapped, model retired 1 trap=0 cause=00000000 (order=127 pc=800001f8 insn=07c61863 trap=1 intr=0 rd=x0/00000000 mem=00000000 w0000 r1111 mode=3 cyc=418)
UVM_ERROR dv/auto_dv/env/gen_rvfi_pkg.sv(175) @ 427500: uvm_test_top.env.sb [isa_trap] dut trapped, model retired 1 trap=0 cause=00000000 (order=128 pc=800001fc insn=1234b637 trap=1 intr=0 rd=x12/1234b000 mem=1234b000 w0000 r1111 mode=3 cyc=422)
UVM_ERROR dv/auto_dv/env/gen_rvfi_pkg.sv(175) @ 430500: uvm_test_top.env.sb [isa_trap] dut trapped, model retired 1 trap=0 cause=00000000 (order=129 pc=80000200 insn=bcd60613 trap=1 intr=0 rd=x12/1234abcd mem=1234abcd w0000 r1111 mode=3 cyc=425)
UVM_ERROR dv/auto_dv/env/gen_rvfi_pkg.sv(175) @ 432500: uvm_test_top.env.sb [isa_trap] dut trapped, model retired 1 trap=0 cause=00000000 (order=130 pc=80000204 insn=00009e6d trap=1 intr=0 rd=x12/ffffabcd mem=1234b1d2 w0000 r1111 mode=3 cyc=427)
UVM_ERROR dv/auto_dv/env/gen_rvfi_pkg.sv(175) @ 433500: uvm_test_top.env.sb [isa_trap] dut trapped, model retired 1 trap=0 cause=00000000 (order=131 pc=80000206 insn=00007e6d trap=1 intr=0 rd=x28/ffffb000 mem=ffffb000 w0000 r1111 mode=3 cyc=428)
UVM_ERROR dv/auto_dv/env/gen_rvfi_pkg.sv(175) @ 436500: uvm_test_top.env.sb [isa_trap] dut trapped, model retired 1 trap=0 cause=00000000 (order=132 pc=80000208 insn=bcde0e13 trap=1 intr=0 rd=x28/ffffabcd mem=ffffabcd w0000 r1111 mode=3 cyc=431)
UVM_ERROR dv/auto_dv/env/gen_rvfi_pkg.sv(175) @ 437500: uvm_test_top.env.sb [isa_trap] dut trapped, model retired 1 trap=0 cause=00000000 (order=133 pc=8000020c insn=05c61e63 trap=1 intr=0 rd=x0/00000000 mem=00000000 w0000 r1111 mode=3 cyc=432)
UVM_ERROR dv/auto_dv/env/gen_rvfi_pkg.sv(175) @ 442500: uvm_test_top.env.sb [isa_trap] dut trapped, model retired 1 trap=0 cause=00000000 (order=134 pc=80000210 insn=0f0f1637 trap=1 intr=0 rd=x12/0f0f1000 mem=0f0f1000 w0000 r1111 mode=3 cyc=437)
UVM_ERROR dv/auto_dv/env/gen_rvfi_pkg.sv(175) @ 443500: uvm_test_top.env.sb [isa_trap] dut trapped, model retired 1 trap=0 cause=00000000 (order=135 pc=80000214 insn=f0f60613 trap=1 intr=0 rd=x12/0f0f0f0f mem=0f0f0f0f w0000 r1111 mode=3 cyc=438)
UVM_ERROR dv/auto_dv/env/gen_rvfi_pkg.sv(175) @ 447500: uvm_test_top.env.sb [isa_trap] dut trapped, model retired 1 trap=0 cause=00000000 (order=136 pc=80000218 insn=00009e75 trap=1 intr=0 rd=x12/f0f0f0f0 mem=0f0f0f0e w0000 r1111 mode=3 cyc=442)
UVM_ERROR dv/auto_dv/env/gen_rvfi_pkg.sv(175) @ 450500: uvm_test_top.env.sb [isa_trap] dut trapped, model retired 1 trap=0 cause=00000000 (order=137 pc=8000021a insn=f0f0fe37 trap=1 intr=0 rd=x28/f0f0f000 mem=f0f0f000 w0000 r1111 mode=3 cyc=445)
UVM_ERROR dv/auto_dv/env/gen_rvfi_pkg.sv(175) @ 453500: uvm_test_top.env.sb [isa_trap] dut trapped, model retired 1 trap=0 cause=00000000 (order=138 pc=8000021e insn=0f0e0e13 trap=1 intr=0 rd=x28/f0f0f0f0 mem=f0f0f0f0 w0000 r1111 mode=3 cyc=448)
UVM_ERROR dv/auto_dv/env/gen_rvfi_pkg.sv(175) @ 454500: uvm_test_top.env.sb [isa_trap] dut trapped, model retired 1 trap=0 cause=00000000 (order=139 pc=80000222 insn=05c61363 trap=1 intr=0 rd=x0/00000000 mem=00000000 w0000 r1111 mode=3 cyc=449)
UVM_ERROR dv/auto_dv/env/gen_rvfi_pkg.sv(175) @ 455500: uvm_test_top.env.sb [isa_trap] dut trapped, model retired 1 trap=0 cause=00000000 (order=140 pc=80000226 insn=0000461d trap=1 intr=0 rd=x12/00000007 mem=00000007 w0000 r1111 mode=3 cyc=450)
UVM_ERROR dv/auto_dv/env/gen_rvfi_pkg.sv(175) @ 456500: uvm_test_top.env.sb [isa_trap] dut trapped, model retired 1 trap=0 cause=00000000 (order=141 pc=80000228 insn=000056e9 trap=1 intr=0 rd=x13/fffffffa mem=fffffffa w0000 r1111 mode=3 cyc=451)
UVM_ERROR dv/auto_dv/env/gen_rvfi_pkg.sv(175) @ 457500: uvm_test_top.env.sb [isa_trap] dut trapped, model retired 1 trap=0 cause=00000000 (order=142 pc=8000022a insn=00009e55 trap=1 intr=0 rd=x12/ffffffd6 mem=00000006 w0000 r1111 mode=3 cyc=452)
UVM_ERROR dv/auto_dv/env/gen_rvfi_pkg.sv(175) @ 461500: uvm_test_top.env.sb [isa_trap] dut trapped, model retired 1 trap=0 cause=00000000 (order=143 pc=8000022c insn=fd600e13 trap=1 intr=0 rd=x28/ffffffd6 mem=ffffffd6 w0000 r1111 mode=3 cyc=456)
UVM_ERROR dv/auto_dv/env/gen_rvfi_pkg.sv(175) @ 463500: uvm_test_top.env.sb [isa_trap] dut trapped, model retired 1 trap=0 cause=00000000 (order=144 pc=80000230 insn=03c61c63 trap=1 intr=0 rd=x0/00000000 mem=00000000 w0000 r1111 mode=3 cyc=458)
UVM_ERROR dv/auto_dv/env/gen_rvfi_pkg.sv(175) @ 465500: uvm_test_top.env.sb [isa_trap] dut trapped, model retired 1 trap=0 cause=00000000 (order=145 pc=80000234 insn=00000097 trap=1 intr=0 rd=x1/80000234 mem=80000234 w0000 r1111 mode=3 cyc=460)
UVM_ERROR dv/auto_dv/env/gen_rvfi_pkg.sv(175) @ 471500: uvm_test_top.env.sb [isa_trap] dut trapped, model retired 1 trap=0 cause=00000000 (order=146 pc=80000238 insn=01008093 trap=1 intr=0 rd=x1/80000244 mem=80000244 w0000 r1111 mode=3 cyc=466)
UVM_ERROR dv/auto_dv/env/gen_rvfi_pkg.sv(175) @ 478500: uvm_test_top.env.sb [isa_trap] dut trapped, model retired 1 trap=0 cause=00000000 (order=148 pc=8000023c insn=ff010113 trap=1 intr=0 rd=x2/80000390 mem=80000390 w0000 r1111 mode=3 cyc=473)
UVM_ERROR dv/auto_dv/env/gen_rvfi_pkg.sv(175) @ 479500: uvm_test_top.env.sb [isa_trap] dut trapped, model retired 1 trap=0 cause=00000000 (order=149 pc=8000023e insn=00004081 trap=1 intr=0 rd=x1/00000000 mem=00000000 w0000 r1111 mode=3 cyc=474)
UVM_ERROR dv/auto_dv/env/gen_rvfi_pkg.sv(175) @ 488500: uvm_test_top.env.sb [isa_trap] dut trapped, model retired 1 trap=0 cause=00000000 (order=152 pc=80000240 insn=00008067 trap=1 intr=0 rd=x0/00000000 mem=80000242 w0000 r1111 mode=3 cyc=483)
UVM_ERROR dv/auto_dv/env/gen_rvfi_pkg.sv(175) @ 494500: uvm_test_top.env.sb [isa_trap] dut trapped, model retired 1 trap=0 cause=00000000 (order=153 pc=80000244 insn=02511263 trap=1 intr=0 rd=x0/00000000 mem=00000000 w0000 r1111 mode=3 cyc=489)
UVM_ERROR dv/auto_dv/env/gen_rvfi_pkg.sv(175) @ 496500: uvm_test_top.env.sb [isa_trap] dut trapped, model retired 1 trap=0 cause=00000000 (order=154 pc=80000248 insn=00000097 trap=1 intr=0 rd=x1/80000248 mem=80000248 w0000 r1111 mode=3 cyc=491)
UVM_ERROR dv/auto_dv/env/gen_rvfi_pkg.sv(175) @ 497500: uvm_test_top.env.sb [isa_trap] dut trapped, model retired 1 trap=0 cause=00000000 (order=155 pc=8000024c insn=01608093 trap=1 intr=0 rd=x1/8000025e mem=8000025e w0000 r1111 mode=3 cyc=492)
UVM_ERROR dv/auto_dv/env/gen_rvfi_pkg.sv(175) @ 506500: uvm_test_top.env.sb [isa_trap] dut trapped, model retired 1 trap=0 cause=00000000 (order=157 pc=80000250 insn=ff010113 trap=1 intr=0 rd=x2/80000390 mem=80000390 w0000 r1111 mode=3 cyc=501)
UVM_ERROR dv/auto_dv/env/gen_rvfi_pkg.sv(175) @ 507500: uvm_test_top.env.sb [isa_trap] dut trapped, model retired 1 trap=0 cause=00000000 (order=158 pc=80000252 insn=5a5a6537 trap=1 intr=0 rd=x10/5a5a6000 mem=5a5a6000 w0000 r1111 mode=3 cyc=502)
UVM_ERROR dv/auto_dv/env/gen_rvfi_pkg.sv(175) @ 508500: uvm_test_top.env.sb [isa_trap] dut trapped, model retired 1 trap=0 cause=00000000 (order=159 pc=80000256 insn=a5a50513 trap=1 intr=0 rd=x10/5a5a5a5a mem=5a5a5a5a w0000 r1111 mode=3 cyc=503)
UVM_ERROR dv/auto_dv/env/gen_rvfi_pkg.sv(175) @ 516500: uvm_test_top.env.sb [isa_trap] dut trapped, model retired 1 trap=0 cause=00000000 (order=163 pc=8000025a insn=00008067 trap=1 intr=0 rd=x0/00000000 mem=8000025c w0000 r1111 mode=3 cyc=511)
UVM_ERROR dv/auto_dv/env/gen_rvfi_pkg.sv(175) @ 522500: uvm_test_top.env.sb [isa_trap] dut trapped, model retired 1 trap=0 cause=00000000 (order=164 pc=8000025e insn=0000e509 trap=1 intr=0 rd=x0/00000000 mem=00000000 w0000 r1111 mode=3 cyc=517)
UVM_ERROR dv/auto_dv/env/gen_rvfi_pkg.sv(175) @ 525500: uvm_test_top.env.sb [isa_trap] dut trapped, model retired 1 trap=0 cause=00000000 (order=165 pc=80000260 insn=00511463 trap=1 intr=0 rd=x0/00000000 mem=00000000 w0000 r1111 mode=3 cyc=520)
UVM_ERROR dv/auto_dv/env/gen_rvfi_pkg.sv(175) @ 529500: uvm_test_top.env.sb [isa_trap] dut trapped, model retired 1 trap=0 cause=00000000 (order=166 pc=80000264 insn=00004185 trap=1 intr=0 rd=x3/00000001 mem=00000001 w0000 r1111 mode=3 cyc=524)
UVM_ERROR dv/auto_dv/env/gen_rvfi_pkg.sv(175) @ 530500: uvm_test_top.env.sb [isa_trap] dut trapped, model retired 1 trap=0 cause=00000000 (order=167 pc=80000266 insn=0000a011 trap=1 intr=0 rd=x0/00000000 mem=80000268 w0000 r1111 mode=3 cyc=525)
UVM_ERROR dv/auto_dv/env/gen_rvfi_pkg.sv(175) @ 541500: uvm_test_top.env.sb [isa_trap] dut trapped, model retired 1 trap=0 cause=00000000 (order=168 pc=8000026a insn=00000f17 trap=1 intr=0 rd=x30/8000026a mem=8000026a w0000 r1111 mode=3 cyc=536)
UVM_ERROR dv/auto_dv/env/gen_rvfi_pkg.sv(175) @ 546500: uvm_test_top.env.sb [isa_trap] dut trapped, model retired 1 trap=0 cause=00000000 (order=169 pc=8000026e insn=016f0f13 trap=1 intr=0 rd=x30/80000280 mem=80000280 w0000 r1111 mode=3 cyc=541)
UVM_INFO @ 549000: reporter [GEN_EOT] end-of-test store 0x00000001 at 0x80000280 (store 1)
$finish at simulation time               553501
"dv/auto_dv/tb/gen_bus_if.sv", 49: gen_tb_top.u_dbus_if.cov_rvalid_legal, 554 attempts, 29 match
"dv/auto_dv/tb/gen_bus_if.sv", 49: gen_tb_top.u_ibus_if.cov_rvalid_legal, 554 attempts, 141 match
           V C S   S i m u l a t i o n   R e p o r t 
Time: 5535010 ps
CPU Time:      0.420 seconds;       Data structure size:   8.8Mb
Thu Sep  3 05:12:54 2026
