Command: urg -full64 -format both -dbname /proj_soc/user_dev/fzhang/ibex_dv_out/regress_round_0_dryrun/cov_unmeasured/merged.vdb -report /proj_soc/user_dev/fzhang/ibex_dv_out/regress_round_0_dryrun/cov_unmeasured/report -log /proj_soc/user_dev/fzhang/ibex_dv_out/regress_round_0_dryrun/cov_unmeasured/merge.log -show ratios -dir /proj_soc/user_dev/fzhang/ibex_dv_out/regress_round_0_dryrun/cov_unmeasured/gen_smoke.vdb -dir /proj_soc/user_dev/fzhang/ibex_dv_out/regress_round_0_dryrun/cov_unmeasured/gen_smoke_cocotb.vdb -dump full_exclusions
Date: Thu Sep  3 02:49:44 2026

URG Version X-2025.06-SP2 Copyright (c) 1991-2025 by Synopsys Inc.

Note-[URG-RATIO] URG show ratios
  URG '-show ratios' option will turn on '-group ratio' automatically.
  Please check the scores in group pages.


Note-[UCAPI-RCGLTCH] A Probable Coverage Glitch
  Unreachable objects might have been covered due to a possible race condition
  in the design. Compiling the design with -cm_glitch 0 might help to resolve 
  it.


Warning-[UCAPI-CSM] Coverage status mismatch
/localdev/fzhang/ws/ibex-challenge/rtl/ibex_cheriot_ex.sv, 970
Module ibex_cheriot_ex
  Condition metric object having signature "(cheriot_enable_i != 
  ibex_pkg::IbexMuBiOn) 1 0" is found to be marked as unreachable at compile 
  time in base database, but covered in simulation in one of the databases.


Warning-[UCAPI-CSM] Coverage status mismatch
/localdev/fzhang/ws/ibex-challenge/rtl/ibex_cs_registers.sv, 377
Module ibex_cs_registers
  Condition metric object having signature "(cheriot_enable_i != 
  ibex_pkg::IbexMuBiOn) 1 0" is found to be marked as unreachable at compile 
  time in base database, but covered in simulation in one of the databases.


Warning-[UCAPI-CSM] Coverage status mismatch
/localdev/fzhang/ws/ibex-challenge/rtl/ibex_cs_registers.sv, 1020
Module ibex_cs_registers
  Condition metric object having signature "(cheriot_enable_i != 
  ibex_pkg::IbexMuBiOn) 1 0" is found to be marked as unreachable at compile 
  time in base database, but covered in simulation in one of the databases.


Warning-[UCAPI-CSM] Coverage status mismatch
/localdev/fzhang/ws/ibex-challenge/rtl/ibex_core.sv, 648
Module ibex_core
  Condition metric object having signature "(fetch_enable_i == 
  ibex_pkg::IbexMuBiOn) 1 0" is found to be marked as unreachable at compile 
  time in base database, but covered in simulation in one of the databases.


Warning-[UCAPI-CSM] Coverage status mismatch
/localdev/fzhang/ws/ibex-challenge/rtl/ibex_core.sv, 649
Module ibex_core
  Condition metric object having signature "(fetch_enable_i == 
  ibex_pkg::IbexMuBiOn) 1 0" is found to be marked as unreachable at compile 
  time in base database, but covered in simulation in one of the databases.


Warning-[UCAPI-CSM] Coverage status mismatch
/localdev/fzhang/ws/ibex-challenge/rtl/ibex_core.sv, 1343
Module ibex_core
  Condition metric object having signature "(cheriot_enable_i == 
  ibex_pkg::IbexMuBiOff) 1 0" is found to be marked as unreachable at compile 
  time in base database, but covered in simulation in one of the databases.


Warning-[UCAPI-CSM] Coverage status mismatch
/localdev/fzhang/ws/ibex-challenge/rtl/ibex_core.sv, 1414
Module ibex_core
  Condition metric object having signature "(fetch_enable_i == 
  ibex_pkg::IbexMuBiOn) 1 0" is found to be marked as unreachable at compile 
  time in base database, but covered in simulation in one of the databases.


Warning-[UCAPI-CSM] Coverage status mismatch
/localdev/fzhang/ws/ibex-challenge/rtl/ibex_cheriot_ex.sv, 970
Module ibex_cheriot_ex
  Condition metric object having signature "(cheriot_enable_i != 
  ibex_pkg::IbexMuBiOn) 1 0" is found to be marked as unreachable at compile 
  time in base database, but covered in simulation in one of the databases.


Warning-[UCAPI-CSM] Coverage status mismatch
/localdev/fzhang/ws/ibex-challenge/rtl/ibex_cs_registers.sv, 377
Module ibex_cs_registers
  Condition metric object having signature "(cheriot_enable_i != 
  ibex_pkg::IbexMuBiOn) 1 0" is found to be marked as unreachable at compile 
  time in base database, but covered in simulation in one of the databases.


Warning-[UCAPI-CSM] Coverage status mismatch
/localdev/fzhang/ws/ibex-challenge/rtl/ibex_cs_registers.sv, 1020
Module ibex_cs_registers
  Condition metric object having signature "(cheriot_enable_i != 
  ibex_pkg::IbexMuBiOn) 1 0" is found to be marked as unreachable at compile 
  time in base database, but covered in simulation in one of the databases.


Warning-[UCAPI-CSM] Coverage status mismatch
/localdev/fzhang/ws/ibex-challenge/rtl/ibex_core.sv, 1414
Module ibex_core
  Condition metric object having signature "(fetch_enable_i == 
  ibex_pkg::IbexMuBiOn) 1 0" is found to be marked as unreachable at compile 
  time in base database, but covered in simulation in one of the databases.


Warning-[UCAPI-CSM] Coverage status mismatch
/localdev/fzhang/ws/ibex-challenge/rtl/ibex_core.sv, 648
Module ibex_core
  Condition metric object having signature "(fetch_enable_i == 
  ibex_pkg::IbexMuBiOn) 1 0" is found to be marked as unreachable at compile 
  time in base database, but covered in simulation in one of the databases.


Warning-[UCAPI-CSM] Coverage status mismatch
/localdev/fzhang/ws/ibex-challenge/rtl/ibex_core.sv, 649
Module ibex_core
  Condition metric object having signature "(fetch_enable_i == 
  ibex_pkg::IbexMuBiOn) 1 0" is found to be marked as unreachable at compile 
  time in base database, but covered in simulation in one of the databases.


Warning-[UCAPI-CSM] Coverage status mismatch
/localdev/fzhang/ws/ibex-challenge/rtl/ibex_core.sv, 1343
Module ibex_core
  Condition metric object having signature "(cheriot_enable_i == 
  ibex_pkg::IbexMuBiOff) 1 0" is found to be marked as unreachable at compile 
  time in base database, but covered in simulation in one of the databases.


Note-[URG-RDG] Report directory generated
  Report written to directory 
  /proj_soc/user_dev/fzhang/ibex_dv_out/regress_round_0_dryrun/cov_unmeasured/report

