# gen_acceptance_b3_072_verdict_excerpt.log: batch-3 acceptance verdicts of request test-writer-072 (CM103-m-2)
# Source: the request manifest dv/auto_dv/work/runtime/results/test-writer-072/manifest.yaml (work tree, unmirrored) and each
# run's result.yaml, sim.log and sim_stdout.log under the out root (site storage). Lines are copied, long lines truncated as marked.
requester: test-writer   purpose: 1   scope_decision: accepted   status: done
request tests: ['gen_test_pmp_mseccfg_red']   seeds: 1   coverage: False
received_utc: 2026-09-03T20:57:46Z   finished_utc: 2026-09-03T20:58:48Z   regress_rc: 0
pinned_sha: 902da1f693d84779684d0e4ea6f3f483a8ed960f   canary_sha: 902da1f693d84779684d0e4ea6f3f483a8ed960f   canary_decision: accepted
batch_record (work tree): /localdev/fzhang/ws/ibex-challenge/dv/auto_dv/work/runtime/batches/20260903T205742Z_902da1f693d8.yaml
regress_outdir: /proj_soc/user_dev/fzhang/ibex_dv_out/regress_req_test-writer-072
regress_cmd: /localdev/fzhang/ws/ibex-challenge/.venv/bin/python3 /localdev/fzhang/ws/ibex-challenge/dv/auto_dv/flow/gen_regress.py --tests gen_test_pmp_mseccfg_red --seeds 1 --no-coverage --no-sync-mirror --head-sha 902da1f693d84779684d0e4ea6f3f483a8ed960f --outdir /proj_soc/user_dev/fzhang/ibex_dv_out/regress_req_test-writer-072 --force --request test-writer-072 --requester test-writer --purpose 1 --source head
summary: planned=1 pass=0 fail=0 xfail=0 timeout=0 not_run=0 red_ok=1 pass_rate_pct=None runs_without_fcov_manifest=1 tests_without_fcov_manifest=['gen_test_pmp_mseccfg_red']

## manifest rows (test, seed, verdict, reason, wall_s, lsf_job_id, sim_log)
gen_test_pmp_mseccfg_red | 426214719 | RED-OK | red fixture failed as designed (red_expect matched): gen_fail_marker at sim_stdout.log:288 | 19.1 | 10949617 | /proj_soc/user_dev/fzhang/ibex_dv_out/regress_req_test-writer-072/runs/gen_test_pmp_mseccfg_red_426214719/sim.log

## run gen_test_pmp_mseccfg_red seed 426214719: result.yaml
verdict: RED-OK   reason: red fixture failed as designed (red_expect matched): gen_fail_marker at sim_stdout.log:288
exit_code: 0   timed_out: False   uvm_counts: {}   cocotb_summary: {'tests': 1, 'passed': 0, 'failed': 1, 'skipped': 0}
evidence: AssertionError: GEN_TEST_FAIL gen_test_pmp_mseccfg: 1 fire-check failure(s): fire_tp_pmp_011: 11 words compared, 1 mismatches (first: idx 75 [w3 zero readback 0x747] expected 0x00000002 got 0x00000006); 11 mseccfg writes (hi classes ['nonze ...[4 more chars]
## run gen_test_pmp_mseccfg_red seed 426214719: collected lines of sim_stdout.log and sim.log
sim_stdout.log:264: 101040.00ns INFO cocotb.gen_tb_top GEN_TEST_FIRE fire_schedule_applied ok=True reached 8 of 13 scheduled entries by EOT (cycle 10099, retired 949), applied 8 (k=3, source=derived)
sim_stdout.log:279: 101040.00ns INFO cocotb.gen_tb_top GEN_TEST_BINS n=77 gen_pmp_mseccfg_cg.cp_csr.mseccfg gen_pmp_mseccfg_cg.cp_hi_bits.nonzero gen_pmp_mseccfg_cg.cp_hi_bits.zero gen_pmp_mseccfg_cg.cp_post.s000 gen_pmp_mseccfg_cg.cp_post.s001 gen_pmp_mseccfg ...[3427 more chars]
sim_stdout.log:288: AssertionError: GEN_TEST_FAIL gen_test_pmp_mseccfg: 1 fire-check failure(s): fire_tp_pmp_011: 11 words compared, 1 mismatches (first: idx 75 [w3 zero readback 0x747] expected 0x00000002 got 0x00000006); 11 mseccfg writes (hi classes ['nonze ...[121 more chars]
