# gen_acceptance_b3_074_verdict_excerpt.log: batch-3 acceptance verdicts of request test-writer-074 (CM103-m-2)
# Source: the request manifest dv/auto_dv/work/runtime/results/test-writer-074/manifest.yaml (work tree, unmirrored) and each
# run's result.yaml, sim.log and sim_stdout.log under the out root (site storage). Lines are copied, long lines truncated as marked.
requester: test-writer   purpose: 1   scope_decision: accepted   status: done
request tests: ['gen_test_pmp_lock_red']   seeds: 1   coverage: False
received_utc: 2026-09-03T20:57:46Z   finished_utc: 2026-09-03T20:58:30Z   regress_rc: 0
pinned_sha: 902da1f693d84779684d0e4ea6f3f483a8ed960f   canary_sha: 902da1f693d84779684d0e4ea6f3f483a8ed960f   canary_decision: accepted
batch_record (work tree): /localdev/fzhang/ws/ibex-challenge/dv/auto_dv/work/runtime/batches/20260903T205742Z_902da1f693d8.yaml
regress_outdir: /proj_soc/user_dev/fzhang/ibex_dv_out/regress_req_test-writer-074
regress_cmd: /localdev/fzhang/ws/ibex-challenge/.venv/bin/python3 /localdev/fzhang/ws/ibex-challenge/dv/auto_dv/flow/gen_regress.py --tests gen_test_pmp_lock_red --seeds 1 --no-coverage --no-sync-mirror --head-sha 902da1f693d84779684d0e4ea6f3f483a8ed960f --outdir /proj_soc/user_dev/fzhang/ibex_dv_out/regress_req_test-writer-074 --force --request test-writer-074 --requester test-writer --purpose 1 --source head
summary: planned=1 pass=0 fail=0 xfail=0 timeout=0 not_run=0 red_ok=1 pass_rate_pct=None runs_without_fcov_manifest=1 tests_without_fcov_manifest=['gen_test_pmp_lock_red']

## manifest rows (test, seed, verdict, reason, wall_s, lsf_job_id, sim_log)
gen_test_pmp_lock_red | 123350506 | RED-OK | red fixture failed as designed (red_expect matched): gen_fail_marker at sim_stdout.log:197 | 9.5 | 10949616 | /proj_soc/user_dev/fzhang/ibex_dv_out/regress_req_test-writer-074/runs/gen_test_pmp_lock_red_123350506/sim.log

## run gen_test_pmp_lock_red seed 123350506: result.yaml
verdict: RED-OK   reason: red fixture failed as designed (red_expect matched): gen_fail_marker at sim_stdout.log:197
exit_code: 0   timed_out: False   uvm_counts: {}   cocotb_summary: {'tests': 1, 'passed': 0, 'failed': 1, 'skipped': 0}
evidence: AssertionError: GEN_TEST_FAIL gen_test_pmp_lock: 1 fire-check failure(s): fire_tp_pmp_013: 11 words compared, 1 mismatches (first: idx 74 [some some csrrs readback pmpcfg1] expected 0x83109981 got 0x83009981); 10 pmpcfg writes, lock mixes [ ...[4 more chars]
## run gen_test_pmp_lock_red seed 123350506: collected lines of sim_stdout.log and sim.log
sim_stdout.log:175: 30630.00ns INFO cocotb.gen_tb_top GEN_TEST_FIRE fire_schedule_applied ok=True reached 12 of 25 scheduled entries by EOT (cycle 3058, retired 494), applied 12 (k=5, source=derived)
sim_stdout.log:188: 30630.00ns INFO cocotb.gen_tb_top GEN_TEST_BINS n=50 gen_pmp_cfg_write_cg.cp_outcome.ignored_lock gen_pmp_cfg_write_cg.cp_prelock.locked gen_pmp_cfg_write_cg.cp_word_lockmix.all gen_pmp_cfg_write_cg.cp_word_lockmix.none gen_pmp_cfg_write_cg ...[2176 more chars]
sim_stdout.log:197: AssertionError: GEN_TEST_FAIL gen_test_pmp_lock: 1 fire-check failure(s): fire_tp_pmp_013: 11 words compared, 1 mismatches (first: idx 74 [some some csrrs readback pmpcfg1] expected 0x83109981 got 0x83009981); 10 pmpcfg writes, lock mixes [ ...[139 more chars]
