
//==================================================
// Synopsys, Inc.
//
// This file is automatically generated and contains
// the list of attempts to exclude covered objects 
// in loading a exclusion file. 
// These covered objects are not excluded and they
// are marked with 'Attempted' in reports 
//==================================================
//
MODULE: ibex_id_stage
Condition 37 "1441786762" "(csr_access_o & instr_executing & (((BaseIsa == BaseIsaRV32IorCHERIoT) & (cheriot_enable_i == ibex_pkg::IbexMuBiOn)) ? instr_first_cycle : instr_id_done_o)) 1 -1" (1 "011")
MODULE: ibex_cs_registers
Block 273 "2749661524" "cheriot_csr_rdata_o = 32'b0;"
Block 275 "4291899431" "pcc_cap_q <= 112'b1000000000000000000000000000000000000000000000000000000000000000000011110101100101011110001111100000000000000000;"
Block 292 "2707070097" "mtvec_cap <= 35'b00101011110001111100000000000000000;"
Block 297 "268972480" "gen_scr.mstack_epc_cap_q <= 35'b0;"
Block 302 "3536564520" "mepc_cap <= 35'b00101011110001111100000000000000000;"
Block 311 "3315413595" "gen_scr.mtdc_cap <= 35'b00101111110001111100000000000000000;"
Block 316 "746695531" "gen_scr.mscratchc_cap <= 35'b00101001110001111100000000000000000;"
Block 321 "2244136683" "depc_cap <= 35'b0;"
Block 328 "2252920583" "dscratch0_cap <= 35'b0;"
Block 335 "4238278554" "gen_scr.cheriot_fatal_err_q <= 1'b0;"
MODULE: ibex_core
Condition 91 "976521821" "( ! ((cheriot_enable_i == ibex_pkg::IbexMuBiOn) || (cheriot_enable_i == ibex_pkg::IbexMuBiOff)) ) 1 -1" (2 "1")
MODULE: ibex_cheriot_ex
Block 7 "1118384118" "cheriot_rf_we_raw = 1'b0;"
Block 54 "487451129" ";"
Block 55 "1707157085" "case (cheriot_adder_a_sel_i)"
Block 60 "3581702828" "tmp32a = 32'b0;"
Block 61 "2744141533" "case (cheriot_adder_b_sel_i)"
Block 64 "1614952474" "tmp32b = 32'b0;"
Block 65 "1545381993" "addr_result = (tmp32a + tmp32b);"
Block 66 "2056798936" "if ((cheriot_setaddr_sel_i == SETADDR_PCC_PCNXT))"
Block 68 "3607896567" "if ((cheriot_setaddr_sel_i == SETADDR_PCC_ARITH))"
Block 70 "3642681807" "if ((cheriot_setaddr_sel_i == SETADDR_RFA_ARITH))"
Block 72 "1136030325" "if (((cheriot_setaddr_sel_i == SETADDR_SCR) && scr_legalization))"
Block 74 "2780403584" "tfcap1 = 112'b0;"
Block 75 "2153503894" "setaddr1_outcap = ibex_cheriot_pkg::cheriot_set_address(tfcap1, taddr1);"
Block 141 "254557145" "if ((!rst_ni))"
Block 142 "208954213" "cheriot_wb_err_q <= 1'b0;"
Block 143 "73012180" "cheriot_wb_err_q <= cheriot_wb_err_d;"
MODULE: ibex_cheriot_ex
Condition 49 "2140812203" "(cheriot_setaddr_sel_i == SETADDR_PCC_PCNXT) 1 -1" (1 "0")
Condition 50 "3858269055" "(cheriot_setaddr_sel_i == SETADDR_PCC_ARITH) 1 -1" (1 "0")
Condition 51 "3618601917" "(cheriot_setaddr_sel_i == SETADDR_RFA_ARITH) 1 -1" (1 "0")
Condition 53 "677371940" "(cheriot_setaddr_sel_i == SETADDR_SCR) 1 -1" (1 "0")
Condition 108 "2945604421" "(instr_is_cheriot_i ? rf_rcap_ng_b : 35'b0) 1 -1" (1 "0")
Condition 109 "2075327243" "(instr_is_cheriot_i ? rf_rdata_ng_b : 32'b0) 1 -1" (1 "0")
Condition 118 "2452345331" "(debug_mode_i ? '0 : ('{CTAG:lc_ctag, SD_LM:lc_csdlm, GL_LG:lc_cglg})) 1 -1" (1 "0")
Condition 119 "776353460" "(cheriot_operator_i.CLOAD_CAP | cheriot_operator_i.CSTORE_CAP) 1 -1" (1 "00")
Condition 120 "1529653651" "(is_store_cap ? rf_rdata_b : 32'b0) 1 -1" (1 "0")
Condition 121 "4030100550" "(is_store_cap ? csc_wcap : 35'b0) 1 -1" (1 "0")
Condition 122 "3008940757" "((is_cap | cheriot_operator_i.CJALR) ? ({{20 {cheriot_imm12_i[11]}}, cheriot_imm12_i}) : '0) 1 -1" (1 "0")
Condition 123 "3395516236" "(is_cap | cheriot_operator_i.CJALR) 1 -1" (1 "00")
Condition 124 "558635136" "((cheriot_enable_i == ibex_pkg::IbexMuBiOn) & ((~debug_mode_i)) & (addr_bound_vio_rv32 | perm_vio_rv32)) 1 -1" (1 "011")
Condition 125 "2961510797" "(cheriot_enable_i == ibex_pkg::IbexMuBiOn) 1 -1" (1 "0")
Condition 128 "3777427688" "(cheriot_enable_i == ibex_pkg::IbexMuBiOn) 1 -1" (1 "0")
Condition 129 "2652810038" "(addr_bound_vio | perm_vio | (csr_dbg_tclr_fault_i & perm_vio_slc)) 1 -1" (1 "000")
Condition 132 "3778735365" "(is_cap ? (addr_bound_vio | (cheriot_top_chkaddr_ext > rf_fullcap_a.top33)) : addr_bound_vio) 1 -1" (1 "0")
MODULE: ibex_cheriot_ex
Branch 2 "1293082901" "instr_is_cheriot_i" (1) "instr_is_cheriot_i 0"
Branch 3 "1293082901" "instr_is_cheriot_i" (1) "instr_is_cheriot_i 0"
Branch 4 "3610553060" "debug_mode_i" (1) "debug_mode_i 0"
Branch 5 "822058008" "is_store_cap" (1) "is_store_cap 0"
Branch 6 "822058008" "is_store_cap" (1) "is_store_cap 0"
Branch 7 "991943670" "(is_cap | cheriot_operator_i.CJALR)" (1) "(is_cap | cheriot_operator_i.CJALR) 0"
Branch 8 "2153596606" "is_cap" (1) "is_cap 0"
Branch 15 "1571378344" "(~instr_is_cheriot_i)" (0) "(~instr_is_cheriot_i) 1"
Branch 17 "1571378344" "(~instr_is_cheriot_i)" (0) "(~instr_is_cheriot_i) 1"
Branch 21 "1505174304" "1'b1" (39) "1'b1 default,-,-,-,-,-,-,-,-,-,-,-,-,-,-"
Branch 22 "491773564" "cheriot_adder_a_sel_i" (4) "cheriot_adder_a_sel_i default"
Branch 23 "3026872665" "cheriot_adder_b_sel_i" (2) "cheriot_adder_b_sel_i default"
Branch 24 "3593742652" "(cheriot_setaddr_sel_i == SETADDR_PCC_PCNXT)" (4) "(cheriot_setaddr_sel_i == SETADDR_PCC_PCNXT) 0,0,0,0"
Branch 33 "455461571" "(!rst_ni)"
MODULE: ibex_wb_stage
Condition 13 "2961034308" "((g_writeback_stage.wb_is_cheriot_q ? g_writeback_stage.cheriot_rf_we_q : g_writeback_stage.rf_we_wb_q) & g_writeback_stage.wb_valid_q) 1 -1" (3 "11")
