
//==================================================
// Synopsys, Inc.
//
// This file is automatically generated and contains
// the list of attempts to exclude covered objects 
// in loading a exclusion file. 
// These covered objects are not excluded and they
// are marked with 'Attempted' in reports 
//==================================================
//
MODULE: ibex_load_store_unit
Condition 58 "3841409122" "(lsu_req_i & ( ~ ((cheriot_enable_i == ibex_pkg::IbexMuBiOn) & lsu_cheriot_err_i) )) 1 -1" (1 "01")
MODULE: ibex_core
Condition 90 "3113030263" "(instr_exec & ( ! ((cheriot_enable_i == ibex_pkg::IbexMuBiOn) || (cheriot_enable_i == ibex_pkg::IbexMuBiOff)) )) 1 -1" (2 "10")
MODULE: ibex_cheriot_ex
Condition 49 "2140812203" "(cheriot_setaddr_sel_i == SETADDR_PCC_PCNXT) 1 -1" (1 "0")
Condition 50 "3858269055" "(cheriot_setaddr_sel_i == SETADDR_PCC_ARITH) 1 -1" (1 "0")
Condition 51 "3618601917" "(cheriot_setaddr_sel_i == SETADDR_RFA_ARITH) 1 -1" (1 "0")
Condition 53 "677371940" "(cheriot_setaddr_sel_i == SETADDR_SCR) 1 -1" (1 "0")
Condition 108 "2945604421" "(instr_is_cheriot_i ? rf_rcap_ng_b : 35'b0) 1 -1" (1 "0")
Condition 109 "2075327243" "(instr_is_cheriot_i ? rf_rdata_ng_b : 32'b0) 1 -1" (1 "0")
Condition 118 "2452345331" "(debug_mode_i ? '0 : ('{CTAG:lc_ctag, SD_LM:lc_csdlm, GL_LG:lc_cglg})) 1 -1" (1 "0")
Condition 119 "776353460" "(cheriot_operator_i.CLOAD_CAP | cheriot_operator_i.CSTORE_CAP) 1 -1" (1 "00")
Condition 120 "1529653651" "(is_store_cap ? rf_rdata_b : 32'b0) 1 -1" (1 "0")
Condition 121 "4030100550" "(is_store_cap ? csc_wcap : 35'b0) 1 -1" (1 "0")
Condition 122 "3008940757" "((is_cap | cheriot_operator_i.CJALR) ? ({{20 {cheriot_imm12_i[11]}}, cheriot_imm12_i}) : '0) 1 -1" (1 "0")
Condition 123 "3395516236" "(is_cap | cheriot_operator_i.CJALR) 1 -1" (1 "00")
Condition 124 "558635136" "((cheriot_enable_i == ibex_pkg::IbexMuBiOn) & ((~debug_mode_i)) & (addr_bound_vio_rv32 | perm_vio_rv32)) 1 -1" (1 "011")
Condition 125 "2961510797" "(cheriot_enable_i == ibex_pkg::IbexMuBiOn) 1 -1" (1 "0")
Condition 128 "3777427688" "(cheriot_enable_i == ibex_pkg::IbexMuBiOn) 1 -1" (1 "0")
Condition 129 "2652810038" "(addr_bound_vio | perm_vio | (csr_dbg_tclr_fault_i & perm_vio_slc)) 1 -1" (1 "000")
Condition 132 "3778735365" "(is_cap ? (addr_bound_vio | (cheriot_top_chkaddr_ext > rf_fullcap_a.top33)) : addr_bound_vio) 1 -1" (1 "0")
MODULE: ibex_cheriot_ex
Branch 2 "1293082901" "instr_is_cheriot_i" (1) "instr_is_cheriot_i 0"
Branch 3 "1293082901" "instr_is_cheriot_i" (1) "instr_is_cheriot_i 0"
Branch 4 "3610553060" "debug_mode_i" (1) "debug_mode_i 0"
Branch 5 "822058008" "is_store_cap" (1) "is_store_cap 0"
Branch 6 "822058008" "is_store_cap" (1) "is_store_cap 0"
Branch 7 "991943670" "(is_cap | cheriot_operator_i.CJALR)" (1) "(is_cap | cheriot_operator_i.CJALR) 0"
Branch 8 "2153596606" "is_cap" (1) "is_cap 0"
Branch 21 "1505174304" "1'b1" (39) "1'b1 default,-,-,-,-,-,-,-,-,-,-,-,-,-,-"
Branch 22 "491773564" "cheriot_adder_a_sel_i" (4) "cheriot_adder_a_sel_i default"
Branch 23 "3026872665" "cheriot_adder_b_sel_i" (2) "cheriot_adder_b_sel_i default"
Branch 24 "3593742652" "(cheriot_setaddr_sel_i == SETADDR_PCC_PCNXT)" (4) "(cheriot_setaddr_sel_i == SETADDR_PCC_PCNXT) 0,0,0,0"
MODULE: ibex_wb_stage
Condition 7 "1050359817" "((g_writeback_stage.wb_instr_type_q == WB_INSTR_OTHER) && ( ~ (g_writeback_stage.wb_is_cheriot_q && (g_writeback_stage.wb_cheriot_load_q | g_writeback_stage.wb_cheriot_store_q)) )) 1 -1" (1 "01")
Condition 7 "1050359817" "((g_writeback_stage.wb_instr_type_q == WB_INSTR_OTHER) && ( ~ (g_writeback_stage.wb_is_cheriot_q && (g_writeback_stage.wb_cheriot_load_q | g_writeback_stage.wb_cheriot_store_q)) )) 1 -1" (3 "11")
Condition 36 "41128219" "(g_writeback_stage.wb_is_cheriot_q && ((~g_writeback_stage.wb_cheriot_load_q))) 1 -1" (1 "01")
MODULE: ibex_register_file_ff
Condition 64 "216852016" "(raddr_a_i[4] && ((!g_cheriot_rf.cheriot_enabled))) 1 -1" (1 "01")
Condition 66 "39126227" "(raddr_b_i[4] && ((!g_cheriot_rf.cheriot_enabled))) 1 -1" (1 "01")
MODULE: ibex_decoder
Condition 80 "510359996" "(rf_we & ((~illegal_reg_16))) 1 -1" (1 "01")
Condition 80 "510359996" "(rf_we & ((~illegal_reg_16))) 1 -1" (3 "11")
Condition 81 "1295121090" "(instr_is_legal_cheriot & ((~illegal_reg_16))) 1 -1" (1 "01")
