
//==================================================
// Synopsys, Inc.
//
// This file is automatically generated and contains
// the list of attempts to exclude covered objects 
// in loading a exclusion file. 
// These covered objects are not excluded and they
// are marked with 'Attempted' in reports 
//==================================================
//
MODULE: ibex_load_store_unit
Block 161 "488688667" "if ((((((BaseIsa == BaseIsaRV32IorCHERIoT) & (cheriot_enable_i == ibex_pkg::IbexMuBiOn)) && (cap_rx_fsm_q == CRX_WAIT_RESP1)) && data_rvalid_i) && (~data_we_q)))"
Block 164 "3797216783" "if (((((BaseIsa == BaseIsaRV32IorCHERIoT) & (cheriot_enable_i == ibex_pkg::IbexMuBiOn)) && (cap_rx_fsm_q == CRX_WAIT_RESP1)) && data_rvalid_i))"
MODULE: ibex_load_store_unit
Condition 38 "3323102905" "((BaseIsa == BaseIsaRV32IorCHERIoT) & (cheriot_enable_i == ibex_pkg::IbexMuBiOn)) 1 -1" (1 "-0")
Condition 39 "2421923110" "(BaseIsa == BaseIsaRV32IorCHERIoT) 1 -1" (2 "1")
Condition 40 "1632223771" "(cheriot_enable_i == ibex_pkg::IbexMuBiOn) 1 -1" (1 "0")
Condition 41 "777537056" "(cap_rx_fsm_q == CRX_WAIT_RESP1) 1 -1" (1 "0")
Condition 43 "525680292" "((BaseIsa == BaseIsaRV32IorCHERIoT) & (cheriot_enable_i == ibex_pkg::IbexMuBiOn)) 1 -1" (1 "-0")
Condition 44 "1226581307" "(BaseIsa == BaseIsaRV32IorCHERIoT) 1 -1" (2 "1")
Condition 45 "4266823145" "(cheriot_enable_i == ibex_pkg::IbexMuBiOn) 1 -1" (1 "0")
Condition 46 "2973960658" "(cap_rx_fsm_q == CRX_WAIT_RESP1) 1 -1" (1 "0")
Condition 47 "3013837696" "(((BaseIsa == BaseIsaRV32IorCHERIoT) & (cheriot_enable_i == ibex_pkg::IbexMuBiOn) & lsu_is_cap_i) ? 2'b0 : data_addr[1:0]) 1 -1" (1 "0")
Condition 58 "3841409122" "(lsu_req_i & ( ~ ((cheriot_enable_i == ibex_pkg::IbexMuBiOn) & lsu_cheriot_err_i) )) 1 -1" (1 "01")
Condition 61 "3164525888" "(cheriot_enable_i == ibex_pkg::IbexMuBiOn) 1 -1" (1 "0")
Condition 63 "92652442" "(cheriot_enable_i == ibex_pkg::IbexMuBiOn) 1 -1" (1 "0")
Condition 68 "4235131630" "(lsu_err_q | data_bus_err_i | pmp_err_q | ((cheriot_enable_i == ibex_pkg::IbexMuBiOn) & (cheriot_err_q | (resp_is_cap_q & cap_lsw_err_q)))) 1 -1" (1 "0000")
Condition 70 "1205325022" "(cheriot_enable_i == ibex_pkg::IbexMuBiOn) 1 -1" (1 "0")
Condition 71 "3779233773" "(cheriot_err_q | (resp_is_cap_q & cap_lsw_err_q)) 1 -1" (1 "00")
Condition 73 "109441600" "(data_rvalid_i | pmp_err_q | ((cheriot_enable_i == ibex_pkg::IbexMuBiOn) & cheriot_err_q)) 1 -1" (1 "000")
Condition 103 "657185803" "(((cheriot_enable_i == ibex_pkg::IbexMuBiOn) & resp_is_cap_q) ? cap_lsw_data_q : data_rdata_ext) 1 -1" (1 "0")
Condition 106 "487390760" "(((cheriot_enable_i == ibex_pkg::IbexMuBiOn) && resp_is_cap_q && data_rvalid_i && (cap_rx_fsm_q == CRX_WAIT_RESP2) && ((~data_or_pmp_err))) ? ibex_cheriot_pkg::cheriot_mem_to_cap({data_tag_i, data_rdata_i[31:0]}, {cap_lsw_tag_q, cap_lsw_data_q}, resp_lc_clrperm_q) : 35'b0) 1 -1" (1 "0")
Condition 108 "3101918956" "(cheriot_enable_i == ibex_pkg::IbexMuBiOn) 1 -1" (1 "0")
Condition 109 "3769270993" "(cap_rx_fsm_q == CRX_WAIT_RESP2) 1 -1" (1 "0")
MODULE: ibex_load_store_unit
Branch 0 "1654800195" "(((BaseIsa == BaseIsaRV32IorCHERIoT) & (cheriot_enable_i == ibex_pkg::IbexMuBiOn)) & lsu_is_cap_i)" (1) "(((BaseIsa == BaseIsaRV32IorCHERIoT) & (cheriot_enable_i == ibex_pkg::IbexMuBiOn)) & lsu_is_cap_i) 0"
Branch 4 "835515799" "((cheriot_enable_i == ibex_pkg::IbexMuBiOn) & resp_is_cap_q)" (1) "((cheriot_enable_i == ibex_pkg::IbexMuBiOn) & resp_is_cap_q) 0"
Branch 5 "827140329" "(((((cheriot_enable_i == ibex_pkg::IbexMuBiOn) && resp_is_cap_q) && data_rvalid_i) && (cap_rx_fsm_q == CRX_WAIT_RESP2)) && (~data_or_pmp_err))" (1) "(((((cheriot_enable_i == ibex_pkg::IbexMuBiOn) && resp_is_cap_q) && data_rvalid_i) && (cap_rx_fsm_q == CRX_WAIT_RESP2)) && (~data_or_pmp_err)) 0"
MODULE: ibex_id_stage
Condition 21 "451103874" "(instr_is_cheriot_id_o ? cheriot_ex_valid_i : ex_valid_i) 1 -1" (1 "0")
Condition 37 "1441786762" "(csr_access_o & instr_executing & (((BaseIsa == BaseIsaRV32IorCHERIoT) & (cheriot_enable_i == ibex_pkg::IbexMuBiOn)) ? instr_first_cycle : instr_id_done_o)) 1 -1" (1 "011")
Condition 38 "3334209277" "(((BaseIsa == BaseIsaRV32IorCHERIoT) & (cheriot_enable_i == ibex_pkg::IbexMuBiOn)) ? instr_first_cycle : instr_id_done_o) 1 -1" (1 "0")
Condition 39 "2431837538" "((BaseIsa == BaseIsaRV32IorCHERIoT) & (cheriot_enable_i == ibex_pkg::IbexMuBiOn)) 1 -1" (1 "-0")
Condition 40 "821512846" "(cheriot_enable_i == ibex_pkg::IbexMuBiOn) 1 -1" (1 "0")
Condition 61 "1589565393" "(lsu_req_dec | cheriot_lsu_req_dec) 1 -1" (1 "00")
Condition 72 "911481408" "(lsu_req_dec | cheriot_lsu_req_dec) 1 -1" (1 "00")
MODULE: ibex_id_stage
Branch 5 "2512436055" "instr_is_cheriot_id_o" (1) "instr_is_cheriot_id_o 0"
MODULE: ibex_decoder
Condition 72 "510587634" "(cheriot_operator_o.CAUICGP ? 5'h03 : ((use_rs3_q & ((~instr_first_cycle_i))) ? instr_rs3 : instr_rs1)) 1 -1" (1 "0")
Condition 73 "2038542155" "((use_rs3_q & ((~instr_first_cycle_i))) ? instr_rs3 : instr_rs1) 1 -1" (1 "0")
Condition 74 "844177501" "(use_rs3_q & ((~instr_first_cycle_i))) 1 -1" (1 "01")
Condition 79 "1531323907" "(illegal_insn | illegal_reg_16) 1 -1" (1 "00")
Condition 79 "1531323907" "(illegal_insn | illegal_reg_16) 1 -1" (3 "10")
Condition 80 "510359996" "(rf_we & ((~illegal_reg_16))) 1 -1" (1 "01")
Condition 80 "510359996" "(rf_we & ((~illegal_reg_16))) 1 -1" (3 "11")
Condition 81 "1295121090" "(instr_is_legal_cheriot & ((~illegal_reg_16))) 1 -1" (1 "01")
Condition 82 "1732044808" "(cheriot_operator_o.CCSR_RW ? instr[24:20] : 5'b0) 1 -1" (1 "0")
Condition 83 "3153587605" "((cheriot_operator_o.CJALR | cheriot_operator_o.CSET_BOUNDS_IMM | cheriot_operator_o.CINC_ADDR_IMM | cheriot_operator_o.CLOAD_CAP) ? ({instr[31:25], instr[24:20]}) : (cheriot_operator_o.CSTORE_CAP ? ({instr[31:25], instr[11:7]}) : 12'b0)) 1 -1" (1 "0")
Condition 84 "672740145" "(cheriot_operator_o.CJALR | cheriot_operator_o.CSET_BOUNDS_IMM | cheriot_operator_o.CINC_ADDR_IMM | cheriot_operator_o.CLOAD_CAP) 1 -1" (1 "0000")
Condition 85 "3861774972" "(cheriot_operator_o.CSTORE_CAP ? ({instr[31:25], instr[11:7]}) : 12'b0) 1 -1" (1 "0")
Condition 86 "3454292298" "((cheriot_operator_o.CAUIPCC | cheriot_operator_o.CAUICGP) ? instr[31:12] : 20'b0) 1 -1" (1 "0")
Condition 87 "2568092740" "(cheriot_operator_o.CAUIPCC | cheriot_operator_o.CAUICGP) 1 -1" (1 "00")
Condition 88 "3765936221" "(cheriot_operator_o.CJAL ? ({instr[31], instr[19:12], instr[20], instr[30:21], 1'b0}) : 21'b0) 1 -1" (1 "0")
Condition 89 "1955468892" "((cheriot_enable_i == ibex_pkg::IbexMuBiOn) ? ({1'b0, raddr_a[3:0]}) : raddr_a) 1 -1" (1 "0")
Condition 90 "3835723269" "(cheriot_enable_i == ibex_pkg::IbexMuBiOn) 1 -1" (1 "0")
Condition 91 "3345495004" "((cheriot_enable_i == ibex_pkg::IbexMuBiOn) ? ({1'b0, raddr_b[3:0]}) : raddr_b) 1 -1" (1 "0")
Condition 92 "1464228741" "(cheriot_enable_i == ibex_pkg::IbexMuBiOn) 1 -1" (1 "0")
Condition 93 "2545932203" "((cheriot_enable_i == ibex_pkg::IbexMuBiOn) ? ({1'b0, instr_rd[3:0]}) : instr_rd) 1 -1" (1 "0")
Condition 94 "126992370" "(cheriot_enable_i == ibex_pkg::IbexMuBiOn) 1 -1" (1 "0")
Condition 97 "700221592" "(cheriot_enable_i == ibex_pkg::IbexMuBiOn) 1 -1" (1 "0")
MODULE: ibex_decoder
Branch 7 "240721719" "(cheriot_enable_i == ibex_pkg::IbexMuBiOn)" (1) "(cheriot_enable_i == ibex_pkg::IbexMuBiOn) 0"
Branch 8 "240721719" "(cheriot_enable_i == ibex_pkg::IbexMuBiOn)" (1) "(cheriot_enable_i == ibex_pkg::IbexMuBiOn) 0"
Branch 9 "240721719" "(cheriot_enable_i == ibex_pkg::IbexMuBiOn)" (1) "(cheriot_enable_i == ibex_pkg::IbexMuBiOn) 0"
MODULE: ibex_cs_registers
Block 84 "1292825194" "if (((!PMPEnable) || ((BaseIsa == BaseIsaRV32IorCHERIoT) && (cheriot_enable_i == ibex_pkg::IbexMuBiOn))))"
Block 265 "2459219333" "case (cheriot_csr_addr_i)"
Block 273 "2749661524" "cheriot_csr_rdata_o = 32'b0;"
Block 274 "254557145" "if ((!rst_ni))"
Block 275 "4291899431" "pcc_cap_q <= 112'b1000000000000000000000000000000000000000000000000000000000000000000011110101100101011110001111100000000000000000;"
Block 276 "642548022" "if ((cheriot_enable_i == ibex_pkg::IbexMuBiOn))"
Block 291 "254557145" "if ((!rst_ni))"
Block 292 "2707070097" "mtvec_cap <= 35'b00101011110001111100000000000000000;"
Block 293 "1048835569" "if (mtvec_en_cheriot)"
Block 296 "254557145" "if ((!rst_ni))"
Block 297 "268972480" "gen_scr.mstack_epc_cap_q <= 35'b0;"
Block 298 "3413722519" "if (mstack_en)"
Block 301 "254557145" "if ((!rst_ni))"
Block 302 "3536564520" "mepc_cap <= 35'b00101011110001111100000000000000000;"
Block 303 "2272589009" "if (((((cheriot_enable_i == ibex_pkg::IbexMuBiOn) && csr_save_cause_i) && (~debug_csr_save_i)) && (~debug_mode_i)))"
Block 305 "3364758242" "if ((((cheriot_enable_i == ibex_pkg::IbexMuBiOn) && csr_restore_mret_i) && nmi_mode_i))"
Block 307 "3514653544" "if (mepc_en_cheriot)"
Block 310 "254557145" "if ((!rst_ni))"
Block 311 "3315413595" "gen_scr.mtdc_cap <= 35'b00101111110001111100000000000000000;"
Block 312 "1941544514" "if (gen_scr.mtdc_en_cheriot)"
Block 315 "254557145" "if ((!rst_ni))"
Block 316 "746695531" "gen_scr.mscratchc_cap <= 35'b00101001110001111100000000000000000;"
Block 317 "1362970044" "if (gen_scr.mscratchc_en_cheriot)"
Block 320 "254557145" "if ((!rst_ni))"
Block 321 "2244136683" "depc_cap <= 35'b0;"
Block 322 "1716615838" "if (((cheriot_enable_i == ibex_pkg::IbexMuBiOn) && (csr_save_cause_i & debug_csr_save_i)))"
Block 324 "1811682845" "if (depc_en_cheriot)"
Block 327 "254557145" "if ((!rst_ni))"
Block 328 "2252920583" "dscratch0_cap <= 35'b0;"
Block 329 "2625966492" "if (dscratch0_en_cheriot)"
Block 331 "3010785447" "if (dscratch1_en_cheriot)"
Block 334 "254557145" "if ((!rst_ni))"
Block 335 "4238278554" "gen_scr.cheriot_fatal_err_q <= 1'b0;"
Block 336 "3032880701" "if ((((cheriot_enable_i == ibex_pkg::IbexMuBiOn) && csr_save_cause_i) && (~mtvec_cap.valid)))"
MODULE: ibex_cs_registers
Condition 34 "3470818900" "(cheriot_enable_i == ibex_pkg::IbexMuBiOn) 1 -1" (1 "0")
Condition 42 "2377908304" "(cheriot_enable_i == ibex_pkg::IbexMuBiOn) 1 -1" (1 "0")
Condition 47 "3896964275" "(cheriot_enable_i == ibex_pkg::IbexMuBiOn) 1 -1" (1 "0")
Condition 86 "3758576885" "(cheriot_enable_i == ibex_pkg::IbexMuBiOn) 1 -1" (1 "0")
Condition 113 "3525479597" "(cheriot_enable_i != ibex_pkg::IbexMuBiOn) 1 -1" (2 "1")
Condition 115 "1850204133" "(cheriot_enable_i == ibex_pkg::IbexMuBiOn) 1 -1" (1 "0")
Condition 125 "507903044" "(mstatus_en | ((cheriot_enable_i == ibex_pkg::IbexMuBiOn) & (cheriot_csr_clr_mie_i | cheriot_csr_set_mie_i))) 1 -1" (1 "00")
Condition 127 "2262884911" "(cheriot_enable_i == ibex_pkg::IbexMuBiOn) 1 -1" (1 "0")
Condition 128 "2539558664" "(cheriot_csr_clr_mie_i | cheriot_csr_set_mie_i) 1 -1" (1 "00")
Condition 129 "1948047898" "(mepc_en | mepc_en_cheriot) 1 -1" (1 "00")
Condition 130 "2262897475" "(mtvec_en | mtvec_en_cheriot) 1 -1" (1 "00")
Condition 130 "2262897475" "(mtvec_en | mtvec_en_cheriot) 1 -1" (3 "10")
Condition 131 "2042543005" "(depc_en | depc_en_cheriot) 1 -1" (1 "00")
Condition 132 "3207779297" "(dscratch0_en | dscratch0_en_cheriot) 1 -1" (1 "00")
Condition 133 "3905582940" "(dscratch1_en | dscratch1_en_cheriot) 1 -1" (1 "00")
Condition 134 "2315673547" "(mshwm_en | csr_mshwm_set_i) 1 -1" (1 "00")
Condition 135 "3679408237" "(csr_mshwm_set_i ? csr_mshwm_new_i : ({csr_wdata_int[31:4], 4'b0})) 1 -1" (1 "0")
Condition 290 "3215794989" "(cheriot_csr_addr_i == ibex_cheriot_pkg::CHERIOT_SCR_MTCC) 1 -1" (1 "0")
Condition 291 "2702199050" "(cheriot_csr_op_i == CHERIOT_CSR_RW) 1 -1" (1 "0")
Condition 293 "3543321402" "(cheriot_csr_addr_i == ibex_cheriot_pkg::CHERIOT_SCR_MEPCC) 1 -1" (1 "0")
Condition 294 "1548795211" "(cheriot_csr_op_i == CHERIOT_CSR_RW) 1 -1" (1 "0")
Condition 296 "272119760" "(cheriot_csr_addr_i == ibex_cheriot_pkg::CHERIOT_SCR_MTDC) 1 -1" (1 "0")
Condition 297 "2091109745" "(cheriot_csr_op_i == CHERIOT_CSR_RW) 1 -1" (1 "0")
Condition 299 "3461792839" "(cheriot_csr_addr_i == ibex_cheriot_pkg::CHERIOT_SCR_MSCRATCHC) 1 -1" (1 "0")
Condition 300 "688926159" "(cheriot_csr_op_i == CHERIOT_CSR_RW) 1 -1" (1 "0")
Condition 303 "3131856105" "(cheriot_csr_addr_i == ibex_cheriot_pkg::CHERIOT_SCR_DEPCC) 1 -1" (1 "0")
Condition 304 "566288477" "(cheriot_csr_op_i == CHERIOT_CSR_RW) 1 -1" (1 "0")
Condition 307 "3063364902" "(cheriot_csr_addr_i == ibex_cheriot_pkg::CHERIOT_SCR_DSCRATCHC0) 1 -1" (1 "0")
Condition 308 "3533506739" "(cheriot_csr_op_i == CHERIOT_CSR_RW) 1 -1" (1 "0")
Condition 311 "1898904563" "(cheriot_csr_addr_i == ibex_cheriot_pkg::CHERIOT_SCR_DSCRATCHC1) 1 -1" (1 "0")
Condition 312 "1551672271" "(cheriot_csr_op_i == CHERIOT_CSR_RW) 1 -1" (1 "0")
MODULE: ibex_core
Condition 56 "359979338" "(rf_ecc_err_comb | pc_mismatch_alert | csr_shadow_err | cheriot_fatal_err | cheriot_enable_mubi_err) 1 -1" (1 "00000")
Condition 82 "3395645899" "((instr_valid_id & instr_is_cheriot_id) ? branch_target_ex_cheriot : branch_target_ex_rv32) 1 -1" (1 "0")
Condition 83 "124674292" "(instr_valid_id & instr_is_cheriot_id) 1 -1" (2 "10")
Condition 90 "3113030263" "(instr_exec & ( ! ((cheriot_enable_i == ibex_pkg::IbexMuBiOn) || (cheriot_enable_i == ibex_pkg::IbexMuBiOff)) )) 1 -1" (2 "10")
Condition 91 "976521821" "( ! ((cheriot_enable_i == ibex_pkg::IbexMuBiOn) || (cheriot_enable_i == ibex_pkg::IbexMuBiOff)) ) 1 -1" (2 "1")
Condition 92 "4216730145" "((cheriot_enable_i == ibex_pkg::IbexMuBiOn) || (cheriot_enable_i == ibex_pkg::IbexMuBiOff)) 1 -1" (2 "01")
Condition 93 "2381136782" "(cheriot_enable_i == ibex_pkg::IbexMuBiOn) 1 -1" (1 "0")
Condition 94 "3673507051" "(cheriot_enable_i == ibex_pkg::IbexMuBiOff) 1 -1" (2 "1")
Condition 100 "467626672" "((cheriot_enable_i == ibex_pkg::IbexMuBiOn) ? '0 : ({2'b0, pc_if})) 1 -1" (1 "0")
Condition 101 "231363778" "(cheriot_enable_i == ibex_pkg::IbexMuBiOn) 1 -1" (1 "0")
Condition 102 "3933189211" "((cheriot_enable_i == ibex_pkg::IbexMuBiOn) ? '0 : ({2'b0, g_pmp.pc_if_inc})) 1 -1" (1 "0")
Condition 103 "4235889193" "(cheriot_enable_i == ibex_pkg::IbexMuBiOn) 1 -1" (1 "0")
Condition 104 "1994587330" "((cheriot_enable_i == ibex_pkg::IbexMuBiOn) ? '0 : ({2'b0, data_addr_o[31:0]})) 1 -1" (1 "0")
Condition 105 "1626849968" "(cheriot_enable_i == ibex_pkg::IbexMuBiOn) 1 -1" (1 "0")
Condition 106 "3183468935" "((cheriot_enable_i == ibex_pkg::IbexMuBiOn) ? 1'b0 : g_pmp.pmp_req_err_raw[ibex_pkg::PMP_I]) 1 -1" (1 "0")
Condition 107 "1875759375" "(cheriot_enable_i == ibex_pkg::IbexMuBiOn) 1 -1" (1 "0")
Condition 108 "3611862804" "((cheriot_enable_i == ibex_pkg::IbexMuBiOn) ? 1'b0 : g_pmp.pmp_req_err_raw[ibex_pkg::PMP_I2]) 1 -1" (1 "0")
Condition 109 "618661008" "(cheriot_enable_i == ibex_pkg::IbexMuBiOn) 1 -1" (1 "0")
Condition 110 "1334257707" "((cheriot_enable_i == ibex_pkg::IbexMuBiOn) ? 1'b0 : g_pmp.pmp_req_err_raw[ibex_pkg::PMP_D]) 1 -1" (1 "0")
Condition 111 "3460167764" "(cheriot_enable_i == ibex_pkg::IbexMuBiOn) 1 -1" (1 "0")
MODULE: ibex_core
Branch 3 "2402252624" "(instr_valid_id & instr_is_cheriot_id)" (1) "(instr_valid_id & instr_is_cheriot_id) 0"
Branch 5 "240721719" "(cheriot_enable_i == ibex_pkg::IbexMuBiOn)" (1) "(cheriot_enable_i == ibex_pkg::IbexMuBiOn) 0"
Branch 6 "240721719" "(cheriot_enable_i == ibex_pkg::IbexMuBiOn)" (1) "(cheriot_enable_i == ibex_pkg::IbexMuBiOn) 0"
Branch 7 "240721719" "(cheriot_enable_i == ibex_pkg::IbexMuBiOn)" (1) "(cheriot_enable_i == ibex_pkg::IbexMuBiOn) 0"
Branch 8 "240721719" "(cheriot_enable_i == ibex_pkg::IbexMuBiOn)" (1) "(cheriot_enable_i == ibex_pkg::IbexMuBiOn) 0"
Branch 9 "240721719" "(cheriot_enable_i == ibex_pkg::IbexMuBiOn)" (1) "(cheriot_enable_i == ibex_pkg::IbexMuBiOn) 0"
Branch 10 "240721719" "(cheriot_enable_i == ibex_pkg::IbexMuBiOn)" (1) "(cheriot_enable_i == ibex_pkg::IbexMuBiOn) 0"
MODULE: ibex_controller
Block 65 "3284894791" "if (BranchPredictor)"
MODULE: ibex_controller
Condition 3 "3176021155" "(branch_set_i || jump_set_i || ((cheriot_enable_i == ibex_pkg::IbexMuBiOn) & cheriot_branch_req_i)) 1 -1" (1 "000")
Condition 5 "3804635898" "(cheriot_enable_i == ibex_pkg::IbexMuBiOn) 1 -1" (1 "0")
Condition 70 "3592471996" "(cheriot_enable_i == ibex_pkg::IbexMuBiOn) 1 -1" (1 "0")
Condition 71 "3796829423" "(ctrl_fsm_cs != FLUSH) 1 -1" (2 "1")
Condition 72 "561947849" "((((~illegal_insn_i)) & csr_cheriot_asr_err) | mret_cheriot_asr_err) 1 -1" (1 "00")
Condition 73 "1224631548" "(((~illegal_insn_i)) & csr_cheriot_asr_err) 1 -1" (2 "10")
Condition 75 "1788507296" "(ecall_insn | ebrk_insn | illegal_insn_d | instr_fetch_err | ((cheriot_enable_i == ibex_pkg::IbexMuBiOn) & cheriot_ex_err) | cheriot_asr_err_d) 1 -1" (1 "000000")
Condition 77 "47834464" "(cheriot_enable_i == ibex_pkg::IbexMuBiOn) 1 -1" (1 "0")
Condition 80 "2329995342" "(ecall_insn | ebrk_insn | illegal_insn_d | instr_fetch_err | cheriot_asr_err_d) 1 -1" (1 "00000")
Condition 83 "3359996014" "(exc_req_lsu | ((cheriot_enable_i == ibex_pkg::IbexMuBiOn) & cheriot_wb_err_i)) 1 -1" (1 "00")
Condition 85 "3111790611" "(cheriot_enable_i == ibex_pkg::IbexMuBiOn) 1 -1" (1 "0")
Condition 142 "2858793625" "(load_err_q | store_err_q | load_err_i | store_err_i | ((cheriot_enable_i == ibex_pkg::IbexMuBiOn) & cheriot_wb_err_i)) 1 -1" (1 "00000")
Condition 144 "4048077145" "(cheriot_enable_i == ibex_pkg::IbexMuBiOn) 1 -1" (1 "0")
MODULE: ibex_cheriot_ex
Block 7 "1118384118" "cheriot_rf_we_raw = 1'b0;"
Block 54 "487451129" ";"
Block 55 "1707157085" "case (cheriot_adder_a_sel_i)"
Block 60 "3581702828" "tmp32a = 32'b0;"
Block 61 "2744141533" "case (cheriot_adder_b_sel_i)"
Block 64 "1614952474" "tmp32b = 32'b0;"
Block 65 "1545381993" "addr_result = (tmp32a + tmp32b);"
Block 66 "2056798936" "if ((cheriot_setaddr_sel_i == SETADDR_PCC_PCNXT))"
Block 68 "3607896567" "if ((cheriot_setaddr_sel_i == SETADDR_PCC_ARITH))"
Block 70 "3642681807" "if ((cheriot_setaddr_sel_i == SETADDR_RFA_ARITH))"
Block 72 "1136030325" "if (((cheriot_setaddr_sel_i == SETADDR_SCR) && scr_legalization))"
Block 74 "2780403584" "tfcap1 = 112'b0;"
Block 75 "2153503894" "setaddr1_outcap = ibex_cheriot_pkg::cheriot_set_address(tfcap1, taddr1);"
Block 141 "254557145" "if ((!rst_ni))"
Block 142 "208954213" "cheriot_wb_err_q <= 1'b0;"
Block 143 "73012180" "cheriot_wb_err_q <= cheriot_wb_err_d;"
MODULE: ibex_cheriot_ex
Condition 49 "2140812203" "(cheriot_setaddr_sel_i == SETADDR_PCC_PCNXT) 1 -1" (1 "0")
Condition 50 "3858269055" "(cheriot_setaddr_sel_i == SETADDR_PCC_ARITH) 1 -1" (1 "0")
Condition 51 "3618601917" "(cheriot_setaddr_sel_i == SETADDR_RFA_ARITH) 1 -1" (1 "0")
Condition 53 "677371940" "(cheriot_setaddr_sel_i == SETADDR_SCR) 1 -1" (1 "0")
Condition 105 "2931387268" "(instr_is_cheriot_i | instr_is_rv32lsu_i) 1 -1" (1 "00")
Condition 107 "2919020630" "(instr_is_cheriot_i | instr_is_rv32lsu_i) 1 -1" (1 "00")
Condition 108 "2945604421" "(instr_is_cheriot_i ? rf_rcap_ng_b : 35'b0) 1 -1" (1 "0")
Condition 109 "2075327243" "(instr_is_cheriot_i ? rf_rdata_ng_b : 32'b0) 1 -1" (1 "0")
Condition 118 "2452345331" "(debug_mode_i ? '0 : ('{CTAG:lc_ctag, SD_LM:lc_csdlm, GL_LG:lc_cglg})) 1 -1" (1 "0")
Condition 119 "776353460" "(cheriot_operator_i.CLOAD_CAP | cheriot_operator_i.CSTORE_CAP) 1 -1" (1 "00")
Condition 120 "1529653651" "(is_store_cap ? rf_rdata_b : 32'b0) 1 -1" (1 "0")
Condition 121 "4030100550" "(is_store_cap ? csc_wcap : 35'b0) 1 -1" (1 "0")
Condition 122 "3008940757" "((is_cap | cheriot_operator_i.CJALR) ? ({{20 {cheriot_imm12_i[11]}}, cheriot_imm12_i}) : '0) 1 -1" (1 "0")
Condition 123 "3395516236" "(is_cap | cheriot_operator_i.CJALR) 1 -1" (1 "00")
Condition 124 "558635136" "((cheriot_enable_i == ibex_pkg::IbexMuBiOn) & ((~debug_mode_i)) & (addr_bound_vio_rv32 | perm_vio_rv32)) 1 -1" (1 "011")
Condition 125 "2961510797" "(cheriot_enable_i == ibex_pkg::IbexMuBiOn) 1 -1" (1 "0")
Condition 128 "3777427688" "(cheriot_enable_i == ibex_pkg::IbexMuBiOn) 1 -1" (1 "0")
Condition 129 "2652810038" "(addr_bound_vio | perm_vio | (csr_dbg_tclr_fault_i & perm_vio_slc)) 1 -1" (1 "000")
Condition 132 "3778735365" "(is_cap ? (addr_bound_vio | (cheriot_top_chkaddr_ext > rf_fullcap_a.top33)) : addr_bound_vio) 1 -1" (1 "0")
Condition 134 "2835349090" "(instr_is_cheriot_i ? cheriot_lsu_req : rv32_lsu_req_i) 1 -1" (1 "0")
Condition 135 "130334101" "(instr_is_cheriot_i ? cheriot_lsu_err : rv32_lsu_err) 1 -1" (1 "0")
Condition 136 "3088860628" "(instr_is_cheriot_i ? cheriot_lsu_addr : rv32_lsu_addr_i) 1 -1" (1 "0")
Condition 137 "1351750805" "(instr_is_cheriot_i ? cheriot_lsu_we : rv32_lsu_we_i) 1 -1" (1 "0")
Condition 138 "662083795" "(instr_is_cheriot_i ? cheriot_lsu_wdata : rv32_lsu_wdata_i) 1 -1" (1 "0")
Condition 140 "3287746177" "(instr_is_cheriot_i ? cheriot_lsu_lc_clrperm : '0) 1 -1" (1 "0")
Condition 141 "922430270" "(((~instr_is_cheriot_i)) ? rv32_lsu_type_i : 2'b0) 1 -1" (2 "1")
Condition 142 "3695945265" "(instr_is_cheriot_i ? cheriot_lsu_wcap : 35'b0) 1 -1" (1 "0")
Condition 143 "2716792605" "(((~instr_is_cheriot_i)) ? rv32_lsu_sign_ext_i : 1'b0) 1 -1" (2 "1")
Condition 144 "4007057154" "(((cheriot_enable_i != ibex_pkg::IbexMuBiOn) | instr_is_rv32lsu_i) ? addr_incr_req_i : 1'b0) 1 -1" (2 "1")
Condition 145 "2407648472" "((cheriot_enable_i != ibex_pkg::IbexMuBiOn) | instr_is_rv32lsu_i) 1 -1" (3 "10")
Condition 146 "998887764" "(cheriot_enable_i != ibex_pkg::IbexMuBiOn) 1 -1" (2 "1")
MODULE: ibex_cheriot_ex
Branch 2 "1293082901" "instr_is_cheriot_i" (1) "instr_is_cheriot_i 0"
Branch 3 "1293082901" "instr_is_cheriot_i" (1) "instr_is_cheriot_i 0"
Branch 4 "3610553060" "debug_mode_i" (1) "debug_mode_i 0"
Branch 5 "822058008" "is_store_cap" (1) "is_store_cap 0"
Branch 6 "822058008" "is_store_cap" (1) "is_store_cap 0"
Branch 7 "991943670" "(is_cap | cheriot_operator_i.CJALR)" (1) "(is_cap | cheriot_operator_i.CJALR) 0"
Branch 8 "2153596606" "is_cap" (1) "is_cap 0"
Branch 9 "1293082901" "instr_is_cheriot_i" (1) "instr_is_cheriot_i 0"
Branch 10 "1293082901" "instr_is_cheriot_i" (1) "instr_is_cheriot_i 0"
Branch 11 "1293082901" "instr_is_cheriot_i" (1) "instr_is_cheriot_i 0"
Branch 12 "1293082901" "instr_is_cheriot_i" (1) "instr_is_cheriot_i 0"
Branch 13 "1293082901" "instr_is_cheriot_i" (1) "instr_is_cheriot_i 0"
Branch 14 "1293082901" "instr_is_cheriot_i" (1) "instr_is_cheriot_i 0"
Branch 15 "1571378344" "(~instr_is_cheriot_i)" (0) "(~instr_is_cheriot_i) 1"
Branch 16 "1293082901" "instr_is_cheriot_i" (1) "instr_is_cheriot_i 0"
Branch 17 "1571378344" "(~instr_is_cheriot_i)" (0) "(~instr_is_cheriot_i) 1"
Branch 21 "1505174304" "1'b1" (39) "1'b1 default,-,-,-,-,-,-,-,-,-,-,-,-,-,-"
Branch 22 "491773564" "cheriot_adder_a_sel_i" (4) "cheriot_adder_a_sel_i default"
Branch 23 "3026872665" "cheriot_adder_b_sel_i" (2) "cheriot_adder_b_sel_i default"
Branch 24 "3593742652" "(cheriot_setaddr_sel_i == SETADDR_PCC_PCNXT)" (4) "(cheriot_setaddr_sel_i == SETADDR_PCC_PCNXT) 0,0,0,0"
Branch 33 "455461571" "(!rst_ni)"
MODULE: ibex_wb_stage
Condition 7 "1050359817" "((g_writeback_stage.wb_instr_type_q == WB_INSTR_OTHER) && ( ~ (g_writeback_stage.wb_is_cheriot_q && (g_writeback_stage.wb_cheriot_load_q | g_writeback_stage.wb_cheriot_store_q)) )) 1 -1" (1 "01")
Condition 7 "1050359817" "((g_writeback_stage.wb_instr_type_q == WB_INSTR_OTHER) && ( ~ (g_writeback_stage.wb_is_cheriot_q && (g_writeback_stage.wb_cheriot_load_q | g_writeback_stage.wb_cheriot_store_q)) )) 1 -1" (3 "11")
Condition 8 "2664526282" "(g_writeback_stage.wb_instr_type_q == WB_INSTR_OTHER) 1 -1"
Condition 11 "1171868657" "(g_writeback_stage.wb_cheriot_load_q | g_writeback_stage.wb_cheriot_store_q) 1 -1" (1 "00")
Condition 12 "725071982" "(g_writeback_stage.wb_is_cheriot_q ? g_writeback_stage.cheriot_rf_wdata_q : g_writeback_stage.rf_wdata_wb_q) 1 -1" (1 "0")
Condition 13 "2961034308" "((g_writeback_stage.wb_is_cheriot_q ? g_writeback_stage.cheriot_rf_we_q : g_writeback_stage.rf_we_wb_q) & g_writeback_stage.wb_valid_q) 1 -1" (3 "11")
Condition 14 "3917025692" "(g_writeback_stage.wb_is_cheriot_q ? g_writeback_stage.cheriot_rf_we_q : g_writeback_stage.rf_we_wb_q) 1 -1" (1 "0")
Condition 17 "2118756943" "(g_writeback_stage.rf_we_wb_q | (g_writeback_stage.wb_is_cheriot_q & g_writeback_stage.cheriot_rf_we_q) | (g_writeback_stage.wb_instr_type_q == WB_INSTR_LOAD) | g_writeback_stage.wb_cheriot_load_q) 1 -1" (3 "0010")
Condition 17 "2118756943" "(g_writeback_stage.rf_we_wb_q | (g_writeback_stage.wb_is_cheriot_q & g_writeback_stage.cheriot_rf_we_q) | (g_writeback_stage.wb_instr_type_q == WB_INSTR_LOAD) | g_writeback_stage.wb_cheriot_load_q) 1 -1" (5 "1000")
Condition 19 "1524849336" "(g_writeback_stage.wb_instr_type_q == WB_INSTR_LOAD) 1 -1"
Condition 21 "683942157" "((g_writeback_stage.wb_instr_type_q == WB_INSTR_LOAD) | g_writeback_stage.wb_cheriot_load_q) 1 -1" (1 "00")
Condition 21 "683942157" "((g_writeback_stage.wb_instr_type_q == WB_INSTR_LOAD) | g_writeback_stage.wb_cheriot_load_q) 1 -1" (3 "10")
Condition 22 "1547939082" "(g_writeback_stage.wb_instr_type_q == WB_INSTR_LOAD) 1 -1"
Condition 24 "4030434628" "((g_writeback_stage.wb_instr_type_q == WB_INSTR_STORE) | g_writeback_stage.wb_cheriot_store_q) 1 -1" (1 "00")
Condition 25 "879928551" "(g_writeback_stage.wb_instr_type_q == WB_INSTR_STORE) 1 -1" (1 "0")
Condition 33 "544455248" "(g_writeback_stage.wb_is_cheriot_q ? g_writeback_stage.cheriot_rf_wdata_q : g_writeback_stage.rf_wdata_wb_q) 1 -1" (1 "0")
Condition 34 "4240765222" "(g_writeback_stage.wb_is_cheriot_q ? g_writeback_stage.cheriot_rf_wcap_q : 35'b0) 1 -1" (1 "0")
Condition 35 "3725094106" "((g_writeback_stage.wb_is_cheriot_q && ((~g_writeback_stage.wb_cheriot_load_q))) ? g_writeback_stage.cheriot_rf_wcap_q : 35'b0) 1 -1" (1 "0")
Condition 36 "41128219" "(g_writeback_stage.wb_is_cheriot_q && ((~g_writeback_stage.wb_cheriot_load_q))) 1 -1" (1 "01")
MODULE: ibex_wb_stage
Branch 1 "1817426624" "g_writeback_stage.wb_is_cheriot_q" (1) "g_writeback_stage.wb_is_cheriot_q 0"
Branch 2 "1817426624" "g_writeback_stage.wb_is_cheriot_q" (1) "g_writeback_stage.wb_is_cheriot_q 0"
MODULE: ibex_register_file_ff
Condition 61 "3519103332" "(cheriot_enable_i == ibex_pkg::IbexMuBiOn) 1 -1" (1 "0")
Condition 62 "229383017" "(g_cheriot_rf.cheriot_enabled ? wcap_a_i : (35'(wdata_a_i))) 1 -1" (1 "0")
Condition 64 "216852016" "(raddr_a_i[4] && ((!g_cheriot_rf.cheriot_enabled))) 1 -1" (1 "01")
Condition 66 "39126227" "(raddr_b_i[4] && ((!g_cheriot_rf.cheriot_enabled))) 1 -1" (1 "01")
Condition 67 "2391767907" "(g_cheriot_rf.cheriot_enabled ? ((raddr_a_i[3:0] == '0) ? g_cheriot_rf.rcap_r0 : g_cheriot_rf.rf_shared[raddr_a_i[3:0]]) : CapWordZeroVal) 1 -1" (1 "0")
Condition 70 "2882321518" "(g_cheriot_rf.cheriot_enabled ? ((raddr_b_i[3:0] == '0) ? g_cheriot_rf.rcap_r0 : g_cheriot_rf.rf_shared[raddr_b_i[3:0]]) : CapWordZeroVal) 1 -1" (1 "0")
Condition 74 "2362779018" "(g_cheriot_rf.cheriot_enabled ? g_cheriot_rf.g_dummy_r0.we_data_r0 : (((!RV32E)) && g_cheriot_rf.we_a_dec[0] && waddr_a_i[4])) 1 -1" (1 "0")
Condition 75 "511540786" "(((!RV32E)) && g_cheriot_rf.we_a_dec[0] && waddr_a_i[4]) 1 -1" (2 "-10")
ANNOTATION: "vcs_gen_start:i=1:vcs_gen_end"
Condition 16 "3185741592" "((g_cheriot_rf.cheriot_enabled && g_cheriot_rf.we_a_dec[1] && ((!waddr_a_i[4]))) || (((!g_cheriot_rf.cheriot_enabled)) && ((!RV32E)) && g_cheriot_rf.we_a_dec[1] && waddr_a_i[4])) 1 -1" (1 "00")
ANNOTATION: "vcs_gen_start:i=2:vcs_gen_end"
Condition 19 "1777694937" "((g_cheriot_rf.cheriot_enabled && g_cheriot_rf.we_a_dec[2] && ((!waddr_a_i[4]))) || (((!g_cheriot_rf.cheriot_enabled)) && ((!RV32E)) && g_cheriot_rf.we_a_dec[2] && waddr_a_i[4])) 1 -1" (1 "00")
ANNOTATION: "vcs_gen_start:i=3:vcs_gen_end"
Condition 22 "1614966701" "((g_cheriot_rf.cheriot_enabled && g_cheriot_rf.we_a_dec[3] && ((!waddr_a_i[4]))) || (((!g_cheriot_rf.cheriot_enabled)) && ((!RV32E)) && g_cheriot_rf.we_a_dec[3] && waddr_a_i[4])) 1 -1" (1 "00")
ANNOTATION: "vcs_gen_start:i=4:vcs_gen_end"
Condition 25 "39722275" "((g_cheriot_rf.cheriot_enabled && g_cheriot_rf.we_a_dec[4] && ((!waddr_a_i[4]))) || (((!g_cheriot_rf.cheriot_enabled)) && ((!RV32E)) && g_cheriot_rf.we_a_dec[4] && waddr_a_i[4])) 1 -1" (1 "00")
ANNOTATION: "vcs_gen_start:i=5:vcs_gen_end"
Condition 28 "199821911" "((g_cheriot_rf.cheriot_enabled && g_cheriot_rf.we_a_dec[5] && ((!waddr_a_i[4]))) || (((!g_cheriot_rf.cheriot_enabled)) && ((!RV32E)) && g_cheriot_rf.we_a_dec[5] && waddr_a_i[4])) 1 -1" (1 "00")
ANNOTATION: "vcs_gen_start:i=6:vcs_gen_end"
Condition 31 "3758030230" "((g_cheriot_rf.cheriot_enabled && g_cheriot_rf.we_a_dec[6] && ((!waddr_a_i[4]))) || (((!g_cheriot_rf.cheriot_enabled)) && ((!RV32E)) && g_cheriot_rf.we_a_dec[6] && waddr_a_i[4])) 1 -1" (1 "00")
ANNOTATION: "vcs_gen_start:i=7:vcs_gen_end"
Condition 34 "3595168482" "((g_cheriot_rf.cheriot_enabled && g_cheriot_rf.we_a_dec[7] && ((!waddr_a_i[4]))) || (((!g_cheriot_rf.cheriot_enabled)) && ((!RV32E)) && g_cheriot_rf.we_a_dec[7] && waddr_a_i[4])) 1 -1" (1 "00")
ANNOTATION: "vcs_gen_start:i=8:vcs_gen_end"
Condition 37 "2488681551" "((g_cheriot_rf.cheriot_enabled && g_cheriot_rf.we_a_dec[8] && ((!waddr_a_i[4]))) || (((!g_cheriot_rf.cheriot_enabled)) && ((!RV32E)) && g_cheriot_rf.we_a_dec[8] && waddr_a_i[4])) 1 -1" (1 "00")
ANNOTATION: "vcs_gen_start:i=9:vcs_gen_end"
Condition 40 "2648789819" "((g_cheriot_rf.cheriot_enabled && g_cheriot_rf.we_a_dec[9] && ((!waddr_a_i[4]))) || (((!g_cheriot_rf.cheriot_enabled)) && ((!RV32E)) && g_cheriot_rf.we_a_dec[9] && waddr_a_i[4])) 1 -1" (1 "00")
ANNOTATION: "vcs_gen_start:i=10:vcs_gen_end"
Condition 43 "3479318007" "((g_cheriot_rf.cheriot_enabled && g_cheriot_rf.we_a_dec[10] && ((!waddr_a_i[4]))) || (((!g_cheriot_rf.cheriot_enabled)) && ((!RV32E)) && g_cheriot_rf.we_a_dec[10] && waddr_a_i[4])) 1 -1" (1 "00")
ANNOTATION: "vcs_gen_start:i=11:vcs_gen_end"
Condition 46 "2921391339" "((g_cheriot_rf.cheriot_enabled && g_cheriot_rf.we_a_dec[11] && ((!waddr_a_i[4]))) || (((!g_cheriot_rf.cheriot_enabled)) && ((!RV32E)) && g_cheriot_rf.we_a_dec[11] && waddr_a_i[4])) 1 -1" (1 "00")
ANNOTATION: "vcs_gen_start:i=12:vcs_gen_end"
Condition 49 "2759318976" "((g_cheriot_rf.cheriot_enabled && g_cheriot_rf.we_a_dec[12] && ((!waddr_a_i[4]))) || (((!g_cheriot_rf.cheriot_enabled)) && ((!RV32E)) && g_cheriot_rf.we_a_dec[12] && waddr_a_i[4])) 1 -1" (1 "00")
ANNOTATION: "vcs_gen_start:i=13:vcs_gen_end"
Condition 52 "3308590300" "((g_cheriot_rf.cheriot_enabled && g_cheriot_rf.we_a_dec[13] && ((!waddr_a_i[4]))) || (((!g_cheriot_rf.cheriot_enabled)) && ((!RV32E)) && g_cheriot_rf.we_a_dec[13] && waddr_a_i[4])) 1 -1" (1 "00")
ANNOTATION: "vcs_gen_start:i=14:vcs_gen_end"
Condition 55 "957611215" "((g_cheriot_rf.cheriot_enabled && g_cheriot_rf.we_a_dec[14] && ((!waddr_a_i[4]))) || (((!g_cheriot_rf.cheriot_enabled)) && ((!RV32E)) && g_cheriot_rf.we_a_dec[14] && waddr_a_i[4])) 1 -1" (1 "00")
ANNOTATION: "vcs_gen_start:i=15:vcs_gen_end"
Condition 58 "1481717203" "((g_cheriot_rf.cheriot_enabled && g_cheriot_rf.we_a_dec[15] && ((!waddr_a_i[4]))) || (((!g_cheriot_rf.cheriot_enabled)) && ((!RV32E)) && g_cheriot_rf.we_a_dec[15] && waddr_a_i[4])) 1 -1" (1 "00")
MODULE: ibex_register_file_ff
Branch 0 "4011465380" "g_cheriot_rf.cheriot_enabled" (1) "g_cheriot_rf.cheriot_enabled 0"
MODULE: ibex_if_stage
Condition 5 "922704594" "(((BaseIsa == BaseIsaRV32IorCHERIoT) & (cheriot_enable_i == ibex_pkg::IbexMuBiOn)) ? ({csr_mtvec_i[31:2], 2'b0}) : ({csr_mtvec_i[31:8], 1'b0, irq_vec, 2'b0})) 1 -1" (1 "0")
Condition 6 "2855370770" "((BaseIsa == BaseIsaRV32IorCHERIoT) & (cheriot_enable_i == ibex_pkg::IbexMuBiOn)) 1 -1" (1 "-0")
Condition 7 "4235762573" "(BaseIsa == BaseIsaRV32IorCHERIoT) 1 -1" (2 "1")
Condition 8 "534766574" "(cheriot_enable_i == ibex_pkg::IbexMuBiOn) 1 -1" (1 "0")
Condition 21 "2560706854" "(if_instr_bus_err | if_instr_pmp_err | cheriot_acc_vio | cheriot_bound_vio) 1 -1" (1 "0000")
Condition 33 "1596899362" "(cheriot_enable_i == ibex_pkg::IbexMuBiOn) 1 -1" (1 "0")
Condition 36 "1344744173" "(cheriot_enable_i == ibex_pkg::IbexMuBiOn) 1 -1" (1 "0")
Condition 39 "221902249" "(cheriot_enable_i == ibex_pkg::IbexMuBiOn) 1 -1" (1 "0")
