Info: [VCS_SAVE_RESTORE_INFO] ASLR (Address Space Layout Randomization) is detected on the machine. To enable $save functionality, ASLR will be switched off and simv re-executed.
Please use '-no_save' simv switch to avoid re-execution or '-suppress=ASLR_DETECTED_INFO' to suppress this message.
Chronologic VCS simulator copyright 1991-2025
Contains Synopsys proprietary information.
Compiler version X-2025.06-SP2_Full64; Runtime version X-2025.06-SP2_Full64;  Sep  3 11:36 2026
     -.--ns INFO     gpi                                ..mbed/gpi_embed.cpp:108  in set_program_name_in_venv        Using Python virtual environment interpreter at /proj_soc/user_dev/fzhang/ibex_dv_mirror/.venv/bin/python
     -.--ns INFO     gpi                                ../gpi/GpiCommon.cpp:101  in gpi_print_registered_impl       VPI registered
     0.00ns INFO     cocotb                             Running on Chronologic Simulation VCS Release version X-2025.06-SP2_Full64
     0.00ns INFO     cocotb                             Running tests with cocotb v1.9.2 from /proj_soc/user_dev/fzhang/ibex_dv_mirror/.venv/lib/python3.12/site-packages/cocotb
     0.00ns INFO     cocotb                             Seeding Python random module with supplied seed 1
     0.00ns INFO     cocotb.regression                  pytest not found, install it to enable better AssertionError messages
     0.00ns INFO     cocotb.regression                  Found test dv.auto_dv.gen_tb.gen_tests.gen_ut_export.gen_ut_export
     0.00ns INFO     cocotb.regression                  running gen_ut_export (1/1)
GEN_CONFIG_BANNER build_config=opentitan
GEN_CONFIG_BANNER BaseIsa=BaseIsaRV32IorCHERIoT RV32M=RV32MSingleCycle RV32B=RV32BOTEarlGrey RV32ZC=RV32ZcaZcbZcmp RegFile=RegFileFF
GEN_CONFIG_BANNER RV32E=0 BranchTargetALU=1 WritebackStage=1 ICache=1 ICacheECC=1 ICacheScramble=1
GEN_CONFIG_BANNER BranchPredictor=0 DbgTriggerEn=1 DbgHwBreakNum=1 SecureIbex=1
GEN_CONFIG_BANNER PMPEnable=1 PMPGranularity=0 PMPNumRegions=16 MHPMCounterNum=10 MHPMCounterWidth=32
GEN_CONFIG_BANNER RegFileECC=0 ResetAll=1 DummyInstructions=1 MemECC=1 ICacheTweakInfection=1
GEN_CONFIG_BANNER MemDataWidth=39 RegFileDataWidth=32 RegFileCapEccWidth=35 BusSizeECC=39 TagSizeECC=28 LineSizeECC=78
GEN_CONFIG_BANNER DmBaseAddr=0x1a110000 DmAddrMask=0x00000fff DmHaltAddr=0x1a110800 DmExceptionAddr=0x1a110808
GEN_CONFIG_BANNER CsrMvendorId=0x00000000 CsrMimpId=0x00000000 cheriot_enable=Off rf_test_en=0
GEN_CONFIG_BANNER RndCnstLfsrSeed=0xac533bf4 RndCnstLfsrPerm=0x1e35ecba467fd1b12e958152c04fa43878a8daed
GEN_CONFIG_BANNER PMPRstCfg/PMPRstAddr/PMPRstMsecCfg=ibex_pkg::PmpCfgRst/PmpAddrRst/PmpMseccfgRst (ibex_core defaults, all regions OFF)
GEN_CONFIG_BANNER RVFI=1
GEN_CONFIG_BANNER GEN_DUT_SPLIT_INTG=0
UVM_INFO @ 0: reporter [RNTST] Running test gen_base_test...
GEN_CONFIG_BANNER tb=gen_tb_top uvm_test=gen_base_test seed=1 build_config=opentitan pinned_knobs=1 regime_sched=derived
GEN_CONFIG_BANNER define SIMULATION=0 (F-DIT-025)
GEN_CONFIG_BANNER define COCOTB_SIM=1 (cocotb-master run)
GEN_CONFIG_BANNER boot_addr=0x80000000 hart_id=0x00000000 alive_timeout=100000 finish_timeout=20000 mem_image=/proj_soc/user_dev/fzhang/ibex_dv_out/probe_t150_979350a/runs/gen_ut_export_scrkey_delayed_1/program/prog.vmem tohost=0x800027c0
GEN_CONFIG_BANNER knobs imem gnt=short rvalid=short err=none intg=none cap=cap8 dmem gnt=short rvalid=short err=none intg=none key=delayed icram_init=random
GEN_CONFIG_BANNER knobs irq regime=quiet line_mix=single hold=until_taken debug_req=none fetch_enable=always_on icache_ecc=none
UVM_INFO /proj_soc/user_dev/fzhang/ibex_dv_mirror_head/979350aadee1/dv/auto_dv/env/gen_env_pkg.sv(181) @ 0: uvm_test_top.env [MEM_LOAD] image /proj_soc/user_dev/fzhang/ibex_dv_out/probe_t150_979350a/runs/gen_ut_export_scrkey_delayed_1/program/prog.vmem: 28943 words, crc32 0x0d384389 verified
UVM_INFO /proj_soc/user_dev/fzhang/ibex_dv_mirror_head/979350aadee1/dv/auto_dv/env/gen_env_pkg.sv(211) @ 0: uvm_test_top.env [GEN_ENV] ibus: ibus gnt=1..3(short) rvalid=2..4(short) cap=8(cap8) err=0/1000(none) intg=0/1000(none)x1
UVM_INFO /proj_soc/user_dev/fzhang/ibex_dv_mirror_head/979350aadee1/dv/auto_dv/env/gen_env_pkg.sv(212) @ 0: uvm_test_top.env [GEN_ENV] dbus: dbus gnt=1..3(short) rvalid=2..4(short) cap=2(cap2) err=0/1000(none) intg=0/1000(none)x1
UVM_INFO /proj_soc/user_dev/fzhang/ibex_dv_mirror_head/979350aadee1/dv/auto_dv/env/gen_agents_pkg.sv(370) @ 0: uvm_test_top.env.dbus_agent [gen_bus_agent] uvm_test_top.env.dbus_agent: sva_rvalid_legal armed
UVM_INFO /proj_soc/user_dev/fzhang/ibex_dv_mirror_head/979350aadee1/dv/auto_dv/env/gen_agents_pkg.sv(370) @ 0: uvm_test_top.env.ibus_agent [gen_bus_agent] uvm_test_top.env.ibus_agent: sva_rvalid_legal armed
UVM_INFO /proj_soc/user_dev/fzhang/ibex_dv_mirror_head/979350aadee1/dv/auto_dv/env/gen_rvfi_pkg.sv(239) @ 0: uvm_test_top.env.sb [GEN_SB] ISA model ready: pc=80000080 mtvec=80000001
UVM_INFO /proj_soc/user_dev/fzhang/ibex_dv_mirror_head/979350aadee1/dv/auto_dv/env/gen_export_pkg.sv(131) @ 0: uvm_test_top.env.sink [GEN_EXPORT] export file gen_export.txt open; sources: ibus,dbus,pin,alert,misc,scrkey,regime
     5.00ns INFO     cocotb.gen_tb_top                  GEN_BRIDGE started: listener armed, stim_active=1
UVM_INFO /proj_soc/user_dev/fzhang/ibex_dv_mirror_head/979350aadee1/dv/auto_dv/env/gen_agents_pkg.sv(720) @ 65000: uvm_test_top.env.ctrl [GEN_CTRL] fetch_enable_i <= On (FETCH_EN arg 1)
UVM_INFO @ 2214000: reporter [GEN_EOT] end-of-test store 0x00000001 at 0x800027c0 (store 1)
101115.00ns INFO     cocotb.gen_tb_top                  GEN_UT_EXPORT flush seq 2: records 2008 retired 2008 markers 0 events 15765 (bridge retired now 2008; early flush seq 1 had 1000 records)
101115.00ns INFO     cocotb.gen_tb_top                  GEN_UT_EXPORT fetch_enable lines 2; FETCH_EN(1) line at cycle 60, ack cycle 60, offset 0
101115.00ns INFO     cocotb.gen_tb_top                  GEN_BRIDGE finish budget 5000 cycles (caller)
UVM_INFO /proj_soc/user_dev/fzhang/ibex_dv_mirror_head/979350aadee1/dv/auto_dv/env/gen_env_pkg.sv(334) @ 10111500: uvm_test_top [GEN_BASE_TEST] finish_req seen at cycle 10106, commands consumed 67, retired 2008
UVM_INFO /tools_vendor/synopsys/vcs/X-2025.06-SP2/etc/uvm-1.2/base/uvm_objection.svh(1276) @ 10111500: reporter [TEST_DONE] 'run' phase is ready to proceed to the 'extract' phase
UVM_INFO /proj_soc/user_dev/fzhang/ibex_dv_mirror_head/979350aadee1/dv/auto_dv/env/gen_agents_pkg.sv(672) @ 10111500: uvm_test_top.env.dbg [GEN_DBG] requests=0 releases=0
UVM_INFO /proj_soc/user_dev/fzhang/ibex_dv_mirror_head/979350aadee1/dv/auto_dv/env/gen_checkers_pkg.sv(283) @ 10111500: uvm_test_top.env.dbg_chk [GEN_DBG_CHK] debug entries=0 bound failures=0 masked failures=0
UVM_INFO /proj_soc/user_dev/fzhang/ibex_dv_mirror_head/979350aadee1/dv/auto_dv/env/gen_agents_pkg.sv(378) @ 10111500: uvm_test_top.env.dbus_agent [gen_bus_agent] dbus gnt=1..3(short) rvalid=2..4(short) cap=2(cap2) err=0/1000(none) intg=0/1000(none)x1: grants=550 responses=550 injected_err=0 injected_intg=0
UVM_INFO /proj_soc/user_dev/fzhang/ibex_dv_mirror_head/979350aadee1/dv/auto_dv/env/gen_agents_pkg.sv(378) @ 10111500: uvm_test_top.env.ibus_agent [gen_bus_agent] ibus gnt=1..3(short) rvalid=2..4(short) cap=8(cap8) err=0/1000(none) intg=0/1000(none)x1: grants=3167 responses=3167 injected_err=0 injected_intg=0
UVM_INFO /proj_soc/user_dev/fzhang/ibex_dv_mirror_head/979350aadee1/dv/auto_dv/env/gen_agents_pkg.sv(604) @ 10111500: uvm_test_top.env.irq [GEN_IRQ] events=0 releases=0 regime_events=0 final_levels=00000
UVM_INFO /proj_soc/user_dev/fzhang/ibex_dv_mirror_head/979350aadee1/dv/auto_dv/env/gen_checkers_pkg.sv(238) @ 10111500: uvm_test_top.env.irq_chk [GEN_IRQ_CHK] irq_pending cycles checked=10104 mismatches=0; entries=0 nmi=0 (internal 0, accepted on announced corruptions) cause checked=0 mismatches=0 priority undecidable=0 bound failures=0 expectations released=0 open expectations=0
UVM_INFO /proj_soc/user_dev/fzhang/ibex_dv_mirror_head/979350aadee1/dv/auto_dv/env/gen_checkers_pkg.sv(423) @ 10111500: uvm_test_top.env.misc_mon [GEN_MISC] alert_bus hits=0 mismatches=0; alert_minor hits=0 mismatches=0; alert_internal hits=0; data_tag hits=0; sync traps=1 double faults expected=0 pulses=0 mismatches=0
UVM_INFO /proj_soc/user_dev/fzhang/ibex_dv_mirror_head/979350aadee1/dv/auto_dv/env/gen_rvfi_pkg.sv(163) @ 10111500: uvm_test_top.env.rvfi_mon [GEN_RVFI_MON] records=2008 irq_markers=0
UVM_INFO /proj_soc/user_dev/fzhang/ibex_dv_mirror_head/979350aadee1/dv/auto_dv/env/gen_rvfi_pkg.sv(511) @ 10111500: uvm_test_top.env.sb [GEN_SB] ISA compare: records=2008 mismatches=0 folded=0 draft_b=0 traps=1 breakpoints=0 irq_entries=0 dbg_entries=0 zcmp_splits=0 faults_armed=0 faults_unannounced=0 bus_err_announced=0 b13_odd_jalr=0 rvfi_rmask_on_nonload=1457
UVM_INFO /proj_soc/user_dev/fzhang/ibex_dv_mirror_head/979350aadee1/dv/auto_dv/env/gen_export_pkg.sv(173) @ 10111500: uvm_test_top.env.sink [GEN_EXPORT] export: records=2008 markers=0 events=15766 flushes=2
UVM_INFO /proj_soc/user_dev/fzhang/ibex_dv_mirror_head/979350aadee1/dv/auto_dv/env/gen_env_pkg.sv(241) @ 10111500: uvm_test_top.env [GEN_ENV] mem: 28943 words, 0 mmio writes, 0 unmapped accesses; eot stores 486 (last code 0x00000001); sig writes 0; key requests 5; commands routed 67 ignored 0
101115.00ns INFO     cocotb.gen_tb_top                  GEN_BRIDGE finished: 67 commands sent and consumed, 2008 retirements counted
101115.00ns INFO     cocotb.gen_tb_top                  GEN_UT_EXPORT_PASS
UVM_INFO /tools_vendor/synopsys/vcs/X-2025.06-SP2/etc/uvm-1.2/base/uvm_report_server.svh(904) @ 10111500: reporter [UVM/REPORT/SERVER] 
--- UVM Report Summary ---

** Report counts by severity
UVM_INFO :   23
UVM_WARNING :    0
UVM_ERROR :    0
UVM_FATAL :    0
** Report counts by id
[GEN_BASE_TEST]     1
[GEN_CTRL]     1
[GEN_DBG]     1
[GEN_DBG_CHK]     1
[GEN_ENV]     3
[GEN_EOT]     1
[GEN_EXPORT]     2
[GEN_IRQ]     1
[GEN_IRQ_CHK]     1
[GEN_MISC]     1
[GEN_RVFI_MON]     1
[GEN_SB]     2
[MEM_LOAD]     1
[RNTST]     1
[TEST_DONE]     1
[gen_bus_agent]     4

101115.01ns INFO     cocotb.regression                  gen_ut_export passed
101115.01ns INFO     cocotb.regression                  *****************************************************************************************************************
                                                        ** TEST                                                     STATUS  SIM TIME (ns)  REAL TIME (s)  RATIO (ns/s) **
                                                        *****************************************************************************************************************
                                                        ** dv.auto_dv.gen_tb.gen_tests.gen_ut_export.gen_ut_export   PASS      101115.01           0.69     146327.38  **
                                                        *****************************************************************************************************************
                                                        ** TESTS=1 PASS=1 FAIL=0 SKIP=0                                        101115.01           0.72     140348.09  **
                                                        *****************************************************************************************************************
                                                        
$finish at simulation time             10111501
"/proj_soc/user_dev/fzhang/ibex_dv_mirror_head/979350aadee1/dv/auto_dv/tb/gen_bus_if.sv", 51: gen_tb_top.u_dbus_if.cov_rvalid_legal, 10112 attempts, 550 match
"/proj_soc/user_dev/fzhang/ibex_dv_mirror_head/979350aadee1/dv/auto_dv/tb/gen_bus_if.sv", 51: gen_tb_top.u_ibus_if.cov_rvalid_legal, 10112 attempts, 3167 match
           V C S   S i m u l a t i o n   R e p o r t 
Time: 101115010 ps
CPU Time:      1.020 seconds;       Data structure size:   8.8Mb
Thu Sep  3 11:36:21 2026
