Command: /localdev/fzhang/ws/ibex-challenge/dv/auto_dv/work/tb-infra/out_t068b/vcs_simv +vcs+lic+wait +ntb_random_seed=1 +UVM_TESTNAME=gen_base_test +UVM_VERBOSITY=UVM_LOW +UVM_NO_RELNOTES +gen_build_config=opentitan +gen_alive_timeout=3000 -l /localdev/fzhang/ws/ibex-challenge/dv/auto_dv/work/tb-infra/out_t068b/neg_noalive_derived/sim.log
Chronologic VCS simulator copyright 1991-2025
Contains Synopsys proprietary information.
Compiler version X-2025.06-SP2_Full64; Runtime version X-2025.06-SP2_Full64;  Sep  3 05:45 2026
GEN_CONFIG_BANNER build_config=opentitan
GEN_CONFIG_BANNER BaseIsa=BaseIsaRV32IorCHERIoT RV32M=RV32MSingleCycle RV32B=RV32BOTEarlGrey RV32ZC=RV32ZcaZcbZcmp RegFile=RegFileFF
GEN_CONFIG_BANNER RV32E=0 BranchTargetALU=1 WritebackStage=1 ICache=1 ICacheECC=1 ICacheScramble=1
GEN_CONFIG_BANNER BranchPredictor=0 DbgTriggerEn=1 DbgHwBreakNum=1 SecureIbex=1
GEN_CONFIG_BANNER PMPEnable=1 PMPGranularity=0 PMPNumRegions=16 MHPMCounterNum=10 MHPMCounterWidth=32
GEN_CONFIG_BANNER RegFileECC=0 ResetAll=1 DummyInstructions=1 MemECC=1 ICacheTweakInfection=1
GEN_CONFIG_BANNER MemDataWidth=39 RegFileDataWidth=32 RegFileCapEccWidth=35 BusSizeECC=39 TagSizeECC=28 LineSizeECC=78
GEN_CONFIG_BANNER DmBaseAddr=0x1a110000 DmAddrMask=0x00000fff DmHaltAddr=0x1a110800 DmExceptionAddr=0x1a110808
GEN_CONFIG_BANNER CsrMvendorId=0x00000000 CsrMimpId=0x00000000 cheriot_enable=Off rf_test_en=0
GEN_CONFIG_BANNER RndCnstLfsrSeed=0xac533bf4 RndCnstLfsrPerm=0x1e35ecba467fd1b12e958152c04fa43878a8daed
GEN_CONFIG_BANNER PMPRstCfg/PMPRstAddr/PMPRstMsecCfg=ibex_pkg::PmpCfgRst/PmpAddrRst/PmpMseccfgRst (ibex_core defaults, all regions OFF)
GEN_CONFIG_BANNER RVFI=1
GEN_CONFIG_BANNER GEN_DUT_SPLIT_INTG=0
UVM_INFO @ 0: reporter [RNTST] Running test gen_base_test...
GEN_CONFIG_BANNER tb=gen_tb_top uvm_test=gen_base_test seed=1 build_config=opentitan pinned_knobs=0 regime_sched=derived
GEN_CONFIG_BANNER define SIMULATION=0 (F-DIT-025)
GEN_CONFIG_BANNER define COCOTB_SIM=1 (cocotb-master run)
GEN_CONFIG_BANNER boot_addr=0x80000000 hart_id=0x00000000 alive_timeout=3000 finish_timeout=20000 mem_image=none tohost=none
GEN_CONFIG_BANNER knobs imem gnt=short rvalid=short err=none intg=none cap=cap8 dmem gnt=short rvalid=short err=none intg=none key=immediate icram_init=random
UVM_WARNING dv/auto_dv/env/gen_env_pkg.sv(129) @ 0: uvm_test_top.env [MEM_LOAD] no +gen_mem_image: the core fetches zeros from RAM (bring-up only)
UVM_INFO dv/auto_dv/env/gen_env_pkg.sv(151) @ 0: uvm_test_top.env [GEN_ENV] ibus: ibus gnt=1..3(short) rvalid=2..4(short) cap=8(cap8) err=0/1000(none) intg=0/1000(none)x1
UVM_INFO dv/auto_dv/env/gen_env_pkg.sv(152) @ 0: uvm_test_top.env [GEN_ENV] dbus: dbus gnt=1..3(short) rvalid=2..4(short) cap=2(cap2) err=0/1000(none) intg=0/1000(none)x1
UVM_INFO dv/auto_dv/env/gen_agents_pkg.sv(310) @ 0: uvm_test_top.env.dbus_agent [gen_bus_agent] uvm_test_top.env.dbus_agent: sva_rvalid_legal armed
UVM_INFO dv/auto_dv/env/gen_agents_pkg.sv(310) @ 0: uvm_test_top.env.ibus_agent [gen_bus_agent] uvm_test_top.env.ibus_agent: sva_rvalid_legal armed
UVM_INFO dv/auto_dv/env/gen_rvfi_pkg.sv(168) @ 0: uvm_test_top.env.sb [GEN_SB] ISA model ready: pc=80000080 mtvec=80000001
               13000: Illegal instruction (hart 0) at PC 0x80000080: 0x00000000
               20000: Illegal instruction (hart 0) at PC 0x80000000: 0x00000000
               27000: Illegal instruction (hart 0) at PC 0x80000000: 0x00000000
               35000: Illegal instruction (hart 0) at PC 0x80000000: 0x00000000
               44000: Illegal instruction (hart 0) at PC 0x80000000: 0x00000000
               53000: Illegal instruction (hart 0) at PC 0x80000000: 0x00000000
               61000: Illegal instruction (hart 0) at PC 0x80000000: 0x00000000
               69000: Illegal instruction (hart 0) at PC 0x80000000: 0x00000000
               78000: Illegal instruction (hart 0) at PC 0x80000000: 0x00000000
               87000: Illegal instruction (hart 0) at PC 0x80000000: 0x00000000
               95000: Illegal instruction (hart 0) at PC 0x80000000: 0x00000000
              102000: Illegal instruction (hart 0) at PC 0x80000000: 0x00000000
              113000: Illegal instruction (hart 0) at PC 0x80000000: 0x00000000
              121000: Illegal instruction (hart 0) at PC 0x80000000: 0x00000000
              129000: Illegal instruction (hart 0) at PC 0x80000000: 0x00000000
              140000: Illegal instruction (hart 0) at PC 0x80000000: 0x00000000
              146000: Illegal instruction (hart 0) at PC 0x80000000: 0x00000000
              154000: Illegal instruction (hart 0) at PC 0x80000000: 0x00000000
              161000: Illegal instruction (hart 0) at PC 0x80000000: 0x00000000
              170000: Illegal instruction (hart 0) at PC 0x80000000: 0x00000000
              175000: Illegal instruction (hart 0) at PC 0x80000000: 0x00000000
              184000: Illegal instruction (hart 0) at PC 0x80000000: 0x00000000
              192000: Illegal instruction (hart 0) at PC 0x80000000: 0x00000000
              200000: Illegal instruction (hart 0) at PC 0x80000000: 0x00000000
              209000: Illegal instruction (hart 0) at PC 0x80000000: 0x00000000
              216000: Illegal instruction (hart 0) at PC 0x80000000: 0x00000000
              223000: Illegal instruction (hart 0) at PC 0x80000000: 0x00000000
              231000: Illegal instruction (hart 0) at PC 0x80000000: 0x00000000
              238000: Illegal instruction (hart 0) at PC 0x80000000: 0x00000000
              243000: Illegal instruction (hart 0) at PC 0x80000000: 0x00000000
              253000: Illegal instruction (hart 0) at PC 0x80000000: 0x00000000
              265000: Illegal instruction (hart 0) at PC 0x80000000: 0x00000000
              272000: Illegal instruction (hart 0) at PC 0x80000000: 0x00000000
              280000: Illegal instruction (hart 0) at PC 0x80000000: 0x00000000
              290000: Illegal instruction (hart 0) at PC 0x80000000: 0x00000000
              299000: Illegal instruction (hart 0) at PC 0x80000000: 0x00000000
              308000: Illegal instruction (hart 0) at PC 0x80000000: 0x00000000
              318000: Illegal instruction (hart 0) at PC 0x80000000: 0x00000000
              326000: Illegal instruction (hart 0) at PC 0x80000000: 0x00000000
              332000: Illegal instruction (hart 0) at PC 0x80000000: 0x00000000
              339000: Illegal instruction (hart 0) at PC 0x80000000: 0x00000000
              349000: Illegal instruction (hart 0) at PC 0x80000000: 0x00000000
              356000: Illegal instruction (hart 0) at PC 0x80000000: 0x00000000
              361000: Illegal instruction (hart 0) at PC 0x80000000: 0x00000000
              368000: Illegal instruction (hart 0) at PC 0x80000000: 0x00000000
              375000: Illegal instruction (hart 0) at PC 0x80000000: 0x00000000
              384000: Illegal instruction (hart 0) at PC 0x80000000: 0x00000000
              392000: Illegal instruction (hart 0) at PC 0x80000000: 0x00000000
              399000: Illegal instruction (hart 0) at PC 0x80000000: 0x00000000
              410000: Illegal instruction (hart 0) at PC 0x80000000: 0x00000000
              419000: Illegal instruction (hart 0) at PC 0x80000000: 0x00000000
              427000: Illegal instruction (hart 0) at PC 0x80000000: 0x00000000
              435000: Illegal instruction (hart 0) at PC 0x80000000: 0x00000000
              443000: Illegal instruction (hart 0) at PC 0x80000000: 0x00000000
              451000: Illegal instruction (hart 0) at PC 0x80000000: 0x00000000
              461000: Illegal instruction (hart 0) at PC 0x80000000: 0x00000000
              469000: Illegal instruction (hart 0) at PC 0x80000000: 0x00000000
              480000: Illegal instruction (hart 0) at PC 0x80000000: 0x00000000
              490000: Illegal instruction (hart 0) at PC 0x80000000: 0x00000000
              500000: Illegal instruction (hart 0) at PC 0x80000000: 0x00000000
              509000: Illegal instruction (hart 0) at PC 0x80000000: 0x00000000
              521000: Illegal instruction (hart 0) at PC 0x80000000: 0x00000000
              528000: Illegal instruction (hart 0) at PC 0x80000000: 0x00000000
              537000: Illegal instruction (hart 0) at PC 0x80000000: 0x00000000
              544000: Illegal instruction (hart 0) at PC 0x80000000: 0x00000000
              550000: Illegal instruction (hart 0) at PC 0x80000000: 0x00000000
              559000: Illegal instruction (hart 0) at PC 0x80000000: 0x00000000
              568000: Illegal instruction (hart 0) at PC 0x80000000: 0x00000000
              575000: Illegal instruction (hart 0) at PC 0x80000000: 0x00000000
              582000: Illegal instruction (hart 0) at PC 0x80000000: 0x00000000
              592000: Illegal instruction (hart 0) at PC 0x80000000: 0x00000000
              604000: Illegal instruction (hart 0) at PC 0x80000000: 0x00000000
              614000: Illegal instruction (hart 0) at PC 0x80000000: 0x00000000
              623000: Illegal instruction (hart 0) at PC 0x80000000: 0x00000000
              633000: Illegal instruction (hart 0) at PC 0x80000000: 0x00000000
              641000: Illegal instruction (hart 0) at PC 0x80000000: 0x00000000
              648000: Illegal instruction (hart 0) at PC 0x80000000: 0x00000000
              656000: Illegal instruction (hart 0) at PC 0x80000000: 0x00000000
              664000: Illegal instruction (hart 0) at PC 0x80000000: 0x00000000
              672000: Illegal instruction (hart 0) at PC 0x80000000: 0x00000000
              677000: Illegal instruction (hart 0) at PC 0x80000000: 0x00000000
              686000: Illegal instruction (hart 0) at PC 0x80000000: 0x00000000
              695000: Illegal instruction (hart 0) at PC 0x80000000: 0x00000000
              705000: Illegal instruction (hart 0) at PC 0x80000000: 0x00000000
              714000: Illegal instruction (hart 0) at PC 0x80000000: 0x00000000
              721000: Illegal instruction (hart 0) at PC 0x80000000: 0x00000000
              727000: Illegal instruction (hart 0) at PC 0x80000000: 0x00000000
              735000: Illegal instruction (hart 0) at PC 0x80000000: 0x00000000
              742000: Illegal instruction (hart 0) at PC 0x80000000: 0x00000000
              751000: Illegal instruction (hart 0) at PC 0x80000000: 0x00000000
              761000: Illegal instruction (hart 0) at PC 0x80000000: 0x00000000
              771000: Illegal instruction (hart 0) at PC 0x80000000: 0x00000000
              780000: Illegal instruction (hart 0) at PC 0x80000000: 0x00000000
              786000: Illegal instruction (hart 0) at PC 0x80000000: 0x00000000
              795000: Illegal instruction (hart 0) at PC 0x80000000: 0x00000000
              802000: Illegal instruction (hart 0) at PC 0x80000000: 0x00000000
              809000: Illegal instruction (hart 0) at PC 0x80000000: 0x00000000
              818000: Illegal instruction (hart 0) at PC 0x80000000: 0x00000000
              825000: Illegal instruction (hart 0) at PC 0x80000000: 0x00000000
              830000: Illegal instruction (hart 0) at PC 0x80000000: 0x00000000
              836000: Illegal instruction (hart 0) at PC 0x80000000: 0x00000000
              845000: Illegal instruction (hart 0) at PC 0x80000000: 0x00000000
              852000: Illegal instruction (hart 0) at PC 0x80000000: 0x00000000
              861000: Illegal instruction (hart 0) at PC 0x80000000: 0x00000000
              870000: Illegal instruction (hart 0) at PC 0x80000000: 0x00000000
              876000: Illegal instruction (hart 0) at PC 0x80000000: 0x00000000
              885000: Illegal instruction (hart 0) at PC 0x80000000: 0x00000000
              893000: Illegal instruction (hart 0) at PC 0x80000000: 0x00000000
              900000: Illegal instruction (hart 0) at PC 0x80000000: 0x00000000
              906000: Illegal instruction (hart 0) at PC 0x80000000: 0x00000000
              912000: Illegal instruction (hart 0) at PC 0x80000000: 0x00000000
              919000: Illegal instruction (hart 0) at PC 0x80000000: 0x00000000
              927000: Illegal instruction (hart 0) at PC 0x80000000: 0x00000000
              939000: Illegal instruction (hart 0) at PC 0x80000000: 0x00000000
              948000: Illegal instruction (hart 0) at PC 0x80000000: 0x00000000
              956000: Illegal instruction (hart 0) at PC 0x80000000: 0x00000000
              964000: Illegal instruction (hart 0) at PC 0x80000000: 0x00000000
              972000: Illegal instruction (hart 0) at PC 0x80000000: 0x00000000
              983000: Illegal instruction (hart 0) at PC 0x80000000: 0x00000000
              992000: Illegal instruction (hart 0) at PC 0x80000000: 0x00000000
              998000: Illegal instruction (hart 0) at PC 0x80000000: 0x00000000
             1007000: Illegal instruction (hart 0) at PC 0x80000000: 0x00000000
             1016000: Illegal instruction (hart 0) at PC 0x80000000: 0x00000000
             1022000: Illegal instruction (hart 0) at PC 0x80000000: 0x00000000
             1032000: Illegal instruction (hart 0) at PC 0x80000000: 0x00000000
             1038000: Illegal instruction (hart 0) at PC 0x80000000: 0x00000000
             1046000: Illegal instruction (hart 0) at PC 0x80000000: 0x00000000
             1056000: Illegal instruction (hart 0) at PC 0x80000000: 0x00000000
             1063000: Illegal instruction (hart 0) at PC 0x80000000: 0x00000000
             1070000: Illegal instruction (hart 0) at PC 0x80000000: 0x00000000
             1078000: Illegal instruction (hart 0) at PC 0x80000000: 0x00000000
             1087000: Illegal instruction (hart 0) at PC 0x80000000: 0x00000000
             1094000: Illegal instruction (hart 0) at PC 0x80000000: 0x00000000
             1100000: Illegal instruction (hart 0) at PC 0x80000000: 0x00000000
             1108000: Illegal instruction (hart 0) at PC 0x80000000: 0x00000000
             1119000: Illegal instruction (hart 0) at PC 0x80000000: 0x00000000
             1126000: Illegal instruction (hart 0) at PC 0x80000000: 0x00000000
             1132000: Illegal instruction (hart 0) at PC 0x80000000: 0x00000000
             1141000: Illegal instruction (hart 0) at PC 0x80000000: 0x00000000
             1149000: Illegal instruction (hart 0) at PC 0x80000000: 0x00000000
             1157000: Illegal instruction (hart 0) at PC 0x80000000: 0x00000000
             1165000: Illegal instruction (hart 0) at PC 0x80000000: 0x00000000
             1175000: Illegal instruction (hart 0) at PC 0x80000000: 0x00000000
             1183000: Illegal instruction (hart 0) at PC 0x80000000: 0x00000000
             1190000: Illegal instruction (hart 0) at PC 0x80000000: 0x00000000
             1197000: Illegal instruction (hart 0) at PC 0x80000000: 0x00000000
             1204000: Illegal instruction (hart 0) at PC 0x80000000: 0x00000000
             1214000: Illegal instruction (hart 0) at PC 0x80000000: 0x00000000
             1222000: Illegal instruction (hart 0) at PC 0x80000000: 0x00000000
             1231000: Illegal instruction (hart 0) at PC 0x80000000: 0x00000000
             1239000: Illegal instruction (hart 0) at PC 0x80000000: 0x00000000
             1248000: Illegal instruction (hart 0) at PC 0x80000000: 0x00000000
             1257000: Illegal instruction (hart 0) at PC 0x80000000: 0x00000000
             1264000: Illegal instruction (hart 0) at PC 0x80000000: 0x00000000
             1270000: Illegal instruction (hart 0) at PC 0x80000000: 0x00000000
             1281000: Illegal instruction (hart 0) at PC 0x80000000: 0x00000000
             1289000: Illegal instruction (hart 0) at PC 0x80000000: 0x00000000
             1298000: Illegal instruction (hart 0) at PC 0x80000000: 0x00000000
             1306000: Illegal instruction (hart 0) at PC 0x80000000: 0x00000000
             1314000: Illegal instruction (hart 0) at PC 0x80000000: 0x00000000
             1325000: Illegal instruction (hart 0) at PC 0x80000000: 0x00000000
             1333000: Illegal instruction (hart 0) at PC 0x80000000: 0x00000000
             1341000: Illegal instruction (hart 0) at PC 0x80000000: 0x00000000
             1349000: Illegal instruction (hart 0) at PC 0x80000000: 0x00000000
             1356000: Illegal instruction (hart 0) at PC 0x80000000: 0x00000000
             1365000: Illegal instruction (hart 0) at PC 0x80000000: 0x00000000
             1372000: Illegal instruction (hart 0) at PC 0x80000000: 0x00000000
             1378000: Illegal instruction (hart 0) at PC 0x80000000: 0x00000000
             1385000: Illegal instruction (hart 0) at PC 0x80000000: 0x00000000
             1390000: Illegal instruction (hart 0) at PC 0x80000000: 0x00000000
             1398000: Illegal instruction (hart 0) at PC 0x80000000: 0x00000000
             1407000: Illegal instruction (hart 0) at PC 0x80000000: 0x00000000
             1417000: Illegal instruction (hart 0) at PC 0x80000000: 0x00000000
             1427000: Illegal instruction (hart 0) at PC 0x80000000: 0x00000000
             1435000: Illegal instruction (hart 0) at PC 0x80000000: 0x00000000
             1441000: Illegal instruction (hart 0) at PC 0x80000000: 0x00000000
             1449000: Illegal instruction (hart 0) at PC 0x80000000: 0x00000000
             1458000: Illegal instruction (hart 0) at PC 0x80000000: 0x00000000
             1467000: Illegal instruction (hart 0) at PC 0x80000000: 0x00000000
             1473000: Illegal instruction (hart 0) at PC 0x80000000: 0x00000000
             1483000: Illegal instruction (hart 0) at PC 0x80000000: 0x00000000
             1490000: Illegal instruction (hart 0) at PC 0x80000000: 0x00000000
             1497000: Illegal instruction (hart 0) at PC 0x80000000: 0x00000000
             1505000: Illegal instruction (hart 0) at PC 0x80000000: 0x00000000
             1515000: Illegal instruction (hart 0) at PC 0x80000000: 0x00000000
             1523000: Illegal instruction (hart 0) at PC 0x80000000: 0x00000000
             1533000: Illegal instruction (hart 0) at PC 0x80000000: 0x00000000
             1542000: Illegal instruction (hart 0) at PC 0x80000000: 0x00000000
             1549000: Illegal instruction (hart 0) at PC 0x80000000: 0x00000000
             1558000: Illegal instruction (hart 0) at PC 0x80000000: 0x00000000
             1567000: Illegal instruction (hart 0) at PC 0x80000000: 0x00000000
             1577000: Illegal instruction (hart 0) at PC 0x80000000: 0x00000000
             1586000: Illegal instruction (hart 0) at PC 0x80000000: 0x00000000
             1592000: Illegal instruction (hart 0) at PC 0x80000000: 0x00000000
             1599000: Illegal instruction (hart 0) at PC 0x80000000: 0x00000000
             1607000: Illegal instruction (hart 0) at PC 0x80000000: 0x00000000
             1615000: Illegal instruction (hart 0) at PC 0x80000000: 0x00000000
             1625000: Illegal instruction (hart 0) at PC 0x80000000: 0x00000000
             1632000: Illegal instruction (hart 0) at PC 0x80000000: 0x00000000
             1639000: Illegal instruction (hart 0) at PC 0x80000000: 0x00000000
             1647000: Illegal instruction (hart 0) at PC 0x80000000: 0x00000000
             1654000: Illegal instruction (hart 0) at PC 0x80000000: 0x00000000
             1663000: Illegal instruction (hart 0) at PC 0x80000000: 0x00000000
             1670000: Illegal instruction (hart 0) at PC 0x80000000: 0x00000000
             1679000: Illegal instruction (hart 0) at PC 0x80000000: 0x00000000
             1687000: Illegal instruction (hart 0) at PC 0x80000000: 0x00000000
             1694000: Illegal instruction (hart 0) at PC 0x80000000: 0x00000000
             1704000: Illegal instruction (hart 0) at PC 0x80000000: 0x00000000
             1716000: Illegal instruction (hart 0) at PC 0x80000000: 0x00000000
             1723000: Illegal instruction (hart 0) at PC 0x80000000: 0x00000000
             1731000: Illegal instruction (hart 0) at PC 0x80000000: 0x00000000
             1739000: Illegal instruction (hart 0) at PC 0x80000000: 0x00000000
             1749000: Illegal instruction (hart 0) at PC 0x80000000: 0x00000000
             1757000: Illegal instruction (hart 0) at PC 0x80000000: 0x00000000
             1765000: Illegal instruction (hart 0) at PC 0x80000000: 0x00000000
             1773000: Illegal instruction (hart 0) at PC 0x80000000: 0x00000000
             1781000: Illegal instruction (hart 0) at PC 0x80000000: 0x00000000
             1790000: Illegal instruction (hart 0) at PC 0x80000000: 0x00000000
             1797000: Illegal instruction (hart 0) at PC 0x80000000: 0x00000000
             1804000: Illegal instruction (hart 0) at PC 0x80000000: 0x00000000
             1813000: Illegal instruction (hart 0) at PC 0x80000000: 0x00000000
             1821000: Illegal instruction (hart 0) at PC 0x80000000: 0x00000000
             1828000: Illegal instruction (hart 0) at PC 0x80000000: 0x00000000
             1835000: Illegal instruction (hart 0) at PC 0x80000000: 0x00000000
             1845000: Illegal instruction (hart 0) at PC 0x80000000: 0x00000000
             1853000: Illegal instruction (hart 0) at PC 0x80000000: 0x00000000
             1863000: Illegal instruction (hart 0) at PC 0x80000000: 0x00000000
             1870000: Illegal instruction (hart 0) at PC 0x80000000: 0x00000000
             1877000: Illegal instruction (hart 0) at PC 0x80000000: 0x00000000
             1885000: Illegal instruction (hart 0) at PC 0x80000000: 0x00000000
             1893000: Illegal instruction (hart 0) at PC 0x80000000: 0x00000000
             1903000: Illegal instruction (hart 0) at PC 0x80000000: 0x00000000
             1911000: Illegal instruction (hart 0) at PC 0x80000000: 0x00000000
             1919000: Illegal instruction (hart 0) at PC 0x80000000: 0x00000000
             1927000: Illegal instruction (hart 0) at PC 0x80000000: 0x00000000
             1935000: Illegal instruction (hart 0) at PC 0x80000000: 0x00000000
             1941000: Illegal instruction (hart 0) at PC 0x80000000: 0x00000000
             1948000: Illegal instruction (hart 0) at PC 0x80000000: 0x00000000
             1955000: Illegal instruction (hart 0) at PC 0x80000000: 0x00000000
             1962000: Illegal instruction (hart 0) at PC 0x80000000: 0x00000000
             1970000: Illegal instruction (hart 0) at PC 0x80000000: 0x00000000
             1981000: Illegal instruction (hart 0) at PC 0x80000000: 0x00000000
             1991000: Illegal instruction (hart 0) at PC 0x80000000: 0x00000000
             2000000: Illegal instruction (hart 0) at PC 0x80000000: 0x00000000
             2011000: Illegal instruction (hart 0) at PC 0x80000000: 0x00000000
             2018000: Illegal instruction (hart 0) at PC 0x80000000: 0x00000000
             2027000: Illegal instruction (hart 0) at PC 0x80000000: 0x00000000
             2038000: Illegal instruction (hart 0) at PC 0x80000000: 0x00000000
             2047000: Illegal instruction (hart 0) at PC 0x80000000: 0x00000000
             2052000: Illegal instruction (hart 0) at PC 0x80000000: 0x00000000
             2063000: Illegal instruction (hart 0) at PC 0x80000000: 0x00000000
             2072000: Illegal instruction (hart 0) at PC 0x80000000: 0x00000000
             2079000: Illegal instruction (hart 0) at PC 0x80000000: 0x00000000
             2085000: Illegal instruction (hart 0) at PC 0x80000000: 0x00000000
             2093000: Illegal instruction (hart 0) at PC 0x80000000: 0x00000000
             2102000: Illegal instruction (hart 0) at PC 0x80000000: 0x00000000
             2112000: Illegal instruction (hart 0) at PC 0x80000000: 0x00000000
             2118000: Illegal instruction (hart 0) at PC 0x80000000: 0x00000000
             2124000: Illegal instruction (hart 0) at PC 0x80000000: 0x00000000
             2133000: Illegal instruction (hart 0) at PC 0x80000000: 0x00000000
             2141000: Illegal instruction (hart 0) at PC 0x80000000: 0x00000000
             2147000: Illegal instruction (hart 0) at PC 0x80000000: 0x00000000
             2158000: Illegal instruction (hart 0) at PC 0x80000000: 0x00000000
             2164000: Illegal instruction (hart 0) at PC 0x80000000: 0x00000000
             2170000: Illegal instruction (hart 0) at PC 0x80000000: 0x00000000
             2177000: Illegal instruction (hart 0) at PC 0x80000000: 0x00000000
             2186000: Illegal instruction (hart 0) at PC 0x80000000: 0x00000000
             2192000: Illegal instruction (hart 0) at PC 0x80000000: 0x00000000
             2200000: Illegal instruction (hart 0) at PC 0x80000000: 0x00000000
             2209000: Illegal instruction (hart 0) at PC 0x80000000: 0x00000000
             2217000: Illegal instruction (hart 0) at PC 0x80000000: 0x00000000
             2223000: Illegal instruction (hart 0) at PC 0x80000000: 0x00000000
             2231000: Illegal instruction (hart 0) at PC 0x80000000: 0x00000000
             2239000: Illegal instruction (hart 0) at PC 0x80000000: 0x00000000
             2247000: Illegal instruction (hart 0) at PC 0x80000000: 0x00000000
             2254000: Illegal instruction (hart 0) at PC 0x80000000: 0x00000000
             2262000: Illegal instruction (hart 0) at PC 0x80000000: 0x00000000
             2268000: Illegal instruction (hart 0) at PC 0x80000000: 0x00000000
             2275000: Illegal instruction (hart 0) at PC 0x80000000: 0x00000000
             2281000: Illegal instruction (hart 0) at PC 0x80000000: 0x00000000
             2288000: Illegal instruction (hart 0) at PC 0x80000000: 0x00000000
             2297000: Illegal instruction (hart 0) at PC 0x80000000: 0x00000000
             2303000: Illegal instruction (hart 0) at PC 0x80000000: 0x00000000
             2311000: Illegal instruction (hart 0) at PC 0x80000000: 0x00000000
             2320000: Illegal instruction (hart 0) at PC 0x80000000: 0x00000000
             2328000: Illegal instruction (hart 0) at PC 0x80000000: 0x00000000
             2335000: Illegal instruction (hart 0) at PC 0x80000000: 0x00000000
             2346000: Illegal instruction (hart 0) at PC 0x80000000: 0x00000000
             2355000: Illegal instruction (hart 0) at PC 0x80000000: 0x00000000
             2365000: Illegal instruction (hart 0) at PC 0x80000000: 0x00000000
             2373000: Illegal instruction (hart 0) at PC 0x80000000: 0x00000000
             2383000: Illegal instruction (hart 0) at PC 0x80000000: 0x00000000
             2390000: Illegal instruction (hart 0) at PC 0x80000000: 0x00000000
             2397000: Illegal instruction (hart 0) at PC 0x80000000: 0x00000000
             2404000: Illegal instruction (hart 0) at PC 0x80000000: 0x00000000
             2413000: Illegal instruction (hart 0) at PC 0x80000000: 0x00000000
             2421000: Illegal instruction (hart 0) at PC 0x80000000: 0x00000000
             2427000: Illegal instruction (hart 0) at PC 0x80000000: 0x00000000
             2434000: Illegal instruction (hart 0) at PC 0x80000000: 0x00000000
             2441000: Illegal instruction (hart 0) at PC 0x80000000: 0x00000000
             2446000: Illegal instruction (hart 0) at PC 0x80000000: 0x00000000
             2456000: Illegal instruction (hart 0) at PC 0x80000000: 0x00000000
             2464000: Illegal instruction (hart 0) at PC 0x80000000: 0x00000000
             2472000: Illegal instruction (hart 0) at PC 0x80000000: 0x00000000
             2480000: Illegal instruction (hart 0) at PC 0x80000000: 0x00000000
             2488000: Illegal instruction (hart 0) at PC 0x80000000: 0x00000000
             2498000: Illegal instruction (hart 0) at PC 0x80000000: 0x00000000
             2507000: Illegal instruction (hart 0) at PC 0x80000000: 0x00000000
             2515000: Illegal instruction (hart 0) at PC 0x80000000: 0x00000000
             2521000: Illegal instruction (hart 0) at PC 0x80000000: 0x00000000
             2528000: Illegal instruction (hart 0) at PC 0x80000000: 0x00000000
             2536000: Illegal instruction (hart 0) at PC 0x80000000: 0x00000000
             2543000: Illegal instruction (hart 0) at PC 0x80000000: 0x00000000
             2549000: Illegal instruction (hart 0) at PC 0x80000000: 0x00000000
             2560000: Illegal instruction (hart 0) at PC 0x80000000: 0x00000000
             2569000: Illegal instruction (hart 0) at PC 0x80000000: 0x00000000
             2578000: Illegal instruction (hart 0) at PC 0x80000000: 0x00000000
             2586000: Illegal instruction (hart 0) at PC 0x80000000: 0x00000000
             2596000: Illegal instruction (hart 0) at PC 0x80000000: 0x00000000
             2605000: Illegal instruction (hart 0) at PC 0x80000000: 0x00000000
             2612000: Illegal instruction (hart 0) at PC 0x80000000: 0x00000000
             2620000: Illegal instruction (hart 0) at PC 0x80000000: 0x00000000
             2627000: Illegal instruction (hart 0) at PC 0x80000000: 0x00000000
             2636000: Illegal instruction (hart 0) at PC 0x80000000: 0x00000000
             2644000: Illegal instruction (hart 0) at PC 0x80000000: 0x00000000
             2651000: Illegal instruction (hart 0) at PC 0x80000000: 0x00000000
             2659000: Illegal instruction (hart 0) at PC 0x80000000: 0x00000000
             2667000: Illegal instruction (hart 0) at PC 0x80000000: 0x00000000
             2675000: Illegal instruction (hart 0) at PC 0x80000000: 0x00000000
             2686000: Illegal instruction (hart 0) at PC 0x80000000: 0x00000000
             2693000: Illegal instruction (hart 0) at PC 0x80000000: 0x00000000
             2699000: Illegal instruction (hart 0) at PC 0x80000000: 0x00000000
             2709000: Illegal instruction (hart 0) at PC 0x80000000: 0x00000000
             2718000: Illegal instruction (hart 0) at PC 0x80000000: 0x00000000
             2726000: Illegal instruction (hart 0) at PC 0x80000000: 0x00000000
             2736000: Illegal instruction (hart 0) at PC 0x80000000: 0x00000000
             2741000: Illegal instruction (hart 0) at PC 0x80000000: 0x00000000
             2748000: Illegal instruction (hart 0) at PC 0x80000000: 0x00000000
             2754000: Illegal instruction (hart 0) at PC 0x80000000: 0x00000000
             2763000: Illegal instruction (hart 0) at PC 0x80000000: 0x00000000
             2771000: Illegal instruction (hart 0) at PC 0x80000000: 0x00000000
             2780000: Illegal instruction (hart 0) at PC 0x80000000: 0x00000000
             2789000: Illegal instruction (hart 0) at PC 0x80000000: 0x00000000
             2797000: Illegal instruction (hart 0) at PC 0x80000000: 0x00000000
             2806000: Illegal instruction (hart 0) at PC 0x80000000: 0x00000000
             2813000: Illegal instruction (hart 0) at PC 0x80000000: 0x00000000
             2819000: Illegal instruction (hart 0) at PC 0x80000000: 0x00000000
             2826000: Illegal instruction (hart 0) at PC 0x80000000: 0x00000000
             2833000: Illegal instruction (hart 0) at PC 0x80000000: 0x00000000
             2841000: Illegal instruction (hart 0) at PC 0x80000000: 0x00000000
             2850000: Illegal instruction (hart 0) at PC 0x80000000: 0x00000000
             2859000: Illegal instruction (hart 0) at PC 0x80000000: 0x00000000
             2870000: Illegal instruction (hart 0) at PC 0x80000000: 0x00000000
             2881000: Illegal instruction (hart 0) at PC 0x80000000: 0x00000000
             2892000: Illegal instruction (hart 0) at PC 0x80000000: 0x00000000
             2901000: Illegal instruction (hart 0) at PC 0x80000000: 0x00000000
             2912000: Illegal instruction (hart 0) at PC 0x80000000: 0x00000000
             2920000: Illegal instruction (hart 0) at PC 0x80000000: 0x00000000
             2926000: Illegal instruction (hart 0) at PC 0x80000000: 0x00000000
             2933000: Illegal instruction (hart 0) at PC 0x80000000: 0x00000000
             2944000: Illegal instruction (hart 0) at PC 0x80000000: 0x00000000
             2954000: Illegal instruction (hart 0) at PC 0x80000000: 0x00000000
             2964000: Illegal instruction (hart 0) at PC 0x80000000: 0x00000000
             2971000: Illegal instruction (hart 0) at PC 0x80000000: 0x00000000
             2979000: Illegal instruction (hart 0) at PC 0x80000000: 0x00000000
             2987000: Illegal instruction (hart 0) at PC 0x80000000: 0x00000000
             2994000: Illegal instruction (hart 0) at PC 0x80000000: 0x00000000
Fatal: "dv/auto_dv/tb/gen_tb_top.sv", 251: gen_tb_top.unnamed$$_1: at time 29995000 ps
GEN_ALIVE_TIMEOUT: Python never set the alive bit within 3000 cycles
$finish called from file "dv/auto_dv/tb/gen_tb_top.sv", line 251.
$finish at simulation time              2999500
"dv/auto_dv/tb/gen_bus_if.sv", 49: gen_tb_top.u_dbus_if.cov_rvalid_legal, 2999 attempts, 0 match
"dv/auto_dv/tb/gen_bus_if.sv", 49: gen_tb_top.u_ibus_if.cov_rvalid_legal, 2999 attempts, 1001 match
           V C S   S i m u l a t i o n   R e p o r t 
Time: 29995000 ps
