Info: [VCS_SAVE_RESTORE_INFO] ASLR (Address Space Layout Randomization) is detected on the machine. To enable $save functionality, ASLR will be switched off and simv re-executed.
Please use '-no_save' simv switch to avoid re-execution or '-suppress=ASLR_DETECTED_INFO' to suppress this message.
Chronologic VCS simulator copyright 1991-2025
Contains Synopsys proprietary information.
Compiler version X-2025.06-SP2_Full64; Runtime version X-2025.06-SP2_Full64;  Sep  3 03:49 2026
     -.--ns INFO     gpi                                ..mbed/gpi_embed.cpp:108  in set_program_name_in_venv        Using Python virtual environment interpreter at /localdev/fzhang/ws/ibex-challenge/.venv/bin/python
     -.--ns INFO     gpi                                ../gpi/GpiCommon.cpp:101  in gpi_print_registered_impl       VPI registered
     0.00ns INFO     cocotb                             Running on Chronologic Simulation VCS Release version X-2025.06-SP2_Full64
     0.00ns INFO     cocotb                             Running tests with cocotb v1.9.2 from /localdev/fzhang/ws/ibex-challenge/.venv/lib/python3.12/site-packages/cocotb
     0.00ns INFO     cocotb                             Seeding Python random module with supplied seed 1
     0.00ns INFO     cocotb.regression                  pytest not found, install it to enable better AssertionError messages
     0.00ns INFO     cocotb.regression                  Found test dv.auto_dv.gen_tb.gen_tests.gen_ut_bridge.gen_ut_bridge
     0.00ns INFO     cocotb.regression                  running gen_ut_bridge (1/1)
GEN_CONFIG_BANNER build_config=opentitan
GEN_CONFIG_BANNER BaseIsa=BaseIsaRV32IorCHERIoT RV32M=RV32MSingleCycle RV32B=RV32BOTEarlGrey RV32ZC=RV32ZcaZcbZcmp RegFile=RegFileFF
GEN_CONFIG_BANNER RV32E=0 BranchTargetALU=1 WritebackStage=1 ICache=1 ICacheECC=1 ICacheScramble=1
GEN_CONFIG_BANNER BranchPredictor=0 DbgTriggerEn=1 DbgHwBreakNum=1 SecureIbex=1
GEN_CONFIG_BANNER PMPEnable=1 PMPGranularity=0 PMPNumRegions=16 MHPMCounterNum=10 MHPMCounterWidth=32
GEN_CONFIG_BANNER RegFileECC=0 ResetAll=1 DummyInstructions=1 MemECC=1 ICacheTweakInfection=1
GEN_CONFIG_BANNER MemDataWidth=39 RegFileDataWidth=32 RegFileCapEccWidth=35 BusSizeECC=39 TagSizeECC=28 LineSizeECC=78
GEN_CONFIG_BANNER DmBaseAddr=0x1a110000 DmAddrMask=0x00000fff DmHaltAddr=0x1a110800 DmExceptionAddr=0x1a110808
GEN_CONFIG_BANNER CsrMvendorId=0x00000000 CsrMimpId=0x00000000 cheriot_enable=Off rf_test_en=0
GEN_CONFIG_BANNER RndCnstLfsrSeed=0xac533bf4 RndCnstLfsrPerm=0x1e35ecba467fd1b12e958152c04fa43878a8daed
GEN_CONFIG_BANNER PMPRstCfg/PMPRstAddr/PMPRstMsecCfg=ibex_pkg::PmpCfgRst/PmpAddrRst/PmpMseccfgRst (ibex_core defaults, all regions OFF)
GEN_CONFIG_BANNER RVFI=1
GEN_CONFIG_BANNER GEN_DUT_SPLIT_INTG=0
UVM_INFO @ 0: reporter [RNTST] Running test gen_base_test...
GEN_CONFIG_BANNER tb=gen_tb_top uvm_test=gen_base_test seed=1 build_config=opentitan pinned_knobs=0 regime_sched=derived
GEN_CONFIG_BANNER define SIMULATION=0 (F-DIT-025)
GEN_CONFIG_BANNER define COCOTB_SIM=1 (cocotb-master run)
GEN_CONFIG_BANNER alive_timeout=100000 finish_timeout=20000 mem_image=none tohost=none
GEN_CONFIG_BANNER knobs imem gnt=short rvalid=short err=none intg=none cap=cap8 dmem gnt=short rvalid=short err=none intg=none key=immediate icram_init=random
UVM_WARNING dv/auto_dv/env/gen_env_pkg.sv(126) @ 0: uvm_test_top.env [MEM_LOAD] no +gen_mem_image: the core fetches zeros from RAM (bring-up only)
UVM_INFO dv/auto_dv/env/gen_env_pkg.sv(146) @ 0: uvm_test_top.env [GEN_ENV] ibus: ibus gnt=1..3(short) rvalid=1..3(short) cap=8(cap8) err=0/1000(none) intg=0/1000(none)x1
UVM_INFO dv/auto_dv/env/gen_env_pkg.sv(147) @ 0: uvm_test_top.env [GEN_ENV] dbus: dbus gnt=1..3(short) rvalid=1..3(short) cap=2(cap2) err=0/1000(none) intg=0/1000(none)x1
     5.00ns INFO     cocotb.gen_tb_top                  GEN_BRIDGE started: listener armed, stim_active=1
UVM_ERROR dv/auto_dv/env/gen_env_pkg.sv(84) @ 5500: uvm_test_top.env.dispatch [GEN_CMD_DISPATCH] command REGIME_SET has no consumer yet
               12000: Illegal instruction (hart 0) at PC 0x80000080: 0x00000000
               19000: Illegal instruction (hart 0) at PC 0x80000000: 0x00000000
               26000: Illegal instruction (hart 0) at PC 0x80000000: 0x00000000
               34000: Illegal instruction (hart 0) at PC 0x80000000: 0x00000000
               43000: Illegal instruction (hart 0) at PC 0x80000000: 0x00000000
               52000: Illegal instruction (hart 0) at PC 0x80000000: 0x00000000
               60000: Illegal instruction (hart 0) at PC 0x80000000: 0x00000000
               67000: Illegal instruction (hart 0) at PC 0x80000000: 0x00000000
               74000: Illegal instruction (hart 0) at PC 0x80000000: 0x00000000
   775.00ns INFO     cocotb.gen_tb_top                  GEN_UT_BRIDGE cycles 1 -> 52 -> 73, consumed 6
UVM_INFO dv/auto_dv/env/gen_env_pkg.sv(245) @ 77500: uvm_test_top [GEN_BASE_TEST] finish_req seen at cycle 73, commands consumed 6, retired 9
UVM_INFO /tools_vendor/synopsys/vcs/X-2025.06-SP2/etc/uvm-1.2/base/uvm_objection.svh(1276) @ 77500: reporter [TEST_DONE] 'run' phase is ready to proceed to the 'extract' phase
UVM_INFO dv/auto_dv/env/gen_agents_pkg.sv(321) @ 77500: uvm_test_top.env.dbus_agent [gen_bus_agent] dbus gnt=1..3(short) rvalid=1..3(short) cap=2(cap2) err=0/1000(none) intg=0/1000(none)x1: grants=0 responses=0 injected_err=0 injected_intg=0
UVM_INFO dv/auto_dv/env/gen_agents_pkg.sv(321) @ 77500: uvm_test_top.env.ibus_agent [gen_bus_agent] ibus gnt=1..3(short) rvalid=1..3(short) cap=8(cap8) err=0/1000(none) intg=0/1000(none)x1: grants=23 responses=22 injected_err=0 injected_intg=0
UVM_INFO dv/auto_dv/env/gen_env_pkg.sv(160) @ 77500: uvm_test_top.env [GEN_ENV] mem: 0 words, 0 mmio writes, 0 unmapped accesses; eot stores 0 (last code 0x00000000); sig writes 0; key requests 0; commands routed 5 ignored 1
   775.00ns INFO     cocotb.gen_tb_top                  GEN_BRIDGE finished: 6 commands sent and consumed, 9 retirements counted
   775.00ns INFO     cocotb.gen_tb_top                  GEN_UT_BRIDGE_PASS
UVM_INFO /tools_vendor/synopsys/vcs/X-2025.06-SP2/etc/uvm-1.2/base/uvm_report_server.svh(904) @ 77500: reporter [UVM/REPORT/SERVER] 
--- UVM Report Summary ---

** Report counts by severity
UVM_INFO :    8
UVM_WARNING :    1
UVM_ERROR :    1
UVM_FATAL :    0
** Report counts by id
[GEN_BASE_TEST]     1
[GEN_CMD_DISPATCH]     1
[GEN_ENV]     3
[MEM_LOAD]     1
[RNTST]     1
[TEST_DONE]     1
[gen_bus_agent]     2

   775.01ns INFO     cocotb.regression                  gen_ut_bridge passed
   775.01ns INFO     cocotb.regression                  *****************************************************************************************************************
                                                        ** TEST                                                     STATUS  SIM TIME (ns)  REAL TIME (s)  RATIO (ns/s) **
                                                        *****************************************************************************************************************
                                                        ** dv.auto_dv.gen_tb.gen_tests.gen_ut_bridge.gen_ut_bridge   PASS         775.01           0.02      31468.14  **
                                                        *****************************************************************************************************************
                                                        ** TESTS=1 PASS=1 FAIL=0 SKIP=0                                           775.01           0.03      28377.37  **
                                                        *****************************************************************************************************************
                                                        
$finish at simulation time                77501
"dv/auto_dv/tb/gen_bus_if.sv", 49: gen_tb_top.u_dbus_if.cov_rvalid_legal, 78 attempts, 0 match
"dv/auto_dv/tb/gen_bus_if.sv", 49: gen_tb_top.u_ibus_if.cov_rvalid_legal, 78 attempts, 22 match
           V C S   S i m u l a t i o n   R e p o r t 
Time: 775010 ps
CPU Time:      0.290 seconds;       Data structure size:   8.7Mb
Thu Sep  3 03:49:16 2026
