Command: /localdev/fzhang/ws/ibex-challenge/dv/auto_dv/work/tb-infra/out_1b/vcs_simv +vcs+lic+wait +ntb_random_seed=1 +UVM_TESTNAME=gen_base_test +UVM_VERBOSITY=UVM_LOW +UVM_NO_RELNOTES +gen_build_config=opentitan +gen_alive_timeout=3000 -l /localdev/fzhang/ws/ibex-challenge/dv/auto_dv/work/tb-infra/out_1b/neg_noalive/sim.log
Chronologic VCS simulator copyright 1991-2025
Contains Synopsys proprietary information.
Compiler version X-2025.06-SP2_Full64; Runtime version X-2025.06-SP2_Full64;  Sep  3 03:33 2026
GEN_CONFIG_BANNER build_config=opentitan
GEN_CONFIG_BANNER BaseIsa=BaseIsaRV32IorCHERIoT RV32M=RV32MSingleCycle RV32B=RV32BOTEarlGrey RV32ZC=RV32ZcaZcbZcmp RegFile=RegFileFF
GEN_CONFIG_BANNER RV32E=0 BranchTargetALU=1 WritebackStage=1 ICache=1 ICacheECC=1 ICacheScramble=1
GEN_CONFIG_BANNER BranchPredictor=0 DbgTriggerEn=1 DbgHwBreakNum=1 SecureIbex=1
GEN_CONFIG_BANNER PMPEnable=1 PMPGranularity=0 PMPNumRegions=16 MHPMCounterNum=10 MHPMCounterWidth=32
GEN_CONFIG_BANNER RegFileECC=0 ResetAll=1 DummyInstructions=1 MemECC=1 ICacheTweakInfection=1
GEN_CONFIG_BANNER MemDataWidth=39 RegFileDataWidth=32 RegFileCapEccWidth=35 BusSizeECC=39 TagSizeECC=28 LineSizeECC=78
GEN_CONFIG_BANNER DmBaseAddr=0x1a110000 DmAddrMask=0x00000fff DmHaltAddr=0x1a110800 DmExceptionAddr=0x1a110808
GEN_CONFIG_BANNER CsrMvendorId=0x00000000 CsrMimpId=0x00000000 cheriot_enable=Off rf_test_en=0
GEN_CONFIG_BANNER RndCnstLfsrSeed=0xac533bf4 RndCnstLfsrPerm=0x1e35ecba467fd1b12e958152c04fa43878a8daed
GEN_CONFIG_BANNER PMPRstCfg/PMPRstAddr/PMPRstMsecCfg=ibex_pkg::PmpCfgRst/PmpAddrRst/PmpMseccfgRst (ibex_core defaults, all regions OFF)
GEN_CONFIG_BANNER RVFI=1
GEN_CONFIG_BANNER GEN_DUT_SPLIT_INTG=0
UVM_INFO @ 0: reporter [RNTST] Running test gen_base_test...
GEN_CONFIG_BANNER tb=gen_tb_top uvm_test=gen_base_test seed=1 build_config=opentitan pinned_knobs=0 regime_sched=derived
GEN_CONFIG_BANNER define SIMULATION=0 (F-DIT-025)
GEN_CONFIG_BANNER define COCOTB_SIM=1 (cocotb-master run)
GEN_CONFIG_BANNER alive_timeout=3000 finish_timeout=20000 mem_image=none
Fatal: "dv/auto_dv/tb/gen_tb_top.sv", 186: gen_tb_top.unnamed$$_1: at time 29995000 ps
GEN_ALIVE_TIMEOUT: Python never set the alive bit within 3000 cycles
$finish called from file "dv/auto_dv/tb/gen_tb_top.sv", line 186.
$finish at simulation time              2999500
           V C S   S i m u l a t i o n   R e p o r t 
Time: 29995000 ps
